Archive member included because of file (symbol)

c:/program files (x86)/emblocks/2.20/share/em_armgcc/bin/../lib/gcc/arm-none-eabi/4.7.3/../../../../arm-none-eabi/lib/armv7e-m/fpu\libstdc++_n.a(pointer_type_info.o)
                              obj\release\src\main.o (vtable for __cxxabiv1::__pointer_type_info)
c:/program files (x86)/emblocks/2.20/share/em_armgcc/bin/../lib/gcc/arm-none-eabi/4.7.3/../../../../arm-none-eabi/lib/armv7e-m/fpu\libstdc++_n.a(class_type_info.o)
                              obj\release\src\main.o (vtable for __cxxabiv1::__class_type_info)
c:/program files (x86)/emblocks/2.20/share/em_armgcc/bin/../lib/gcc/arm-none-eabi/4.7.3/../../../../arm-none-eabi/lib/armv7e-m/fpu\libstdc++_n.a(atexit_arm.o)
                              obj\release\custom\menu.o (__aeabi_atexit)
c:/program files (x86)/emblocks/2.20/share/em_armgcc/bin/../lib/gcc/arm-none-eabi/4.7.3/../../../../arm-none-eabi/lib/armv7e-m/fpu\libstdc++_n.a(eh_arm.o)
                              obj\release\automation\lighting.o (__cxa_end_cleanup)
c:/program files (x86)/emblocks/2.20/share/em_armgcc/bin/../lib/gcc/arm-none-eabi/4.7.3/../../../../arm-none-eabi/lib/armv7e-m/fpu\libstdc++_n.a(eh_terminate.o)
                              c:/program files (x86)/emblocks/2.20/share/em_armgcc/bin/../lib/gcc/arm-none-eabi/4.7.3/../../../../arm-none-eabi/lib/armv7e-m/fpu\libstdc++_n.a(eh_arm.o) (std::terminate())
c:/program files (x86)/emblocks/2.20/share/em_armgcc/bin/../lib/gcc/arm-none-eabi/4.7.3/../../../../arm-none-eabi/lib/armv7e-m/fpu\libstdc++_n.a(eh_catch.o)
                              obj\release\src\main.o (__cxa_begin_catch)
c:/program files (x86)/emblocks/2.20/share/em_armgcc/bin/../lib/gcc/arm-none-eabi/4.7.3/../../../../arm-none-eabi/lib/armv7e-m/fpu\libstdc++_n.a(eh_term_handler.o)
                              c:/program files (x86)/emblocks/2.20/share/em_armgcc/bin/../lib/gcc/arm-none-eabi/4.7.3/../../../../arm-none-eabi/lib/armv7e-m/fpu\libstdc++_n.a(eh_terminate.o) (__cxxabiv1::__terminate_handler)
c:/program files (x86)/emblocks/2.20/share/em_armgcc/bin/../lib/gcc/arm-none-eabi/4.7.3/../../../../arm-none-eabi/lib/armv7e-m/fpu\libstdc++_n.a(fundamental_type_info.o)
                              c:/program files (x86)/emblocks/2.20/share/em_armgcc/bin/../lib/gcc/arm-none-eabi/4.7.3/../../../../arm-none-eabi/lib/armv7e-m/fpu\libstdc++_n.a(pointer_type_info.o) (typeinfo for void)
c:/program files (x86)/emblocks/2.20/share/em_armgcc/bin/../lib/gcc/arm-none-eabi/4.7.3/../../../../arm-none-eabi/lib/armv7e-m/fpu\libstdc++_n.a(si_class_type_info.o)
                              c:/program files (x86)/emblocks/2.20/share/em_armgcc/bin/../lib/gcc/arm-none-eabi/4.7.3/../../../../arm-none-eabi/lib/armv7e-m/fpu\libstdc++_n.a(pointer_type_info.o) (vtable for __cxxabiv1::__si_class_type_info)
c:/program files (x86)/emblocks/2.20/share/em_armgcc/bin/../lib/gcc/arm-none-eabi/4.7.3/../../../../arm-none-eabi/lib/armv7e-m/fpu\libstdc++_n.a(eh_exception.o)
                              c:/program files (x86)/emblocks/2.20/share/em_armgcc/bin/../lib/gcc/arm-none-eabi/4.7.3/../../../../arm-none-eabi/lib/armv7e-m/fpu\libstdc++_n.a(eh_arm.o) (typeinfo for __cxxabiv1::__forced_unwind)
c:/program files (x86)/emblocks/2.20/share/em_armgcc/bin/../lib/gcc/arm-none-eabi/4.7.3/../../../../arm-none-eabi/lib/armv7e-m/fpu\libstdc++_n.a(pbase_type_info.o)
                              c:/program files (x86)/emblocks/2.20/share/em_armgcc/bin/../lib/gcc/arm-none-eabi/4.7.3/../../../../arm-none-eabi/lib/armv7e-m/fpu\libstdc++_n.a(pointer_type_info.o) (__cxxabiv1::__pbase_type_info::~__pbase_type_info())
c:/program files (x86)/emblocks/2.20/share/em_armgcc/bin/../lib/gcc/arm-none-eabi/4.7.3/../../../../arm-none-eabi/lib/armv7e-m/fpu\libstdc++_n.a(tinfo.o)
                              c:/program files (x86)/emblocks/2.20/share/em_armgcc/bin/../lib/gcc/arm-none-eabi/4.7.3/../../../../arm-none-eabi/lib/armv7e-m/fpu\libstdc++_n.a(class_type_info.o) (std::type_info::~type_info())
c:/program files (x86)/emblocks/2.20/share/em_armgcc/bin/../lib/gcc/arm-none-eabi/4.7.3/../../../../arm-none-eabi/lib/armv7e-m/fpu\libstdc++_n.a(eh_globals.o)
                              c:/program files (x86)/emblocks/2.20/share/em_armgcc/bin/../lib/gcc/arm-none-eabi/4.7.3/../../../../arm-none-eabi/lib/armv7e-m/fpu\libstdc++_n.a(eh_catch.o) (__cxa_get_globals_fast)
c:/program files (x86)/emblocks/2.20/share/em_armgcc/bin/../lib/gcc/arm-none-eabi/4.7.3/../../../../arm-none-eabi/lib/armv7e-m/fpu\libstdc++_n.a(function_type_info.o)
                              obj\release\src\main.o (vtable for __cxxabiv1::__function_type_info)
c:/program files (x86)/emblocks/2.20/share/em_armgcc/bin/../lib/gcc/arm-none-eabi/4.7.3/../../../../arm-none-eabi/lib/armv7e-m/fpu\libstdc++_n.a(pure.o)
[...]
Memory Configuration

Name             Origin             Length             Attributes
ROM              0x08000000         0x000e0000         xr
EEPROM           0x080e0000         0x00020000         xr
RAM              0x20000000         0x00020000         xrw
CCRAM            0x10000000         0x00010000         xrw
*default*        0x00000000         0xffffffff

Linker script and memory map

LOAD c:/program files (x86)/emblocks/2.20/share/em_armgcc/bin/../lib/gcc/arm-none-eabi/4.7.3/armv7e-m/fpu/crti.o
LOAD c:/program files (x86)/emblocks/2.20/share/em_armgcc/bin/../lib/gcc/arm-none-eabi/4.7.3/armv7e-m/fpu/crtbegin.o
LOAD c:/program files (x86)/emblocks/2.20/share/em_armgcc/bin/../lib/gcc/arm-none-eabi/4.7.3/../../../../arm-none-eabi/lib/armv7e-m/fpu/crt0.o
                0x00000000                __HEAP_SIZE = 0x0
                0x00000400                __STACK_SIZE = 0x400

.eeprom         0x080e0000        0x0
 *(.eeprom*)
 .eeprom        0x080e0000        0x0 obj\release\src\main.o

.text           0x08000000    0x1de90
 *(.isr_vector)
 .isr_vector    0x08000000      0x188 obj\release\src\startup_stm32f4xx.o
                0x08000000                __isr_vector
 *(.text*)
 .text          0x08000188       0x54 c:/program files (x86)/emblocks/2.20/share/em_armgcc/bin/../lib/gcc/arm-none-eabi/4.7.3/armv7e-m/fpu/crtbegin.o
 .text          0x080001dc       0x70 c:/program files (x86)/emblocks/2.20/share/em_armgcc/bin/../lib/gcc/arm-none-eabi/4.7.3/../../../../arm-none-eabi/lib/armv7e-m/fpu/crt0.o
                0x080001dc                _start
                0x080001dc                start
                0x080001dc                _mainCRTStartup
 .text._ZN5Blind7setTypeE9BlindType
                0x0800024c        0x4 obj\release\automation\blinds.o
                0x0800024c                Blind::setType(BlindType)
 .text._ZN5Blind9setBoundsEiii
                0x08000250       0x54 obj\release\automation\blinds.o
                0x08000250                Blind::setBounds(int, int, int)
 .text._ZN5Blind11getPositionEb
                0x080002a4        0x4 obj\release\automation\blinds.o
                0x080002a4                Blind::getPosition(bool)
 .text._ZN5Blind12enableOutputEb
                0x080002a8       0x50 obj\release\automation\blinds.o
                0x080002a8                Blind::enableOutput(bool)
 .text._ZN5Blind11setPositionEi
                0x080002f8       0xb4 obj\release\automation\blinds.o
                0x080002f8                Blind::setPosition(int)
 .text._ZN5Blind11toggleStateEi
                0x080003ac       0x68 obj\release\automation\blinds.o
                0x080003ac                Blind::toggleState(int)
 .text._ZN5Blind8getStateEv
                0x08000414        0x4 obj\release\automation\blinds.o
                0x08000414                Blind::getState()
 .text._ZN5Blind10setChannelE12BlindChannel
                0x08000418        0x4 obj\release\automation\blinds.o
                0x08000418                Blind::setChannel(BlindChannel)
 .text._ZN5Blind15initLocalBlindsEv
                0x0800041c       0xf8 obj\release\automation\blinds.o
                0x0800041c                Blind::initLocalBlinds()
 .text._ZN5Blind7setNameEPKc
                0x08000514       0x14 obj\release\automation\blinds.o
                0x08000514                Blind::setName(char const*)
 .text._ZN5Blind7getNameEv
                0x08000528        0x4 obj\release\automation\blinds.o
                0x08000528                Blind::getName()
 .text._ZN5Blind13calculateHashEv
                0x0800052c       0x30 obj\release\automation\blinds.o
                0x0800052c                Blind::calculateHash()
 .text._ZN5Light11setTypeKakuEct
                0x0800055c       0x2c obj\release\automation\lighting.o
                0x0800055c                Light::setTypeKaku(char, unsigned short)
 .text._ZN5Light7setNameEPKc
                0x08000588       0x14 obj\release\automation\lighting.o
                0x08000588                Light::setName(char const*)
 .text._ZN5Light7getNameEv
                0x0800059c        0x4 obj\release\automation\lighting.o
                0x0800059c                Light::getName()
 .text._ZN5Light7getTypeEv
                0x080005a0        0x4 obj\release\automation\lighting.o
                0x080005a0                Light::getType()
 .text._ZN5Light4isOnEv
                0x080005a4        0x4 obj\release\automation\lighting.o
                0x080005a4                Light::isOn()
 .text._ZN5Light5onOffEb
                0x080005a8       0x30 obj\release\automation\lighting.o
                0x080005a8                Light::onOff(bool)
 .text._ZN5Light13calculateHashEv
                0x080005d8       0x30 obj\release\automation\lighting.o
                0x080005d8                Light::calculateHash()
 .text._ZN12RemoteButton16getEventTypeNameEv
                0x08000608       0x20 obj\release\automation\remote.o
                0x08000608                RemoteButton::getEventTypeName()
 .text._ZN18InternalTempSensor14initTempSensorEv
                0x08000628       0x70 obj\release\automation\tempsensor.o
                0x08000628                InternalTempSensor::initTempSensor()
 .text._ZN18InternalTempSensor11measureTempEb
                0x08000698       0xc8 obj\release\automation\tempsensor.o
                0x08000698                InternalTempSensor::measureTemp(bool)
 .text._ZN18InternalTempSensor7getTempEb
                0x08000760       0x54 obj\release\automation\tempsensor.o
                0x08000760                InternalTempSensor::getTemp(bool)
 .text._ZNSt8functionIFvvEED2Ev
                0x080007b4       0x14 obj\release\custom\menu.o
                0x080007b4                std::function<void ()>::~function()
                0x080007b4                std::function<void ()>::~function()
 .text._ZN5Label4getXEv
                0x080007c8        0x4 obj\release\custom\menu.o
                0x080007c8                Label::getX()
 .text._ZN5Label4getYEv
                0x080007cc        0x4 obj\release\custom\menu.o
                0x080007cc                Label::getY()
 .text._ZN5Label12clearCurrentEv
                0x080007d0       0x28 obj\release\custom\menu.o
                0x080007d0                Label::clearCurrent()
 .text._ZN5Label14setNeedsUpdateEv
                0x080007f8        0x8 obj\release\custom\menu.o
                0x080007f8                Label::setNeedsUpdate()
 .text._ZN5Label4drawEv
                0x08000800       0x28 obj\release\custom\menu.o
                0x08000800                Label::draw()
 .text._ZN5Label11setPositionEtt
                0x08000828       0x20 obj\release\custom\menu.o
                0x08000828                Label::setPosition(unsigned short, unsigned short)
 .text._ZN5Label7setTextEPKc
                0x08000848       0x34 obj\release\custom\menu.o
                0x08000848                Label::setText(char const*)
 .text._ZN5Label9setHiddenEb
                0x0800087c       0x1c obj\release\custom\menu.o
                0x0800087c                Label::setHidden(bool)
 .text._ZN5LabelC2EttPKctt
                0x08000898       0x40 obj\release\custom\menu.o
                0x08000898                Label::Label(unsigned short, unsigned short, char const*, unsigned short, unsigned short)
                0x08000898                Label::Label(unsigned short, unsigned short, char const*, unsigned short, unsigned short)
 .text._ZN10MenuOption13selectionDrawEv
                0x080008d8       0x38 obj\release\custom\menu.o
                0x080008d8                MenuOption::selectionDraw()
 .text._ZN10MenuOption11setSelectedEb
                0x08000910        0x8 obj\release\custom\menu.o
                0x08000910                MenuOption::setSelected(bool)
 .text._ZN10MenuOption4drawEv
                0x08000918       0x14 obj\release\custom\menu.o
                0x08000918                MenuOption::draw()
 .text._ZN10MenuOption18setOnClickListenerESt8functionIFvvEE
                0x0800092c       0x6c obj\release\custom\menu.o
                0x0800092c                MenuOption::setOnClickListener(std::function<void ()>)
 .text._ZN10MenuOption9doOnClickEv
                0x08000998       0x10 obj\release\custom\menu.o
                0x08000998                MenuOption::doOnClick()
 .text._ZN19IndicatorMenuOption13indicatorDrawEv
                0x080009a8       0x40 obj\release\custom\menu.o
                0x080009a8                IndicatorMenuOption::indicatorDraw()
 .text._ZN19IndicatorMenuOption4drawEv
                0x080009e8       0x14 obj\release\custom\menu.o
                0x080009e8                IndicatorMenuOption::draw()
 .text._ZN19IndicatorMenuOption5setOnEb
                0x080009fc        0x8 obj\release\custom\menu.o
                0x080009fc                IndicatorMenuOption::setOn(bool)
 .text._ZN21ProgressBarMenuOption12progressDrawEv
                0x08000a04       0x7c obj\release\custom\menu.o
                0x08000a04                ProgressBarMenuOption::progressDraw()
 .text._ZN21ProgressBarMenuOption11setProgressEi
                0x08000a80        0x8 obj\release\custom\menu.o
                0x08000a80                ProgressBarMenuOption::setProgress(int)
 .text._ZN21ProgressBarMenuOption9setMinMaxEii
                0x08000a88        0x8 obj\release\custom\menu.o
                0x08000a88                ProgressBarMenuOption::setMinMax(int, int)
 .text._ZN21ProgressBarMenuOption16setProgressColorEt
                0x08000a90        0x8 obj\release\custom\menu.o
                0x08000a90                ProgressBarMenuOption::setProgressColor(unsigned short)
 .text._ZN4Menu15initInputMethodEv
                0x08000a98      0x178 obj\release\custom\menu.o
                0x08000a98                Menu::initInputMethod()
 .text._ZN4Menu14calculateTurnsEv
                0x08000c10       0x80 obj\release\custom\menu.o
                0x08000c10                Menu::calculateTurns()
 .text._ZN4Menu18calculateNiceTurnsEv
                0x08000c90       0x48 obj\release\custom\menu.o
                0x08000c90                Menu::calculateNiceTurns()
 .text._ZN4Menu14clearRightMenuEv
                0x08000cd8       0x28 obj\release\custom\menu.o
                0x08000cd8                Menu::clearRightMenu()
 .text._ZN4Menu10clearTitleEv
                0x08000d00       0x18 obj\release\custom\menu.o
                0x08000d00                Menu::clearTitle()
 .text._ZN4Menu9clearMenuEv
                0x08000d18       0x64 obj\release\custom\menu.o
                0x08000d18                Menu::clearMenu()
 .text._ZN4Menu10clearPopupEv
                0x08000d7c       0x40 obj\release\custom\menu.o
                0x08000d7c                Menu::clearPopup()
 .text._ZN4Menu14displayLoadingEv
                0x08000dbc       0x3c obj\release\custom\menu.o
                0x08000dbc                Menu::displayLoading()
 .text._ZNSt12_Destroy_auxILb0EE9__destroyIP10MenuOptionEEvT_S4_
                0x08000df8       0xfc obj\release\custom\menu.o
                0x08000df8                void std::_Destroy_aux<false>::__destroy<MenuOption*>(MenuOption*, MenuOption*)
 .text._ZN10MenuOptionD2Ev
                0x08000ef4       0x28 obj\release\custom\menu.o
                0x08000ef4                MenuOption::~MenuOption()
                0x08000ef4                MenuOption::~MenuOption()
 .text._ZNSt6vectorI10MenuOptionSaIS0_EED2Ev
                0x08000f1c       0x54 obj\release\custom\menu.o
                0x08000f1c                std::vector<MenuOption, std::allocator<MenuOption> >::~vector()
                0x08000f1c                std::vector<MenuOption, std::allocator<MenuOption> >::~vector()
 .text._ZN10MenuOptionC2EttPKctt
                0x08000f70       0x74 obj\release\custom\menu.o
                0x08000f70                MenuOption::MenuOption(unsigned short, unsigned short, char const*, unsigned short, unsigned short)
                0x08000f70                MenuOption::MenuOption(unsigned short, unsigned short, char const*, unsigned short, unsigned short)
 .text._ZN21ProgressBarMenuOptionC2EttPKctt
                0x08000fe4       0x58 obj\release\custom\menu.o
                0x08000fe4                ProgressBarMenuOption::ProgressBarMenuOption(unsigned short, unsigned short, char const*, unsigned short, unsigned short)
                0x08000fe4                ProgressBarMenuOption::ProgressBarMenuOption(unsigned short, unsigned short, char const*, unsigned short, unsigned short)
 .text._ZN19IndicatorMenuOptionC2EttPKctt
                0x0800103c       0x6c obj\release\custom\menu.o
                0x0800103c                IndicatorMenuOption::IndicatorMenuOption(unsigned short, unsigned short, char const*, unsigned short, unsigned short)
                0x0800103c                IndicatorMenuOption::IndicatorMenuOption(unsigned short, unsigned short, char const*, unsigned short, unsigned short)
 .text.startup._GLOBAL__sub_I__ZN4Menu5turnsE
                0x080010a8       0x28 obj\release\custom\menu.o
 .text.init_TIM4
                0x080010d0       0x40 obj\release\custom\essentials.o
                0x080010d0                init_TIM4
 .text.delay_micro
                0x08001110       0x20 obj\release\custom\essentials.o
                0x08001110                delay_micro
 .text.delay    0x08001130        0xc obj\release\custom\essentials.o
                0x08001130                delay
 .text.millis   0x0800113c       0x1c obj\release\custom\essentials.o
                0x0800113c                millis
 .text.micros   0x08001158        0x8 obj\release\custom\essentials.o
                0x08001158                micros
 .text.init_essentials_time
                0x08001160        0x4 obj\release\custom\essentials.o
                0x08001160                init_essentials_time
 .text.SPI_Transfer
                0x08001164       0x48 obj\release\custom\tm_stm32f4_ili9341.o
                0x08001164                SPI_Transfer
 .text.TM_ILI9341_SendCommand
                0x080011ac       0x34 obj\release\custom\tm_stm32f4_ili9341.o
                0x080011ac                TM_ILI9341_SendCommand
 .text.TM_ILI9341_SendData
                0x080011e0       0x34 obj\release\custom\tm_stm32f4_ili9341.o
                0x080011e0                TM_ILI9341_SendData
 .text.TM_ILI9341_InitLCD
                0x08001214      0x268 obj\release\custom\tm_stm32f4_ili9341.o
                0x08001214                TM_ILI9341_InitLCD
 .text.TM_ILI9341_SetCursorPosition
                0x0800147c       0x4c obj\release\custom\tm_stm32f4_ili9341.o
                0x0800147c                TM_ILI9341_SetCursorPosition
 .text.TM_ILI9341_DrawPixel
                0x080014c8       0x24 obj\release\custom\tm_stm32f4_ili9341.o
                0x080014c8                TM_ILI9341_DrawPixel
 .text.TM_ILI9341_Fill
                0x080014ec       0x40 obj\release\custom\tm_stm32f4_ili9341.o
                0x080014ec                TM_ILI9341_Fill
 .text.TM_ILI9341_Init
                0x0800152c      0x14c obj\release\custom\tm_stm32f4_ili9341.o
                0x0800152c                TM_ILI9341_Init
 .text.TM_ILI9341_Rotate
                0x08001678       0x64 obj\release\custom\tm_stm32f4_ili9341.o
                0x08001678                TM_ILI9341_Rotate
 .text.TM_ILI9341_Putc
                0x080016dc       0xac obj\release\custom\tm_stm32f4_ili9341.o
                0x080016dc                TM_ILI9341_Putc
 .text.TM_ILI9341_Puts
                0x08001788       0x84 obj\release\custom\tm_stm32f4_ili9341.o
                0x08001788                TM_ILI9341_Puts
 .text.TM_ILI9341_DrawLine
                0x0800180c      0x114 obj\release\custom\tm_stm32f4_ili9341.o
                0x0800180c                TM_ILI9341_DrawLine
 .text.TM_ILI9341_DrawRectangle
                0x08001920       0x4c obj\release\custom\tm_stm32f4_ili9341.o
                0x08001920                TM_ILI9341_DrawRectangle
 .text.TM_ILI9341_DrawFilledRectangle
                0x0800196c       0x34 obj\release\custom\tm_stm32f4_ili9341.o
                0x0800196c                TM_ILI9341_DrawFilledRectangle
 .text.TM_ILI9341_DrawCircle
                0x080019a0      0x144 obj\release\custom\tm_stm32f4_ili9341.o
                0x080019a0                TM_ILI9341_DrawCircle
 .text.TM_ILI9341_DrawFilledCircle
                0x08001ae4      0x124 obj\release\custom\tm_stm32f4_ili9341.o
                0x08001ae4                TM_ILI9341_DrawFilledCircle
 .text.TM_ILI9341_DrawFilledBrokenCircle
                0x08001c08       0xac obj\release\custom\tm_stm32f4_ili9341.o
                0x08001c08                TM_ILI9341_DrawFilledBrokenCircle
 .text.vListInitialise
                0x08001cb4       0x18 obj\release\freertos\list.o
                0x08001cb4                vListInitialise
 .text.vListInitialiseItem
                0x08001ccc        0x8 obj\release\freertos\list.o
                0x08001ccc                vListInitialiseItem
 .text.vListInsertEnd
                0x08001cd4       0x18 obj\release\freertos\list.o
                0x08001cd4                vListInsertEnd
 .text.vListInsert
                0x08001cec       0x34 obj\release\freertos\list.o
                0x08001cec                vListInsert
 .text.uxListRemove
                0x08001d20       0x24 obj\release\freertos\list.o
                0x08001d20                uxListRemove
 .text.prvPortStartFirstTask
                0x08001d44       0x14 obj\release\freertos\portable\gcc\arm_cm4f\port.o
 .text.vPortEnableVFP
                0x08001d58       0x14 obj\release\freertos\portable\gcc\arm_cm4f\port.o
 .text.pxPortInitialiseStack
                0x08001d6c       0x20 obj\release\freertos\portable\gcc\arm_cm4f\port.o
                0x08001d6c                pxPortInitialiseStack
 .text.SVC_Handler
                0x08001d8c       0x1c obj\release\freertos\portable\gcc\arm_cm4f\port.o
                0x08001d8c                SVC_Handler
 .text.vPortYield
                0x08001da8       0x18 obj\release\freertos\portable\gcc\arm_cm4f\port.o
                0x08001da8                vPortYield
 .text.ulPortSetInterruptMask
                0x08001dc0       0x10 obj\release\freertos\portable\gcc\arm_cm4f\port.o
                0x08001dc0                ulPortSetInterruptMask
 .text.vPortEnterCritical
                0x08001dd0       0x20 obj\release\freertos\portable\gcc\arm_cm4f\port.o
                0x08001dd0                vPortEnterCritical
 .text.vPortClearInterruptMask
                0x08001df0        0x8 obj\release\freertos\portable\gcc\arm_cm4f\port.o
                0x08001df0                vPortClearInterruptMask
 .text.vPortExitCritical
                0x08001df8       0x14 obj\release\freertos\portable\gcc\arm_cm4f\port.o
                0x08001df8                vPortExitCritical
 .text.PendSV_Handler
                0x08001e0c       0x50 obj\release\freertos\portable\gcc\arm_cm4f\port.o
                0x08001e0c                PendSV_Handler
 .text.SysTick_Handler
                0x08001e5c       0x24 obj\release\freertos\portable\gcc\arm_cm4f\port.o
                0x08001e5c                SysTick_Handler
 .text.vPortSetupTimerInterrupt
                0x08001e80       0x34 obj\release\freertos\portable\gcc\arm_cm4f\port.o
                0x08001e80                vPortSetupTimerInterrupt
 .text.xPortStartScheduler
                0x08001eb4       0xb8 obj\release\freertos\portable\gcc\arm_cm4f\port.o
                0x08001eb4                xPortStartScheduler
 .text.vPortValidateInterruptPriority
                0x08001f6c       0x48 obj\release\freertos\portable\gcc\arm_cm4f\port.o
                0x08001f6c                vPortValidateInterruptPriority
 .text.pvPortMalloc
                0x08001fb4       0xbc obj\release\freertos\portable\memmang\heap_2.o
                0x08001fb4                pvPortMalloc
 .text.vPortFree
                0x08002070       0x44 obj\release\freertos\portable\memmang\heap_2.o
                0x08002070                vPortFree
 .text.prvUnlockQueue
                0x080020b4       0x84 obj\release\freertos\queue.o
 .text.prvCopyDataFromQueue
                0x08002138       0x28 obj\release\freertos\queue.o
 .text.prvCopyDataToQueue
                0x08002160       0x6c obj\release\freertos\queue.o
 .text.xQueueGenericReset
                0x080021cc       0x68 obj\release\freertos\queue.o
                0x080021cc                xQueueGenericReset
 .text.xQueueGenericCreate
                0x08002234       0x44 obj\release\freertos\queue.o
                0x08002234                xQueueGenericCreate
 .text.xQueueGenericSend
                0x08002278      0x128 obj\release\freertos\queue.o
                0x08002278                xQueueGenericSend
 .text.xQueueGenericSendFromISR
                0x080023a0       0x9c obj\release\freertos\queue.o
                0x080023a0                xQueueGenericSendFromISR
 .text.xQueueGenericReceive
                0x0800243c      0x148 obj\release\freertos\queue.o
                0x0800243c                xQueueGenericReceive
 .text.vQueueWaitForMessageRestricted
                0x08002584       0x40 obj\release\freertos\queue.o
                0x08002584                vQueueWaitForMessageRestricted
 .text.prvAddCurrentTaskToDelayedList
                0x080025c4       0x50 obj\release\freertos\tasks.o
 .text.xTaskGenericCreate
                0x08002614      0x1d0 obj\release\freertos\tasks.o
                0x08002614                xTaskGenericCreate
 .text.vTaskStartScheduler
                0x080027e4       0x5c obj\release\freertos\tasks.o
                0x080027e4                vTaskStartScheduler
 .text.vTaskSuspendAll
                0x08002840       0x10 obj\release\freertos\tasks.o
                0x08002840                vTaskSuspendAll
 .text.xTaskGetTickCount
                0x08002850       0x18 obj\release\freertos\tasks.o
                0x08002850                xTaskGetTickCount
 .text.uxTaskGetNumberOfTasks
                0x08002868        0xc obj\release\freertos\tasks.o
                0x08002868                uxTaskGetNumberOfTasks
 .text.xTaskIncrementTick
                0x08002874      0x144 obj\release\freertos\tasks.o
                0x08002874                xTaskIncrementTick
 .text.xTaskResumeAll
                0x080029b8       0xe4 obj\release\freertos\tasks.o
                0x080029b8                xTaskResumeAll
 .text.prvIdleTask
                0x08002a9c       0x8c obj\release\freertos\tasks.o
 .text.vTaskDelay
                0x08002b28       0x40 obj\release\freertos\tasks.o
                0x08002b28                vTaskDelay
 .text.vTaskSwitchContext
                0x08002b68       0x80 obj\release\freertos\tasks.o
                0x08002b68                vTaskSwitchContext
 .text.vTaskPlaceOnEventList
                0x08002be8       0x4c obj\release\freertos\tasks.o
                0x08002be8                vTaskPlaceOnEventList
 .text.vTaskPlaceOnEventListRestricted
                0x08002c34       0x34 obj\release\freertos\tasks.o
                0x08002c34                vTaskPlaceOnEventListRestricted
 .text.xTaskRemoveFromEventList
                0x08002c68       0x74 obj\release\freertos\tasks.o
                0x08002c68                xTaskRemoveFromEventList
 .text.vTaskSetTimeOutState
                0x08002cdc       0x20 obj\release\freertos\tasks.o
                0x08002cdc                vTaskSetTimeOutState
 .text.xTaskCheckForTimeOut
                0x08002cfc       0x60 obj\release\freertos\tasks.o
                0x08002cfc                xTaskCheckForTimeOut
 .text.vTaskMissedYield
                0x08002d5c       0x10 obj\release\freertos\tasks.o
                0x08002d5c                vTaskMissedYield
 .text.xTaskGetCurrentTaskHandle
                0x08002d6c        0xc obj\release\freertos\tasks.o
                0x08002d6c                xTaskGetCurrentTaskHandle
 .text.xTaskGetSchedulerState
                0x08002d78       0x1c obj\release\freertos\tasks.o
                0x08002d78                xTaskGetSchedulerState
 .text.vTaskPriorityInherit
                0x08002d94       0x6c obj\release\freertos\tasks.o
                0x08002d94                vTaskPriorityInherit
 .text.vTaskPriorityDisinherit
                0x08002e00       0x48 obj\release\freertos\tasks.o
                0x08002e00                vTaskPriorityDisinherit
 .text.prvCheckForValidListAndQueue
                0x08002e48       0x50 obj\release\freertos\timers.o
 .text.prvInsertTimerInActiveList
                0x08002e98       0x4c obj\release\freertos\timers.o
 .text.xTimerCreateTimerTask
                0x08002ee4       0x40 obj\release\freertos\timers.o
                0x08002ee4                xTimerCreateTimerTask
 .text.xTimerGenericCommand
                0x08002f24       0x50 obj\release\freertos\timers.o
                0x08002f24                xTimerGenericCommand
 .text.prvSwitchTimerLists.isra.1
                0x08002f74       0x80 obj\release\freertos\timers.o
 .text.prvTimerTask
                0x08002ff4      0x168 obj\release\freertos\timers.o
 .text._ZN14RemoteReceiver4initEtPFvmjE
                0x0800315c       0xa4 obj\release\rf_switch\remotereceiver.o
                0x0800315c                RemoteReceiver::init(unsigned short, void (*)(unsigned long, unsigned int))
 .text._ZN14RemoteReceiver6enableEv
                0x08003200       0x1c obj\release\rf_switch\remotereceiver.o
                0x08003200                RemoteReceiver::enable()
 .text._ZN14RemoteReceiver7disableEv
                0x0800321c       0x10 obj\release\rf_switch\remotereceiver.o
                0x0800321c                RemoteReceiver::disable()
 .text._ZN14RemoteReceiver16interruptHandlerEv
                0x0800322c      0x204 obj\release\rf_switch\remotereceiver.o
                0x0800322c                RemoteReceiver::interruptHandler()
 .text._ZN17RemoteTransmitter8initGPIOEv
                0x08003430       0x38 obj\release\rf_switch\remotetransmitter.o
                0x08003430                RemoteTransmitter::initGPIO()
 .text._ZN17RemoteTransmitter8sendCodeEmjt
                0x08003468      0x1a0 obj\release\rf_switch\remotetransmitter.o
                0x08003468                RemoteTransmitter::sendCode(unsigned long, unsigned int, unsigned short)
 .text._ZN17RemoteTransmitter12sendTelegramEm
                0x08003608       0x1c obj\release\rf_switch\remotetransmitter.o
                0x08003608                RemoteTransmitter::sendTelegram(unsigned long)
 .text._ZN15KaKuTransmitterC2Ejt
                0x08003624       0x10 obj\release\rf_switch\remotetransmitter.o
                0x08003624                KaKuTransmitter::KaKuTransmitter(unsigned int, unsigned short)
                0x08003624                KaKuTransmitter::KaKuTransmitter(unsigned int, unsigned short)
 .text._ZN15KaKuTransmitter11getTelegramEctb
                0x08003634       0x80 obj\release\rf_switch\remotetransmitter.o
                0x08003634                KaKuTransmitter::getTelegram(char, unsigned short, bool)
 .text._ZN15KaKuTransmitter10sendSignalEctb
                0x080036b4       0x10 obj\release\rf_switch\remotetransmitter.o
                0x080036b4                KaKuTransmitter::sendSignal(char, unsigned short, bool)
 .text.NVIC_Init
                0x080036c4       0x80 obj\release\spl\src\misc.o
                0x080036c4                NVIC_Init
 .text.ADC_DeInit
                0x08003744       0x1c obj\release\spl\src\stm32f4xx_adc.o
                0x08003744                ADC_DeInit
 .text.ADC_Init
                0x08003760       0x50 obj\release\spl\src\stm32f4xx_adc.o
                0x08003760                ADC_Init
 .text.ADC_CommonInit
                0x080037b0       0x2c obj\release\spl\src\stm32f4xx_adc.o
                0x080037b0                ADC_CommonInit
 .text.ADC_Cmd  0x080037dc       0x14 obj\release\spl\src\stm32f4xx_adc.o
                0x080037dc                ADC_Cmd
 .text.ADC_TempSensorVrefintCmd
                0x080037f0       0x1c obj\release\spl\src\stm32f4xx_adc.o
                0x080037f0                ADC_TempSensorVrefintCmd
 .text.ADC_RegularChannelConfig
                0x0800380c       0xa0 obj\release\spl\src\stm32f4xx_adc.o
                0x0800380c                ADC_RegularChannelConfig
 .text.ADC_SoftwareStartConv
                0x080038ac        0xc obj\release\spl\src\stm32f4xx_adc.o
                0x080038ac                ADC_SoftwareStartConv
 .text.ADC_GetConversionValue
                0x080038b8        0x8 obj\release\spl\src\stm32f4xx_adc.o
                0x080038b8                ADC_GetConversionValue
 .text.ADC_GetFlagStatus
                0x080038c0        0xc obj\release\spl\src\stm32f4xx_adc.o
                0x080038c0                ADC_GetFlagStatus
 .text.EXTI_Init
                0x080038cc       0x8c obj\release\spl\src\stm32f4xx_exti.o
                0x080038cc                EXTI_Init
 .text.EXTI_GetITStatus
                0x08003958       0x20 obj\release\spl\src\stm32f4xx_exti.o
                0x08003958                EXTI_GetITStatus
 .text.EXTI_ClearITPendingBit
                0x08003978        0xc obj\release\spl\src\stm32f4xx_exti.o
                0x08003978                EXTI_ClearITPendingBit
 .text.FLASH_Unlock
                0x08003984       0x24 obj\release\spl\src\stm32f4xx_flash.o
                0x08003984                FLASH_Unlock
 .text.FLASH_Lock
                0x080039a8       0x14 obj\release\spl\src\stm32f4xx_flash.o
                0x080039a8                FLASH_Lock
 .text.FLASH_ClearFlag
                0x080039bc        0xc obj\release\spl\src\stm32f4xx_flash.o
                0x080039bc                FLASH_ClearFlag
 .text.FLASH_GetStatus
                0x080039c8       0x38 obj\release\spl\src\stm32f4xx_flash.o
                0x080039c8                FLASH_GetStatus
 .text.FLASH_WaitForLastOperation
                0x08003a00       0x24 obj\release\spl\src\stm32f4xx_flash.o
                0x08003a00                FLASH_WaitForLastOperation
 .text.FLASH_ProgramByte
                0x08003a24       0x3c obj\release\spl\src\stm32f4xx_flash.o
                0x08003a24                FLASH_ProgramByte
 .text.FLASH_ProgramWord
                0x08003a60       0x40 obj\release\spl\src\stm32f4xx_flash.o
                0x08003a60                FLASH_ProgramWord
 .text.FLASH_EraseSector
                0x08003aa0       0x70 obj\release\spl\src\stm32f4xx_flash.o
                0x08003aa0                FLASH_EraseSector
 .text.GPIO_Init
                0x08003b10       0xb8 obj\release\spl\src\stm32f4xx_gpio.o
                0x08003b10                GPIO_Init
 .text.GPIO_SetBits
                0x08003bc8        0x4 obj\release\spl\src\stm32f4xx_gpio.o
                0x08003bc8                GPIO_SetBits
 .text.GPIO_ResetBits
                0x08003bcc        0x4 obj\release\spl\src\stm32f4xx_gpio.o
                0x08003bcc                GPIO_ResetBits
 .text.GPIO_PinAFConfig
                0x08003bd0       0x30 obj\release\spl\src\stm32f4xx_gpio.o
                0x08003bd0                GPIO_PinAFConfig
 .text.PWR_BackupAccessCmd
                0x08003c00        0xc obj\release\spl\src\stm32f4xx_pwr.o
                0x08003c00                PWR_BackupAccessCmd
 .text.RCC_LSEConfig
                0x08003c0c       0x20 obj\release\spl\src\stm32f4xx_rcc.o
                0x08003c0c                RCC_LSEConfig
 .text.RCC_GetClocksFreq
                0x08003c2c       0xb0 obj\release\spl\src\stm32f4xx_rcc.o
                0x08003c2c                RCC_GetClocksFreq
 .text.RCC_RTCCLKConfig
                0x08003cdc       0x38 obj\release\spl\src\stm32f4xx_rcc.o
                0x08003cdc                RCC_RTCCLKConfig
 .text.RCC_RTCCLKCmd
                0x08003d14        0xc obj\release\spl\src\stm32f4xx_rcc.o
                0x08003d14                RCC_RTCCLKCmd
 .text.RCC_BackupResetCmd
                0x08003d20        0xc obj\release\spl\src\stm32f4xx_rcc.o
                0x08003d20                RCC_BackupResetCmd
 .text.RCC_AHB1PeriphClockCmd
                0x08003d2c       0x1c obj\release\spl\src\stm32f4xx_rcc.o
                0x08003d2c                RCC_AHB1PeriphClockCmd
 .text.RCC_APB1PeriphClockCmd
                0x08003d48       0x1c obj\release\spl\src\stm32f4xx_rcc.o
                0x08003d48                RCC_APB1PeriphClockCmd
 .text.RCC_APB2PeriphClockCmd
                0x08003d64       0x1c obj\release\spl\src\stm32f4xx_rcc.o
                0x08003d64                RCC_APB2PeriphClockCmd
 .text.RCC_APB1PeriphResetCmd
                0x08003d80       0x1c obj\release\spl\src\stm32f4xx_rcc.o
                0x08003d80                RCC_APB1PeriphResetCmd
 .text.RCC_APB2PeriphResetCmd
                0x08003d9c       0x1c obj\release\spl\src\stm32f4xx_rcc.o
                0x08003d9c                RCC_APB2PeriphResetCmd
 .text.RCC_GetFlagStatus
                0x08003db8       0x30 obj\release\spl\src\stm32f4xx_rcc.o
                0x08003db8                RCC_GetFlagStatus
 .text.RTC_StructInit
                0x08003de8        0xc obj\release\spl\src\stm32f4xx_rtc.o
                0x08003de8                RTC_StructInit
 .text.RTC_WriteProtectionCmd
                0x08003df4       0x1c obj\release\spl\src\stm32f4xx_rtc.o
                0x08003df4                RTC_WriteProtectionCmd
 .text.RTC_EnterInitMode
                0x08003e10       0x48 obj\release\spl\src\stm32f4xx_rtc.o
                0x08003e10                RTC_EnterInitMode
 .text.RTC_Init
                0x08003e58       0x50 obj\release\spl\src\stm32f4xx_rtc.o
                0x08003e58                RTC_Init
 .text.RTC_WaitForSynchro
                0x08003ea8       0x4c obj\release\spl\src\stm32f4xx_rtc.o
                0x08003ea8                RTC_WaitForSynchro
 .text.RTC_SetTime
                0x08003ef4       0xe8 obj\release\spl\src\stm32f4xx_rtc.o
                0x08003ef4                RTC_SetTime
 .text.RTC_GetTime
                0x08003fdc       0x64 obj\release\spl\src\stm32f4xx_rtc.o
                0x08003fdc                RTC_GetTime
 .text.RTC_SetDate
                0x08004040       0xd0 obj\release\spl\src\stm32f4xx_rtc.o
                0x08004040                RTC_SetDate
 .text.RTC_GetDate
                0x08004110       0x60 obj\release\spl\src\stm32f4xx_rtc.o
                0x08004110                RTC_GetDate
 .text.RTC_SetAlarm
                0x08004170      0x10c obj\release\spl\src\stm32f4xx_rtc.o
                0x08004170                RTC_SetAlarm
 .text.RTC_AlarmCmd
                0x0800427c       0x68 obj\release\spl\src\stm32f4xx_rtc.o
                0x0800427c                RTC_AlarmCmd
 .text.RTC_ITConfig
                0x080042e4       0x4c obj\release\spl\src\stm32f4xx_rtc.o
                0x080042e4                RTC_ITConfig
 .text.RTC_GetITStatus
                0x08004330       0x34 obj\release\spl\src\stm32f4xx_rtc.o
                0x08004330                RTC_GetITStatus
 .text.RTC_ClearITPendingBit
                0x08004364       0x20 obj\release\spl\src\stm32f4xx_rtc.o
                0x08004364                RTC_ClearITPendingBit
 .text.SPI_I2S_DeInit
                0x08004384       0x70 obj\release\spl\src\stm32f4xx_spi.o
                0x08004384                SPI_I2S_DeInit
 .text.SPI_Init
                0x080043f4       0x50 obj\release\spl\src\stm32f4xx_spi.o
                0x080043f4                SPI_Init
 .text.SPI_Cmd  0x08004444       0x1c obj\release\spl\src\stm32f4xx_spi.o
                0x08004444                SPI_Cmd
 .text.SPI_I2S_ReceiveData
                0x08004460        0x8 obj\release\spl\src\stm32f4xx_spi.o
                0x08004460                SPI_I2S_ReceiveData
 .text.SPI_I2S_SendData
                0x08004468        0x4 obj\release\spl\src\stm32f4xx_spi.o
                0x08004468                SPI_I2S_SendData
 .text.SPI_I2S_GetFlagStatus
                0x0800446c        0xc obj\release\spl\src\stm32f4xx_spi.o
                0x0800446c                SPI_I2S_GetFlagStatus
 .text.SYSCFG_EXTILineConfig
                0x08004478       0x38 obj\release\spl\src\stm32f4xx_syscfg.o
                0x08004478                SYSCFG_EXTILineConfig
 .text.TIM_TimeBaseInit
                0x080044b0       0x98 obj\release\spl\src\stm32f4xx_tim.o
                0x080044b0                TIM_TimeBaseInit
 .text.TIM_SetCounter
                0x08004548        0x4 obj\release\spl\src\stm32f4xx_tim.o
                0x08004548                TIM_SetCounter
 .text.TIM_GetCounter
                0x0800454c        0x4 obj\release\spl\src\stm32f4xx_tim.o
                0x0800454c                TIM_GetCounter
 .text.TIM_Cmd  0x08004550       0x1c obj\release\spl\src\stm32f4xx_tim.o
                0x08004550                TIM_Cmd
 .text.TIM_OC1Init
                0x0800456c       0x90 obj\release\spl\src\stm32f4xx_tim.o
                0x0800456c                TIM_OC1Init
 .text.TIM_OC2Init
                0x080045fc       0x9c obj\release\spl\src\stm32f4xx_tim.o
                0x080045fc                TIM_OC2Init
 .text.TIM_OC3Init
                0x08004698       0x98 obj\release\spl\src\stm32f4xx_tim.o
                0x08004698                TIM_OC3Init
 .text.TIM_OC4Init
                0x08004730       0x74 obj\release\spl\src\stm32f4xx_tim.o
                0x08004730                TIM_OC4Init
 .text.TIM_SetCompare1
                0x080047a4        0x4 obj\release\spl\src\stm32f4xx_tim.o
                0x080047a4                TIM_SetCompare1
 .text.TIM_SetCompare2
                0x080047a8        0x4 obj\release\spl\src\stm32f4xx_tim.o
                0x080047a8                TIM_SetCompare2
 .text.TIM_SetCompare3
                0x080047ac        0x4 obj\release\spl\src\stm32f4xx_tim.o
                0x080047ac                TIM_SetCompare3
 .text.TIM_SetCompare4
                0x080047b0        0x4 obj\release\spl\src\stm32f4xx_tim.o
                0x080047b0                TIM_SetCompare4
 .text.TIM_CCxCmd
                0x080047b4       0x24 obj\release\spl\src\stm32f4xx_tim.o
                0x080047b4                TIM_CCxCmd
 .text.TIM_EncoderInterfaceConfig
                0x080047d8       0x40 obj\release\spl\src\stm32f4xx_tim.o
                0x080047d8                TIM_EncoderInterfaceConfig
 .text.USART_Init
                0x08004818       0xd8 obj\release\spl\src\stm32f4xx_usart.o
                0x08004818                USART_Init
 .text.USART_Cmd
                0x080048f0       0x1c obj\release\spl\src\stm32f4xx_usart.o
                0x080048f0                USART_Cmd
 .text.USART_SendData
                0x0800490c        0x8 obj\release\spl\src\stm32f4xx_usart.o
                0x0800490c                USART_SendData
 .text.USART_ReceiveData
                0x08004914        0x8 obj\release\spl\src\stm32f4xx_usart.o
                0x08004914                USART_ReceiveData
 .text.USART_ITConfig
                0x0800491c       0x38 obj\release\spl\src\stm32f4xx_usart.o
                0x0800491c                USART_ITConfig
 .text.USART_GetFlagStatus
                0x08004954        0xc obj\release\spl\src\stm32f4xx_usart.o
                0x08004954                USART_GetFlagStatus
 .text.USART_GetITStatus
                0x08004960       0x4c obj\release\spl\src\stm32f4xx_usart.o
                0x08004960                USART_GetITStatus
 .text.NVIC_SystemReset
                0x080049ac       0x24 obj\release\src\main.o
 .text._ZNSt17_Function_handlerIFvvEPS0_E9_M_invokeERKSt9_Any_data
                0x080049d0        0x8 obj\release\src\main.o
                0x080049d0                std::_Function_handler<void (), void (*)()>::_M_invoke(std::_Any_data const&)
 .text._ZNSt17_Function_handlerIFvvEZ11numberInputP10MenuOptioniiiP5BlindEUlvE_E9_M_invokeERKSt9_Any_data
                0x080049d8      0x160 obj\release\src\main.o
 .text._ZNSt17_Function_handlerIFvvEZ15displayDropDownPA11_KciP10MenuOptionPciEUlvE_E9_M_invokeERKSt9_Any_data
                0x08004b38      0x200 obj\release\src\main.o
 .text._ZNSt17_Function_handlerIFvvEZ26displayBlindAdjustmentMenuvEUlvE_E9_M_invokeERKSt9_Any_data
                0x08004d38       0x94 obj\release\src\main.o
 .text._Z17displayInfoScreenv
                0x08004dcc      0x2ac obj\release\src\main.o
                0x08004dcc                displayInfoScreen()
 .text._Z14vTask1FunctionPv
                0x08005078       0x28 obj\release\src\main.o
                0x08005078                vTask1Function(void*)
 .text._Z14vTask2FunctionPv
                0x080050a0      0x384 obj\release\src\main.o
                0x080050a0                vTask2Function(void*)
 .text._ZNSt14_Function_base13_Base_managerIPFvvEE10_M_managerERSt9_Any_dataRKS4_St18_Manager_operation
                0x08005424       0x28 obj\release\src\main.o
                0x08005424                std::_Function_base::_Base_manager<void (*)()>::_M_manager(std::_Any_data&, std::_Any_data const&, std::_Manager_operation)
 .text._Znwj    0x0800544c       0x20 obj\release\src\main.o
                0x0800544c                operator new(unsigned int)
 .text._ZNSt8functionIFvvEEC2IZ22drawLightSettingsPopupvEUlvE_EET_NSt9enable_ifIXntsrSt11is_integralIS4_E5valueENS1_8_UselessEE4typeE
                0x0800546c       0x54 obj\release\src\main.o
 .text._ZNSt8functionIFvvEEC2IZ22drawBlindSettingsPopupvEUlvE_EET_NSt9enable_ifIXntsrSt11is_integralIS4_E5valueENS1_8_UselessEE4typeE
                0x080054c0       0x54 obj\release\src\main.o
 .text._Z17drawRemoteButtonsv
                0x08005514       0xec obj\release\src\main.o
                0x08005514                drawRemoteButtons()
 .text._ZNSt8functionIFvvEEC2IZ10drawLightsvEUlvE_EET_NSt9enable_ifIXntsrSt11is_integralIS4_E5valueENS1_8_UselessEE4typeE
                0x08005600       0x54 obj\release\src\main.o
 .text._ZdlPv   0x08005654       0x20 obj\release\src\main.o
                0x08005654                operator delete(void*)
 .text._ZNSt14_Function_base13_Base_managerIZ17displayActionMenuvEUlvE_E10_M_managerERSt9_Any_dataRKS3_St18_Manager_operation
                0x08005674       0x3c obj\release\src\main.o
 .text._ZNSt14_Function_base13_Base_managerIZ17displayActionMenuvEUlvE0_E10_M_managerERSt9_Any_dataRKS3_St18_Manager_operation
                0x080056b0       0x40 obj\release\src\main.o
 .text._ZNSt14_Function_base13_Base_managerIZ17displayActionMenuvEUlvE1_E10_M_managerERSt9_Any_dataRKS3_St18_Manager_operation
                0x080056f0       0x40 obj\release\src\main.o
 .text._ZNSt14_Function_base13_Base_managerIZ19drawAdjustTempPopupvEUlvE_E10_M_managerERSt9_Any_dataRKS3_St18_Manager_operation
                0x08005730       0x40 obj\release\src\main.o
 .text._ZNSt14_Function_base13_Base_managerIZ19drawAdjustTempPopupvEUlvE0_E10_M_managerERSt9_Any_dataRKS3_St18_Manager_operation
                0x08005770       0x3c obj\release\src\main.o
 .text._ZNSt14_Function_base13_Base_managerIZ23drawActionSettingsPopupvEUlvE_E10_M_managerERSt9_Any_dataRKS3_St18_Manager_operation
                0x080057ac       0x40 obj\release\src\main.o
 .text._ZNSt14_Function_base13_Base_managerIZ23drawActionSettingsPopupvEUlvE0_E10_M_managerERSt9_Any_dataRKS3_St18_Manager_operation
                0x080057ec       0x40 obj\release\src\main.o
 .text._ZNSt14_Function_base13_Base_managerIZ23drawActionSettingsPopupvEUlvE1_E10_M_managerERSt9_Any_dataRKS3_St18_Manager_operation
                0x0800582c       0x40 obj\release\src\main.o
 .text._ZNSt14_Function_base13_Base_managerIZ23drawActionSettingsPopupvEUlvE2_E10_M_managerERSt9_Any_dataRKS3_St18_Manager_operation
                0x0800586c       0x40 obj\release\src\main.o
 .text._ZNSt14_Function_base13_Base_managerIZ23drawActionSettingsPopupvEUlvE3_E10_M_managerERSt9_Any_dataRKS3_St18_Manager_operation
                0x080058ac       0x40 obj\release\src\main.o
 .text._ZNSt14_Function_base13_Base_managerIZ23drawActionSettingsPopupvEUlvE4_E10_M_managerERSt9_Any_dataRKS3_St18_Manager_operation
                0x080058ec       0x40 obj\release\src\main.o
 .text._ZNSt14_Function_base13_Base_managerIZ23drawActionSettingsPopupvEUlvE5_E10_M_managerERSt9_Any_dataRKS3_St18_Manager_operation
                0x0800592c       0x40 obj\release\src\main.o
 .text._ZNSt14_Function_base13_Base_managerIZ23drawActionSettingsPopupvEUlvE6_E10_M_managerERSt9_Any_dataRKS3_St18_Manager_operation
                0x0800596c       0x3c obj\release\src\main.o
 .text._ZNSt14_Function_base13_Base_managerIZ23displayWifiSettingsMenuvEUlvE_E10_M_managerERSt9_Any_dataRKS3_St18_Manager_operation
                0x080059a8       0x3c obj\release\src\main.o
 .text._ZNSt14_Function_base13_Base_managerIZ22drawServerSettingsMenuvEUlvE_E10_M_managerERSt9_Any_dataRKS3_St18_Manager_operation
                0x080059e4       0x40 obj\release\src\main.o
 .text._ZNSt14_Function_base13_Base_managerIZ22drawServerSettingsMenuvEUlvE0_E10_M_managerERSt9_Any_dataRKS3_St18_Manager_operation
                0x08005a24       0x40 obj\release\src\main.o
 .text._ZNSt14_Function_base13_Base_managerIZ22drawServerSettingsMenuvEUlvE1_E10_M_managerERSt9_Any_dataRKS3_St18_Manager_operation
                0x08005a64       0x40 obj\release\src\main.o
 .text._ZNSt14_Function_base13_Base_managerIZ22drawServerSettingsMenuvEUlvE2_E10_M_managerERSt9_Any_dataRKS3_St18_Manager_operation
                0x08005aa4       0x3c obj\release\src\main.o
 .text._ZNSt14_Function_base13_Base_managerIZ22drawServerSettingsMenuvEUlvE3_E10_M_managerERSt9_Any_dataRKS3_St18_Manager_operation
                0x08005ae0       0x3c obj\release\src\main.o
 .text._ZNSt14_Function_base13_Base_managerIZ22drawConnectToWifiPopupvEUlvE_E10_M_managerERSt9_Any_dataRKS3_St18_Manager_operation
                0x08005b1c       0x40 obj\release\src\main.o
 .text._ZNSt14_Function_base13_Base_managerIZ22drawConnectToWifiPopupvEUlvE0_E10_M_managerERSt9_Any_dataRKS3_St18_Manager_operation
                0x08005b5c       0x40 obj\release\src\main.o
 .text._ZNSt14_Function_base13_Base_managerIZ22drawConnectToWifiPopupvEUlvE1_E10_M_managerERSt9_Any_dataRKS3_St18_Manager_operation
                0x08005b9c       0x40 obj\release\src\main.o
 .text._ZNSt14_Function_base13_Base_managerIZ22drawConnectToWifiPopupvEUlvE2_E10_M_managerERSt9_Any_dataRKS3_St18_Manager_operation
                0x08005bdc       0x3c obj\release\src\main.o
 .text._ZNSt14_Function_base13_Base_managerIZ22drawConnectToWifiPopupvEUlvE3_E10_M_managerERSt9_Any_dataRKS3_St18_Manager_operation
                0x08005c18       0x3c obj\release\src\main.o
 .text._ZNSt14_Function_base13_Base_managerIZ22drawLightSettingsPopupvEUlvE_E10_M_managerERSt9_Any_dataRKS3_St18_Manager_operation
                0x08005c54       0x4c obj\release\src\main.o
 .text._ZNSt14_Function_base13_Base_managerIZ15drawAddNewLightvEUlvE_E10_M_managerERSt9_Any_dataRKS3_St18_Manager_operation
                0x08005ca0       0x40 obj\release\src\main.o
 .text._ZNSt14_Function_base13_Base_managerIZ15drawAddNewLightvEUlvE0_E10_M_managerERSt9_Any_dataRKS3_St18_Manager_operation
                0x08005ce0       0x40 obj\release\src\main.o
 .text._ZNSt14_Function_base13_Base_managerIZ15drawAddNewLightvEUlvE1_E10_M_managerERSt9_Any_dataRKS3_St18_Manager_operation
                0x08005d20       0x40 obj\release\src\main.o
 .text._ZNSt14_Function_base13_Base_managerIZ15drawAddNewLightvEUlvE2_E10_M_managerERSt9_Any_dataRKS3_St18_Manager_operation
                0x08005d60       0x40 obj\release\src\main.o
 .text._ZNSt14_Function_base13_Base_managerIZ15drawAddNewLightvEUlvE3_E10_M_managerERSt9_Any_dataRKS3_St18_Manager_operation
                0x08005da0       0x3c obj\release\src\main.o
 .text._ZNSt14_Function_base13_Base_managerIZ15drawAddNewLightvEUlvE4_E10_M_managerERSt9_Any_dataRKS3_St18_Manager_operation
                0x08005ddc       0x3c obj\release\src\main.o
 .text._ZNSt14_Function_base13_Base_managerIZ22drawBlindSettingsPopupvEUlvE_E10_M_managerERSt9_Any_dataRKS3_St18_Manager_operation
                0x08005e18       0x4c obj\release\src\main.o
 .text._ZNSt14_Function_base13_Base_managerIZ15drawAddNewBlindvEUlvE_E10_M_managerERSt9_Any_dataRKS3_St18_Manager_operation
                0x08005e64       0x48 obj\release\src\main.o
 .text._ZNSt14_Function_base13_Base_managerIZ15drawAddNewBlindvEUlvE0_E10_M_managerERSt9_Any_dataRKS3_St18_Manager_operation
                0x08005eac       0x48 obj\release\src\main.o
 .text._ZNSt14_Function_base13_Base_managerIZ15drawAddNewBlindvEUlvE1_E10_M_managerERSt9_Any_dataRKS3_St18_Manager_operation
                0x08005ef4       0x40 obj\release\src\main.o
 .text._ZNSt14_Function_base13_Base_managerIZ15drawAddNewBlindvEUlvE2_E10_M_managerERSt9_Any_dataRKS3_St18_Manager_operation
                0x08005f34       0x48 obj\release\src\main.o
 .text._ZNSt14_Function_base13_Base_managerIZ15drawAddNewBlindvEUlvE3_E10_M_managerERSt9_Any_dataRKS3_St18_Manager_operation
                0x08005f7c       0x48 obj\release\src\main.o
 .text._ZNSt14_Function_base13_Base_managerIZ15drawAddNewBlindvEUlvE4_E10_M_managerERSt9_Any_dataRKS3_St18_Manager_operation
                0x08005fc4       0x48 obj\release\src\main.o
 .text._ZNSt14_Function_base13_Base_managerIZ15drawAddNewBlindvEUlvE5_E10_M_managerERSt9_Any_dataRKS3_St18_Manager_operation
                0x0800600c       0x40 obj\release\src\main.o
 .text._ZNSt14_Function_base13_Base_managerIZ15drawAddNewBlindvEUlvE6_E10_M_managerERSt9_Any_dataRKS3_St18_Manager_operation
                0x0800604c       0x40 obj\release\src\main.o
 .text._ZNSt14_Function_base13_Base_managerIZ17drawRemoteButtonsvEUlvE_E10_M_managerERSt9_Any_dataRKS3_St18_Manager_operation
                0x0800608c       0x3c obj\release\src\main.o
 .text._ZNSt14_Function_base13_Base_managerIZ15displayDropDownPA11_KciP10MenuOptionPciEUlvE_E10_M_managerERSt9_Any_dataRKS9_St18_Manager_operation
                0x080060c8       0x48 obj\release\src\main.o
 .text._ZNSt14_Function_base13_Base_managerIZ10RTC_configvEUlvE_E10_M_managerERSt9_Any_dataRKS3_St18_Manager_operation
                0x08006110       0x40 obj\release\src\main.o
 .text._ZNSt14_Function_base13_Base_managerIZ10RTC_configvEUlvE0_E10_M_managerERSt9_Any_dataRKS3_St18_Manager_operation
                0x08006150       0x40 obj\release\src\main.o
 .text._ZNSt14_Function_base13_Base_managerIZ10RTC_configvEUlvE1_E10_M_managerERSt9_Any_dataRKS3_St18_Manager_operation
                0x08006190       0x40 obj\release\src\main.o
 .text._ZNSt14_Function_base13_Base_managerIZ10RTC_configvEUlvE2_E10_M_managerERSt9_Any_dataRKS3_St18_Manager_operation
                0x080061d0       0x40 obj\release\src\main.o
 .text._ZNSt14_Function_base13_Base_managerIZ10RTC_configvEUlvE3_E10_M_managerERSt9_Any_dataRKS3_St18_Manager_operation
                0x08006210       0x40 obj\release\src\main.o
 .text._ZNSt14_Function_base13_Base_managerIZ10RTC_configvEUlvE4_E10_M_managerERSt9_Any_dataRKS3_St18_Manager_operation
                0x08006250       0x40 obj\release\src\main.o
 .text._ZNSt14_Function_base13_Base_managerIZ10RTC_configvEUlvE5_E10_M_managerERSt9_Any_dataRKS3_St18_Manager_operation
                0x08006290       0x3c obj\release\src\main.o
 .text._ZNSt14_Function_base13_Base_managerIZ11numberInputP10MenuOptioniiiP5BlindEUlvE_E10_M_managerERSt9_Any_dataRKS7_St18_Manager_operation
                0x080062cc       0x48 obj\release\src\main.o
 .text._ZNSt14_Function_base13_Base_managerIZ26displayBlindAdjustmentMenuvEUlvE_E10_M_managerERSt9_Any_dataRKS3_St18_Manager_operation
                0x08006314       0x48 obj\release\src\main.o
 .text._ZNSt14_Function_base13_Base_managerIZ10drawLightsvEUlvE_E10_M_managerERSt9_Any_dataRKS3_St18_Manager_operation
                0x0800635c       0x4c obj\release\src\main.o
 .text._ZNSt6vectorIP5BlindSaIS1_EED2Ev
                0x080063a8       0x10 obj\release\src\main.o
                0x080063a8                std::vector<Blind*, std::allocator<Blind*> >::~vector()
                0x080063a8                std::vector<Blind*, std::allocator<Blind*> >::~vector()
 .text._ZNSt6vectorIP10MenuOptionSaIS1_EED2Ev
                0x080063b8       0x10 obj\release\src\main.o
                0x080063b8                std::vector<MenuOption*, std::allocator<MenuOption*> >::~vector()
                0x080063b8                std::vector<MenuOption*, std::allocator<MenuOption*> >::~vector()
 .text._Z26displayBlindAdjustmentMenuv
                0x080063c8       0xbc obj\release\src\main.o
                0x080063c8                displayBlindAdjustmentMenu()
 .text._ZNSt6vectorIP5LightSaIS1_EED2Ev
                0x08006484       0x10 obj\release\src\main.o
                0x08006484                std::vector<Light*, std::allocator<Light*> >::~vector()
                0x08006484                std::vector<Light*, std::allocator<Light*> >::~vector()
 .text._ZNSt6vectorIP12RemoteButtonSaIS1_EED2Ev
                0x08006494       0x10 obj\release\src\main.o
                0x08006494                std::vector<RemoteButton*, std::allocator<RemoteButton*> >::~vector()
                0x08006494                std::vector<RemoteButton*, std::allocator<RemoteButton*> >::~vector()
 .text._ZNSt6vectorIS_IP10MenuOptionSaIS1_EESaIS3_EED2Ev
                0x080064a4       0x2c obj\release\src\main.o
                0x080064a4                std::vector<std::vector<MenuOption*, std::allocator<MenuOption*> >, std::allocator<std::vector<MenuOption*, std::allocator<MenuOption*> > > >::~vector()
                0x080064a4                std::vector<std::vector<MenuOption*, std::allocator<MenuOption*> >, std::allocator<std::vector<MenuOption*, std::allocator<MenuOption*> > > >::~vector()
 .text.USART1_IRQHandler
                0x080064d0       0x50 obj\release\src\main.o
                0x080064d0                USART1_IRQHandler
 .text.USART2_IRQHandler
                0x08006520       0x50 obj\release\src\main.o
                0x08006520                USART2_IRQHandler
 .text.EXTI1_IRQHandler
                0x08006570       0x30 obj\release\src\main.o
                0x08006570                EXTI1_IRQHandler
 .text.EXTI9_5_IRQHandler
                0x080065a0       0x24 obj\release\src\main.o
                0x080065a0                EXTI9_5_IRQHandler
 .text.RTC_Alarm_IRQHandler
                0x080065c4       0x68 obj\release\src\main.o
                0x080065c4                RTC_Alarm_IRQHandler
 .text.HardFault_Handler
                0x0800662c        0x8 obj\release\src\main.o
                0x0800662c                HardFault_Handler
 .text._Z18save_data_to_flashv
                0x08006634      0x3a8 obj\release\src\main.o
                0x08006634                save_data_to_flash()
 .text._ZNSt17_Function_handlerIFvvEZ17displayActionMenuvEUlvE0_E9_M_invokeERKSt9_Any_data
                0x080069dc       0x28 obj\release\src\main.o
 .text._ZNSt17_Function_handlerIFvvEZ17displayActionMenuvEUlvE1_E9_M_invokeERKSt9_Any_data
                0x08006a04       0x28 obj\release\src\main.o
 .text._ZNSt17_Function_handlerIFvvEZ17drawRemoteButtonsvEUlvE_E9_M_invokeERKSt9_Any_data
                0x08006a2c      0x2f0 obj\release\src\main.o
 .text._Z14sendWifiUsart1Pc
                0x08006d1c       0x40 obj\release\src\main.o
                0x08006d1c                sendWifiUsart1(char*)
 .text._Z13GPIO_LED_initv
                0x08006d5c       0x44 obj\release\src\main.o
                0x08006d5c                GPIO_LED_init()
 .text._Z18LCD_backlight_initv
                0x08006da0       0x44 obj\release\src\main.o
                0x08006da0                LCD_backlight_init()
 .text._Z15clearTextBufferi
                0x08006de4       0x80 obj\release\src\main.o
                0x08006de4                clearTextBuffer(int)
 .text._Z17printWebPageStartPc
                0x08006e64       0x10 obj\release\src\main.o
                0x08006e64                printWebPageStart(char*)
 .text._Z15printWebPageEndPc
                0x08006e74       0x28 obj\release\src\main.o
                0x08006e74                printWebPageEnd(char*)
 .text._Z21printWebErrorResponsePcS_i
                0x08006e9c       0xc0 obj\release\src\main.o
                0x08006e9c                printWebErrorResponse(char*, char*, int)
 .text._Z5task3Pv
                0x08006f5c      0xcdc obj\release\src\main.o
                0x08006f5c                task3(void*)
 .text._Z11init_USART1v
                0x08007c38       0xb0 obj\release\src\main.o
                0x08007c38                init_USART1()
 .text._Z11init_USART2v
                0x08007ce8       0xb8 obj\release\src\main.o
                0x08007ce8                init_USART2()
 .text._Z10initWifiESv
                0x08007da0       0x44 obj\release\src\main.o
                0x08007da0                initWifiES()
 .text._Z17setWifiServerPortib
                0x08007de4       0x44 obj\release\src\main.o
                0x08007de4                setWifiServerPort(int, bool)
 .text._Z18setWifiBasicConfigb
                0x08007e28       0x88 obj\release\src\main.o
                0x08007e28                setWifiBasicConfig(bool)
 .text._ZNSt17_Function_handlerIFvvEZ23displayWifiSettingsMenuvEUlvE_E9_M_invokeERKSt9_Any_data
                0x08007eb0      0x1ac obj\release\src\main.o
 .text._Z13wifiConnectToPcS_i
                0x0800805c       0xa8 obj\release\src\main.o
                0x0800805c                wifiConnectTo(char*, char*, int)
 .text._Z7initRTCb
                0x08008104       0x60 obj\release\src\main.o
                0x08008104                initRTC(bool)
 .text._Z11numberInputP10MenuOptioniiiP5Blind
                0x08008164       0x9c obj\release\src\main.o
                0x08008164                numberInput(MenuOption*, int, int, int, Blind*)
 .text._ZNSt17_Function_handlerIFvvEZ19drawAdjustTempPopupvEUlvE_E9_M_invokeERKSt9_Any_data
                0x08008200       0x18 obj\release\src\main.o
 .text._ZNSt17_Function_handlerIFvvEZ23drawActionSettingsPopupvEUlvE_E9_M_invokeERKSt9_Any_data
                0x08008218       0x18 obj\release\src\main.o
 .text._ZNSt17_Function_handlerIFvvEZ23drawActionSettingsPopupvEUlvE0_E9_M_invokeERKSt9_Any_data
                0x08008230       0x18 obj\release\src\main.o
 .text._ZNSt17_Function_handlerIFvvEZ23drawActionSettingsPopupvEUlvE2_E9_M_invokeERKSt9_Any_data
                0x08008248       0x18 obj\release\src\main.o
 .text._ZNSt17_Function_handlerIFvvEZ23drawActionSettingsPopupvEUlvE3_E9_M_invokeERKSt9_Any_data
                0x08008260       0x18 obj\release\src\main.o
 .text._ZNSt17_Function_handlerIFvvEZ15drawAddNewBlindvEUlvE2_E9_M_invokeERKSt9_Any_data
                0x08008278       0x48 obj\release\src\main.o
 .text._ZNSt17_Function_handlerIFvvEZ15drawAddNewBlindvEUlvE3_E9_M_invokeERKSt9_Any_data
                0x080082c0       0x48 obj\release\src\main.o
 .text._ZNSt17_Function_handlerIFvvEZ15drawAddNewBlindvEUlvE4_E9_M_invokeERKSt9_Any_data
                0x08008308       0x48 obj\release\src\main.o
 .text._ZNSt17_Function_handlerIFvvEZ10RTC_configvEUlvE_E9_M_invokeERKSt9_Any_data
                0x08008350       0x18 obj\release\src\main.o
 .text._ZNSt17_Function_handlerIFvvEZ10RTC_configvEUlvE0_E9_M_invokeERKSt9_Any_data
                0x08008368       0x18 obj\release\src\main.o
 .text._ZNSt17_Function_handlerIFvvEZ10RTC_configvEUlvE1_E9_M_invokeERKSt9_Any_data
                0x08008380       0x18 obj\release\src\main.o
 .text._ZNSt17_Function_handlerIFvvEZ10RTC_configvEUlvE2_E9_M_invokeERKSt9_Any_data
                0x08008398       0x1c obj\release\src\main.o
 .text._ZNSt17_Function_handlerIFvvEZ10RTC_configvEUlvE3_E9_M_invokeERKSt9_Any_data
                0x080083b4       0x1c obj\release\src\main.o
 .text._ZNSt17_Function_handlerIFvvEZ10RTC_configvEUlvE4_E9_M_invokeERKSt9_Any_data
                0x080083d0       0x20 obj\release\src\main.o
 .text._Z13keyboardPopupbbi
                0x080083f0      0x3c4 obj\release\src\main.o
                0x080083f0                keyboardPopup(bool, bool, int)
 .text._ZNSt17_Function_handlerIFvvEZ22drawServerSettingsMenuvEUlvE_E9_M_invokeERKSt9_Any_data
                0x080087b4       0x4c obj\release\src\main.o
 .text._ZNSt17_Function_handlerIFvvEZ22drawServerSettingsMenuvEUlvE0_E9_M_invokeERKSt9_Any_data
                0x08008800       0x4c obj\release\src\main.o
 .text._ZNSt17_Function_handlerIFvvEZ22drawServerSettingsMenuvEUlvE1_E9_M_invokeERKSt9_Any_data
                0x0800884c       0x4c obj\release\src\main.o
 .text._ZNSt17_Function_handlerIFvvEZ22drawConnectToWifiPopupvEUlvE_E9_M_invokeERKSt9_Any_data
                0x08008898       0x4c obj\release\src\main.o
 .text._ZNSt17_Function_handlerIFvvEZ22drawConnectToWifiPopupvEUlvE1_E9_M_invokeERKSt9_Any_data
                0x080088e4       0x4c obj\release\src\main.o
 .text._ZNSt17_Function_handlerIFvvEZ15drawAddNewLightvEUlvE2_E9_M_invokeERKSt9_Any_data
                0x08008930       0x4c obj\release\src\main.o
 .text._ZNSt17_Function_handlerIFvvEZ15drawAddNewBlindvEUlvE1_E9_M_invokeERKSt9_Any_data
                0x0800897c       0x4c obj\release\src\main.o
 .text._Z15displayDropDownPA11_KciP10MenuOptionPci
                0x080089c8       0x9c obj\release\src\main.o
                0x080089c8                displayDropDown(char const (*) [11], int, MenuOption*, char*, int)
 .text._ZNSt17_Function_handlerIFvvEZ23drawActionSettingsPopupvEUlvE1_E9_M_invokeERKSt9_Any_data
                0x08008a64       0x34 obj\release\src\main.o
 .text._ZNSt17_Function_handlerIFvvEZ23drawActionSettingsPopupvEUlvE4_E9_M_invokeERKSt9_Any_data
                0x08008a98       0x34 obj\release\src\main.o
 .text._ZNSt17_Function_handlerIFvvEZ22drawConnectToWifiPopupvEUlvE0_E9_M_invokeERKSt9_Any_data
                0x08008acc       0x30 obj\release\src\main.o
 .text._ZNSt17_Function_handlerIFvvEZ15drawAddNewLightvEUlvE_E9_M_invokeERKSt9_Any_data
                0x08008afc       0x30 obj\release\src\main.o
 .text._ZNSt17_Function_handlerIFvvEZ15drawAddNewLightvEUlvE0_E9_M_invokeERKSt9_Any_data
                0x08008b2c       0x34 obj\release\src\main.o
 .text._ZNSt17_Function_handlerIFvvEZ15drawAddNewLightvEUlvE1_E9_M_invokeERKSt9_Any_data
                0x08008b60       0x34 obj\release\src\main.o
 .text._ZNSt17_Function_handlerIFvvEZ15drawAddNewBlindvEUlvE_E9_M_invokeERKSt9_Any_data
                0x08008b94       0x50 obj\release\src\main.o
 .text._ZNSt17_Function_handlerIFvvEZ15drawAddNewBlindvEUlvE0_E9_M_invokeERKSt9_Any_data
                0x08008be4       0x50 obj\release\src\main.o
 .text._Z13setAutoBlindsv
                0x08008c34      0x100 obj\release\src\main.o
                0x08008c34                setAutoBlinds()
 .text._Z11remoteEventm
                0x08008d34       0x20 obj\release\src\main.o
                0x08008d34                remoteEvent(unsigned long)
 .text._Z13remoteEventRFmj
                0x08008d54        0x4 obj\release\src\main.o
                0x08008d54                remoteEventRF(unsigned long, unsigned int)
 .text.EXTI15_10_IRQHandler
                0x08008d58       0x70 obj\release\src\main.o
                0x08008d58                EXTI15_10_IRQHandler
 .text._ZNSt6vectorIP10MenuOptionSaIS1_EEaSERKS3_
                0x08008dc8       0xcc obj\release\src\main.o
                0x08008dc8                std::vector<MenuOption*, std::allocator<MenuOption*> >::operator=(std::vector<MenuOption*, std::allocator<MenuOption*> > const&)
 .text._ZNSt6vectorIP10MenuOptionSaIS1_EE5eraseEN9__gnu_cxx17__normal_iteratorIPS1_S3_EE
                0x08008e94       0x28 obj\release\src\main.o
                0x08008e94                std::vector<MenuOption*, std::allocator<MenuOption*> >::erase(__gnu_cxx::__normal_iterator<MenuOption**, std::vector<MenuOption*, std::allocator<MenuOption*> > >)
 .text._ZNSt6vectorIP5LightSaIS1_EE19_M_emplace_back_auxIIRKS1_EEEvDpOT_
                0x08008ebc       0x70 obj\release\src\main.o
                0x08008ebc                void std::vector<Light*, std::allocator<Light*> >::_M_emplace_back_aux<Light* const&>(Light* const&)
                0x08008ebc                void std::vector<Light*, std::allocator<Light*> >::_M_emplace_back_aux<Light* const&>(Light* const&)
 .text._ZNSt6vectorIP5BlindSaIS1_EE19_M_emplace_back_auxIIRKS1_EEEvDpOT_
                0x08008f2c       0x70 obj\release\src\main.o
                0x08008f2c                void std::vector<Blind*, std::allocator<Blind*> >::_M_emplace_back_aux<Blind* const&>(Blind* const&)
                0x08008f2c                void std::vector<Blind*, std::allocator<Blind*> >::_M_emplace_back_aux<Blind* const&>(Blind* const&)
 .text._ZNSt6vectorIP12RemoteButtonSaIS1_EE19_M_emplace_back_auxIIRKS1_EEEvDpOT_
                0x08008f9c       0x70 obj\release\src\main.o
                0x08008f9c                void std::vector<RemoteButton*, std::allocator<RemoteButton*> >::_M_emplace_back_aux<RemoteButton* const&>(RemoteButton* const&)
                0x08008f9c                void std::vector<RemoteButton*, std::allocator<RemoteButton*> >::_M_emplace_back_aux<RemoteButton* const&>(RemoteButton* const&)
 .text._Z13loadFromFlashv
                0x0800900c      0x2f0 obj\release\src\main.o
                0x0800900c                loadFromFlash()
 .text._ZNSt17_Function_handlerIFvvEZ23drawActionSettingsPopupvEUlvE5_E9_M_invokeERKSt9_Any_data
                0x080092fc       0xb8 obj\release\src\main.o
 .text._ZNSt6vectorIP10MenuOptionSaIS1_EE19_M_emplace_back_auxIIRKS1_EEEvDpOT_
                0x080093b4       0x70 obj\release\src\main.o
                0x080093b4                void std::vector<MenuOption*, std::allocator<MenuOption*> >::_M_emplace_back_aux<MenuOption* const&>(MenuOption* const&)
                0x080093b4                void std::vector<MenuOption*, std::allocator<MenuOption*> >::_M_emplace_back_aux<MenuOption* const&>(MenuOption* const&)
 .text._ZNSt6vectorIP10MenuOptionSaIS1_EE9push_backERKS1_
                0x08009424       0x24 obj\release\src\main.o
                0x08009424                std::vector<MenuOption*, std::allocator<MenuOption*> >::push_back(MenuOption* const&)
 .text.startup.main
                0x08009448      0x3d4 obj\release\src\main.o
                0x08009448                main
 .text._Z15menuCheckerTaskPv
                0x0800981c      0x1c8 obj\release\src\main.o
                0x0800981c                menuCheckerTask(void*)
 .text._ZNSt6vectorIS_IP10MenuOptionSaIS1_EESaIS3_EE19_M_emplace_back_auxIIRKS3_EEEvDpOT_
                0x080099e4      0x1b4 obj\release\src\main.o
                0x080099e4                void std::vector<std::vector<MenuOption*, std::allocator<MenuOption*> >, std::allocator<std::vector<MenuOption*, std::allocator<MenuOption*> > > >::_M_emplace_back_aux<std::vector<MenuOption*, std::allocator<MenuOption*> > const&>(std::vector<MenuOption*, std::allocator<MenuOption*> > const&)
                0x080099e4                void std::vector<std::vector<MenuOption*, std::allocator<MenuOption*> >, std::allocator<std::vector<MenuOption*, std::allocator<MenuOption*> > > >::_M_emplace_back_aux<std::vector<MenuOption*, std::allocator<MenuOption*> > const&>(std::vector<MenuOption*, std::allocator<MenuOption*> > const&)
 .text._Z22drawLightSettingsPopupv
                0x08009b98      0x3f0 obj\release\src\main.o
                0x08009b98                drawLightSettingsPopup()
 .text._Z15drawAddNewLightv
                0x08009f88      0x470 obj\release\src\main.o
                0x08009f88                drawAddNewLight()
 .text._Z17drawBlindSettingsv
                0x0800a3f8      0x344 obj\release\src\main.o
                0x0800a3f8                drawBlindSettings()
 .text._Z10RTC_configv
                0x0800a73c      0x5ec obj\release\src\main.o
                0x0800a73c                RTC_config()
 .text._Z22drawBlindSettingsPopupv
                0x0800ad28      0x2d0 obj\release\src\main.o
                0x0800ad28                drawBlindSettingsPopup()
 .text._Z15drawAddNewBlindv
                0x0800aff8      0x66c obj\release\src\main.o
                0x0800aff8                drawAddNewBlind()
 .text._Z17drawLightSettingsv
                0x0800b664      0x344 obj\release\src\main.o
                0x0800b664                drawLightSettings()
 .text._Z18drawWifiStatusMenuv
                0x0800b9a8      0x388 obj\release\src\main.o
                0x0800b9a8                drawWifiStatusMenu()
 .text._Z22drawConnectToWifiPopupv
                0x0800bd30      0x3d0 obj\release\src\main.o
                0x0800bd30                drawConnectToWifiPopup()
 .text._Z19displaySettingsMenuv
                0x0800c100      0x524 obj\release\src\main.o
                0x0800c100                displaySettingsMenu()
 .text._Z23drawActionSettingsPopupv
                0x0800c624      0x640 obj\release\src\main.o
                0x0800c624                drawActionSettingsPopup()
 .text._Z23displayWifiSettingsMenuv
                0x0800cc64      0x3d8 obj\release\src\main.o
                0x0800cc64                displayWifiSettingsMenu()
 .text._Z22drawServerSettingsMenuv
                0x0800d03c      0x408 obj\release\src\main.o
                0x0800d03c                drawServerSettingsMenu()
 .text._Z10drawLightsv
                0x0800d444      0x2f4 obj\release\src\main.o
                0x0800d444                drawLights()
 .text._Z19drawAdjustTempPopupv
                0x0800d738      0x284 obj\release\src\main.o
                0x0800d738                drawAdjustTempPopup()
 .text._ZNSt6vectorIP10MenuOptionSaIS1_EE19_M_emplace_back_auxIIS1_EEEvDpOT_
                0x0800d9bc       0x70 obj\release\src\main.o
                0x0800d9bc                void std::vector<MenuOption*, std::allocator<MenuOption*> >::_M_emplace_back_aux<MenuOption*>(MenuOption*&&)
                0x0800d9bc                void std::vector<MenuOption*, std::allocator<MenuOption*> >::_M_emplace_back_aux<MenuOption*>(MenuOption*&&)
 .text._ZNSt6vectorIP10MenuOptionSaIS1_EE12emplace_backIIS1_EEEvDpOT_
                0x0800da2c       0x24 obj\release\src\main.o
                0x0800da2c                void std::vector<MenuOption*, std::allocator<MenuOption*> >::emplace_back<MenuOption*>(MenuOption*&&)
                0x0800da2c                void std::vector<MenuOption*, std::allocator<MenuOption*> >::emplace_back<MenuOption*>(MenuOption*&&)
 .text._Z17displayActionMenuv
                0x0800da50      0x3a8 obj\release\src\main.o
                0x0800da50                displayActionMenu()
 .text._Z16displayBlindMenuv
                0x0800ddf8      0x2a4 obj\release\src\main.o
                0x0800ddf8                displayBlindMenu()
 .text._Z16displayLightMenuv
                0x0800e09c      0x2a0 obj\release\src\main.o
                0x0800e09c                displayLightMenu()
 .text._Z21backMenuButtonHandlerv
                0x0800e33c      0x150 obj\release\src\main.o
                0x0800e33c                backMenuButtonHandler()
 .text._ZNSt17_Function_handlerIFvvEZ17displayActionMenuvEUlvE_E9_M_invokeERKSt9_Any_data
                0x0800e48c       0x4c obj\release\src\main.o
 .text._ZNSt17_Function_handlerIFvvEZ22drawServerSettingsMenuvEUlvE2_E9_M_invokeERKSt9_Any_data
                0x0800e4d8       0xa0 obj\release\src\main.o
 .text._ZNSt17_Function_handlerIFvvEZ22drawServerSettingsMenuvEUlvE3_E9_M_invokeERKSt9_Any_data
                0x0800e578       0x4c obj\release\src\main.o
 .text._ZNSt17_Function_handlerIFvvEZ22drawConnectToWifiPopupvEUlvE2_E9_M_invokeERKSt9_Any_data
                0x0800e5c4       0x64 obj\release\src\main.o
 .text._ZNSt17_Function_handlerIFvvEZ22drawConnectToWifiPopupvEUlvE3_E9_M_invokeERKSt9_Any_data
                0x0800e628       0x4c obj\release\src\main.o
 .text._ZNSt17_Function_handlerIFvvEZ15drawAddNewLightvEUlvE4_E9_M_invokeERKSt9_Any_data
                0x0800e674       0x4c obj\release\src\main.o
 .text._ZNSt17_Function_handlerIFvvEZ15drawAddNewBlindvEUlvE6_E9_M_invokeERKSt9_Any_data
                0x0800e6c0       0x54 obj\release\src\main.o
 .text._ZNSt17_Function_handlerIFvvEZ15drawAddNewBlindvEUlvE5_E9_M_invokeERKSt9_Any_data
                0x0800e714      0x100 obj\release\src\main.o
 .text._ZNSt17_Function_handlerIFvvEZ15drawAddNewLightvEUlvE3_E9_M_invokeERKSt9_Any_data
                0x0800e814       0xfc obj\release\src\main.o
 .text._ZNSt17_Function_handlerIFvvEZ10drawLightsvEUlvE_E9_M_invokeERKSt9_Any_data
                0x0800e910      0x220 obj\release\src\main.o
 .text._ZNSt17_Function_handlerIFvvEZ22drawBlindSettingsPopupvEUlvE_E9_M_invokeERKSt9_Any_data
                0x0800eb30      0x26c obj\release\src\main.o
 .text._ZNSt17_Function_handlerIFvvEZ22drawLightSettingsPopupvEUlvE_E9_M_invokeERKSt9_Any_data
                0x0800ed9c      0x288 obj\release\src\main.o
 .text._ZNSt17_Function_handlerIFvvEZ19drawAdjustTempPopupvEUlvE0_E9_M_invokeERKSt9_Any_data
                0x0800f024      0x26c obj\release\src\main.o
 .text._ZNSt17_Function_handlerIFvvEZ23drawActionSettingsPopupvEUlvE6_E9_M_invokeERKSt9_Any_data
                0x0800f290      0x29c obj\release\src\main.o
 .text._ZNSt17_Function_handlerIFvvEZ10RTC_configvEUlvE5_E9_M_invokeERKSt9_Any_data
                0x0800f52c      0x284 obj\release\src\main.o
 .text.startup._GLOBAL__sub_I__Znwj
                0x0800f7b0       0xc0 obj\release\src\main.o
 .text          0x0800f870       0xec obj\release\src\startup_stm32f4xx.o
                0x0800f870                Reset_Handler
                0x0800f8a4                NMI_Handler
                0x0800f8a8                MemManage_Handler
                0x0800f8aa                BusFault_Handler
                0x0800f8ac                UsageFault_Handler
                0x0800f8b0                DebugMon_Handler
                0x0800f8b6                Default_Handler
                0x0800f8b8                WWDG_IRQHandler
                0x0800f8ba                PVD_IRQHandler
                0x0800f8bc                TAMP_STAMP_IRQHandler
                0x0800f8be                RTC_WKUP_IRQHandler
                0x0800f8c0                FLASH_IRQHandler
                0x0800f8c2                RCC_IRQHandler
                0x0800f8c4                EXTI0_IRQHandler
                0x0800f8c8                EXTI2_IRQHandler
                0x0800f8ca                EXTI3_IRQHandler
                0x0800f8cc                EXTI4_IRQHandler
                0x0800f8ce                DMA1_Stream0_IRQHandler
                0x0800f8d0                DMA1_Stream1_IRQHandler
                0x0800f8d2                DMA1_Stream2_IRQHandler
                0x0800f8d4                DMA1_Stream3_IRQHandler
                0x0800f8d6                DMA1_Stream4_IRQHandler
                0x0800f8d8                DMA1_Stream5_IRQHandler
                0x0800f8da                DMA1_Stream6_IRQHandler
                0x0800f8dc                ADC_IRQHandler
                0x0800f8de                CAN1_TX_IRQHandler
                0x0800f8e0                CAN1_RX0_IRQHandler
                0x0800f8e2                CAN1_RX1_IRQHandler
                0x0800f8e4                CAN1_SCE_IRQHandler
                0x0800f8e8                TIM1_BRK_TIM9_IRQHandler
                0x0800f8ea                TIM1_UP_TIM10_IRQHandler
                0x0800f8ec                TIM1_TRG_COM_TIM11_IRQHandler
                0x0800f8ee                TIM1_CC_IRQHandler
                0x0800f8f0                TIM2_IRQHandler
                0x0800f8f2                TIM3_IRQHandler
                0x0800f8f4                TIM4_IRQHandler
                0x0800f8f6                I2C1_EV_IRQHandler
                0x0800f8f8                I2C1_ER_IRQHandler
                0x0800f8fa                I2C2_EV_IRQHandler
                0x0800f8fc                I2C2_ER_IRQHandler
                0x0800f8fe                SPI1_IRQHandler
                0x0800f900                SPI2_IRQHandler
                0x0800f906                USART3_IRQHandler
                0x0800f90c                OTG_FS_WKUP_IRQHandler
                0x0800f90e                TIM8_BRK_TIM12_IRQHandler
                0x0800f910                TIM8_UP_TIM13_IRQHandler
                0x0800f912                TIM8_TRG_COM_TIM14_IRQHandler
                0x0800f914                TIM8_CC_IRQHandler
                0x0800f916                DMA1_Stream7_IRQHandler
                0x0800f918                FSMC_IRQHandler
                0x0800f91a                SDIO_IRQHandler
                0x0800f91c                TIM5_IRQHandler
                0x0800f91e                SPI3_IRQHandler
                0x0800f920                UART4_IRQHandler
                0x0800f922                UART5_IRQHandler
                0x0800f924                TIM6_DAC_IRQHandler
                0x0800f926                TIM7_IRQHandler
                0x0800f928                DMA2_Stream0_IRQHandler
                0x0800f92a                DMA2_Stream1_IRQHandler
                0x0800f92c                DMA2_Stream2_IRQHandler
                0x0800f92e                DMA2_Stream3_IRQHandler
                0x0800f930                DMA2_Stream4_IRQHandler
                0x0800f932                ETH_IRQHandler
                0x0800f934                ETH_WKUP_IRQHandler
                0x0800f936                CAN2_TX_IRQHandler
                0x0800f938                CAN2_RX0_IRQHandler
                0x0800f93a                CAN2_RX1_IRQHandler
                0x0800f93c                CAN2_SCE_IRQHandler
                0x0800f93e                OTG_FS_IRQHandler
                0x0800f940                DMA2_Stream5_IRQHandler
                0x0800f942                DMA2_Stream6_IRQHandler
                0x0800f944                DMA2_Stream7_IRQHandler
                0x0800f946                USART6_IRQHandler
                0x0800f948                I2C3_EV_IRQHandler
                0x0800f94a                I2C3_ER_IRQHandler
                0x0800f94c                OTG_HS_EP1_OUT_IRQHandler
                0x0800f94e                OTG_HS_EP1_IN_IRQHandler
                0x0800f950                OTG_HS_WKUP_IRQHandler
                0x0800f952                OTG_HS_IRQHandler
                0x0800f954                DCMI_IRQHandler
                0x0800f956                CRYP_IRQHandler
                0x0800f958                HASH_RNG_IRQHandler
                0x0800f95a                FPU_IRQHandler
 .text.SystemInit
                0x0800f95c      0x128 obj\release\src\system_stm32f4xx.o
                0x0800f95c                SystemInit
 .text._ZNK10__cxxabiv119__pointer_type_info14__is_pointer_pEv
                0x0800fa84        0x4 c:/program files (x86)/emblocks/2.20/share/em_armgcc/bin/../lib/gcc/arm-none-eabi/4.7.3/../../../../arm-none-eabi/lib/armv7e-m/fpu\libstdc++_n.a(pointer_type_info.o)
                0x0800fa84                __cxxabiv1::__pointer_type_info::__is_pointer_p() const
 .text._ZN10__cxxabiv119__pointer_type_infoD2Ev
                0x0800fa88       0x14 c:/program files (x86)/emblocks/2.20/share/em_armgcc/bin/../lib/gcc/arm-none-eabi/4.7.3/../../../../arm-none-eabi/lib/armv7e-m/fpu\libstdc++_n.a(pointer_type_info.o)
                0x0800fa88                __cxxabiv1::__pointer_type_info::~__pointer_type_info()
                0x0800fa88                __cxxabiv1::__pointer_type_info::~__pointer_type_info()
 .text._ZN10__cxxabiv119__pointer_type_infoD0Ev
                0x0800fa9c       0x12 c:/program files (x86)/emblocks/2.20/share/em_armgcc/bin/../lib/gcc/arm-none-eabi/4.7.3/../../../../arm-none-eabi/lib/armv7e-m/fpu\libstdc++_n.a(pointer_type_info.o)
                0x0800fa9c                __cxxabiv1::__pointer_type_info::~__pointer_type_info()
 *fill*         0x0800faae        0x2 
 .text._ZNK10__cxxabiv119__pointer_type_info15__pointer_catchEPKNS_17__pbase_type_infoEPPvj
                0x0800fab0       0x3c c:/program files (x86)/emblocks/2.20/share/em_armgcc/bin/../lib/gcc/arm-none-eabi/4.7.3/../../../../arm-none-eabi/lib/armv7e-m/fpu\libstdc++_n.a(pointer_type_info.o)
                0x0800fab0                __cxxabiv1::__pointer_type_info::__pointer_catch(__cxxabiv1::__pbase_type_info const*, void**, unsigned int) const
 .text._ZNK10__cxxabiv117__class_type_info11__do_upcastEPKS0_PPv
                0x0800faec       0x36 c:/program files (x86)/emblocks/2.20/share/em_armgcc/bin/../lib/gcc/arm-none-eabi/4.7.3/../../../../arm-none-eabi/lib/armv7e-m/fpu\libstdc++_n.a(class_type_info.o)
                0x0800faec                __cxxabiv1::__class_type_info::__do_upcast(__cxxabiv1::__class_type_info const*, void**) const
 .text._ZNK10__cxxabiv117__class_type_info20__do_find_public_srcEiPKvPKS0_S2_
                0x0800fb22        0xc c:/program files (x86)/emblocks/2.20/share/em_armgcc/bin/../lib/gcc/arm-none-eabi/4.7.3/../../../../arm-none-eabi/lib/armv7e-m/fpu\libstdc++_n.a(class_type_info.o)
                0x0800fb22                __cxxabiv1::__class_type_info::__do_find_public_src(int, void const*, __cxxabiv1::__class_type_info const*, void const*) const
 .text._ZNK10__cxxabiv117__class_type_info11__do_upcastEPKS0_PKvRNS0_15__upcast_resultE
                0x0800fb2e       0x1a c:/program files (x86)/emblocks/2.20/share/em_armgcc/bin/../lib/gcc/arm-none-eabi/4.7.3/../../../../arm-none-eabi/lib/armv7e-m/fpu\libstdc++_n.a(class_type_info.o)
                0x0800fb2e                __cxxabiv1::__class_type_info::__do_upcast(__cxxabiv1::__class_type_info const*, void const*, __cxxabiv1::__class_type_info::__upcast_result&) const
 .text._ZN10__cxxabiv117__class_type_infoD2Ev
                0x0800fb48       0x14 c:/program files (x86)/emblocks/2.20/share/em_armgcc/bin/../lib/gcc/arm-none-eabi/4.7.3/../../../../arm-none-eabi/lib/armv7e-m/fpu\libstdc++_n.a(class_type_info.o)
                0x0800fb48                __cxxabiv1::__class_type_info::~__class_type_info()
                0x0800fb48                __cxxabiv1::__class_type_info::~__class_type_info()
 .text._ZN10__cxxabiv117__class_type_infoD0Ev
                0x0800fb5c       0x12 c:/program files (x86)/emblocks/2.20/share/em_armgcc/bin/../lib/gcc/arm-none-eabi/4.7.3/../../../../arm-none-eabi/lib/armv7e-m/fpu\libstdc++_n.a(class_type_info.o)
                0x0800fb5c                __cxxabiv1::__class_type_info::~__class_type_info()
 .text._ZNK10__cxxabiv117__class_type_info12__do_dyncastEiNS0_10__sub_kindEPKS0_PKvS3_S5_RNS0_16__dyncast_resultE
                0x0800fb6e       0x3e c:/program files (x86)/emblocks/2.20/share/em_armgcc/bin/../lib/gcc/arm-none-eabi/4.7.3/../../../../arm-none-eabi/lib/armv7e-m/fpu\libstdc++_n.a(class_type_info.o)
                0x0800fb6e                __cxxabiv1::__class_type_info::__do_dyncast(int, __cxxabiv1::__class_type_info::__sub_kind, __cxxabiv1::__class_type_info const*, void const*, __cxxabiv1::__class_type_info const*, void const*, __cxxabiv1::__class_type_info::__dyncast_result&) const
 .text._ZNK10__cxxabiv117__class_type_info10__do_catchEPKSt9type_infoPPvj
                0x0800fbac       0x26 c:/program files (x86)/emblocks/2.20/share/em_armgcc/bin/../lib/gcc/arm-none-eabi/4.7.3/../../../../arm-none-eabi/lib/armv7e-m/fpu\libstdc++_n.a(class_type_info.o)
                0x0800fbac                __cxxabiv1::__class_type_info::__do_catch(std::type_info const*, void**, unsigned int) const
 .text.__aeabi_atexit
                0x0800fbd2        0xa c:/program files (x86)/emblocks/2.20/share/em_armgcc/bin/../lib/gcc/arm-none-eabi/4.7.3/../../../../arm-none-eabi/lib/armv7e-m/fpu\libstdc++_n.a(atexit_arm.o)
                0x0800fbd2                __aeabi_atexit
 .text.__cxa_end_cleanup
                0x0800fbdc        0xc c:/program files (x86)/emblocks/2.20/share/em_armgcc/bin/../lib/gcc/arm-none-eabi/4.7.3/../../../../arm-none-eabi/lib/armv7e-m/fpu\libstdc++_n.a(eh_arm.o)
                0x0800fbdc                __cxa_end_cleanup
 .text._ZN10__cxxabiv1L24__is_gxx_exception_classEPc
                0x0800fbe8       0x3a c:/program files (x86)/emblocks/2.20/share/em_armgcc/bin/../lib/gcc/arm-none-eabi/4.7.3/../../../../arm-none-eabi/lib/armv7e-m/fpu\libstdc++_n.a(eh_arm.o)
 *fill*         0x0800fc22        0x2 
 .text.__cxa_type_match
                0x0800fc24       0xc0 c:/program files (x86)/emblocks/2.20/share/em_armgcc/bin/../lib/gcc/arm-none-eabi/4.7.3/../../../../arm-none-eabi/lib/armv7e-m/fpu\libstdc++_n.a(eh_arm.o)
                0x0800fc24                __cxa_type_match
 .text.__cxa_begin_cleanup
                0x0800fce4       0x3a c:/program files (x86)/emblocks/2.20/share/em_armgcc/bin/../lib/gcc/arm-none-eabi/4.7.3/../../../../arm-none-eabi/lib/armv7e-m/fpu\libstdc++_n.a(eh_arm.o)
                0x0800fce4                __cxa_begin_cleanup
 .text.__gnu_end_cleanup
                0x0800fd1e       0x32 c:/program files (x86)/emblocks/2.20/share/em_armgcc/bin/../lib/gcc/arm-none-eabi/4.7.3/../../../../arm-none-eabi/lib/armv7e-m/fpu\libstdc++_n.a(eh_arm.o)
                0x0800fd1e                __gnu_end_cleanup
 .text._ZN10__cxxabiv111__terminateEPFvvE
                0x0800fd50        0x8 c:/program files (x86)/emblocks/2.20/share/em_armgcc/bin/../lib/gcc/arm-none-eabi/4.7.3/../../../../arm-none-eabi/lib/armv7e-m/fpu\libstdc++_n.a(eh_terminate.o)
                0x0800fd50                __cxxabiv1::__terminate(void (*)())
 .text._ZSt9terminatev
                0x0800fd58       0x10 c:/program files (x86)/emblocks/2.20/share/em_armgcc/bin/../lib/gcc/arm-none-eabi/4.7.3/../../../../arm-none-eabi/lib/armv7e-m/fpu\libstdc++_n.a(eh_terminate.o)
                0x0800fd58                std::terminate()
 .text._ZN10__cxxabiv112__unexpectedEPFvvE
                0x0800fd68        0x8 c:/program files (x86)/emblocks/2.20/share/em_armgcc/bin/../lib/gcc/arm-none-eabi/4.7.3/../../../../arm-none-eabi/lib/armv7e-m/fpu\libstdc++_n.a(eh_terminate.o)
                0x0800fd68                __cxxabiv1::__unexpected(void (*)())
 .text._ZSt10unexpectedv
                0x0800fd70       0x10 c:/program files (x86)/emblocks/2.20/share/em_armgcc/bin/../lib/gcc/arm-none-eabi/4.7.3/../../../../arm-none-eabi/lib/armv7e-m/fpu\libstdc++_n.a(eh_terminate.o)
                0x0800fd70                std::unexpected()
 .text._ZN10__cxxabiv1L24__is_gxx_exception_classEPc
                0x0800fd80       0x3a c:/program files (x86)/emblocks/2.20/share/em_armgcc/bin/../lib/gcc/arm-none-eabi/4.7.3/../../../../arm-none-eabi/lib/armv7e-m/fpu\libstdc++_n.a(eh_catch.o)
 .text.__cxa_begin_catch
                0x0800fdba       0x50 c:/program files (x86)/emblocks/2.20/share/em_armgcc/bin/../lib/gcc/arm-none-eabi/4.7.3/../../../../arm-none-eabi/lib/armv7e-m/fpu\libstdc++_n.a(eh_catch.o)
                0x0800fdba                __cxa_begin_catch
 .text.__cxa_end_catch
                0x0800fe0a       0x4a c:/program files (x86)/emblocks/2.20/share/em_armgcc/bin/../lib/gcc/arm-none-eabi/4.7.3/../../../../arm-none-eabi/lib/armv7e-m/fpu\libstdc++_n.a(eh_catch.o)
                0x0800fe0a                __cxa_end_catch
 .text._ZN10__cxxabiv123__fundamental_type_infoD2Ev
                0x0800fe54       0x14 c:/program files (x86)/emblocks/2.20/share/em_armgcc/bin/../lib/gcc/arm-none-eabi/4.7.3/../../../../arm-none-eabi/lib/armv7e-m/fpu\libstdc++_n.a(fundamental_type_info.o)
                0x0800fe54                __cxxabiv1::__fundamental_type_info::~__fundamental_type_info()
                0x0800fe54                __cxxabiv1::__fundamental_type_info::~__fundamental_type_info()
 .text._ZN10__cxxabiv123__fundamental_type_infoD0Ev
                0x0800fe68       0x12 c:/program files (x86)/emblocks/2.20/share/em_armgcc/bin/../lib/gcc/arm-none-eabi/4.7.3/../../../../arm-none-eabi/lib/armv7e-m/fpu\libstdc++_n.a(fundamental_type_info.o)
                0x0800fe68                __cxxabiv1::__fundamental_type_info::~__fundamental_type_info()
 .text._ZNK10__cxxabiv120__si_class_type_info12__do_dyncastEiNS_17__class_type_info10__sub_kindEPKS1_PKvS4_S6_RNS1_16__dyncast_resultE
                0x0800fe7a       0x7c c:/program files (x86)/emblocks/2.20/share/em_armgcc/bin/../lib/gcc/arm-none-eabi/4.7.3/../../../../arm-none-eabi/lib/armv7e-m/fpu\libstdc++_n.a(si_class_type_info.o)
                0x0800fe7a                __cxxabiv1::__si_class_type_info::__do_dyncast(int, __cxxabiv1::__class_type_info::__sub_kind, __cxxabiv1::__class_type_info const*, void const*, __cxxabiv1::__class_type_info const*, void const*, __cxxabiv1::__class_type_info::__dyncast_result&) const
 *fill*         0x0800fef6        0x2 
 .text._ZN10__cxxabiv120__si_class_type_infoD2Ev
                0x0800fef8       0x14 c:/program files (x86)/emblocks/2.20/share/em_armgcc/bin/../lib/gcc/arm-none-eabi/4.7.3/../../../../arm-none-eabi/lib/armv7e-m/fpu\libstdc++_n.a(si_class_type_info.o)
                0x0800fef8                __cxxabiv1::__si_class_type_info::~__si_class_type_info()
                0x0800fef8                __cxxabiv1::__si_class_type_info::~__si_class_type_info()
 .text._ZN10__cxxabiv120__si_class_type_infoD0Ev
                0x0800ff0c       0x12 c:/program files (x86)/emblocks/2.20/share/em_armgcc/bin/../lib/gcc/arm-none-eabi/4.7.3/../../../../arm-none-eabi/lib/armv7e-m/fpu\libstdc++_n.a(si_class_type_info.o)
                0x0800ff0c                __cxxabiv1::__si_class_type_info::~__si_class_type_info()
 .text._ZNK10__cxxabiv120__si_class_type_info20__do_find_public_srcEiPKvPKNS_17__class_type_infoES2_
                0x0800ff1e       0x32 c:/program files (x86)/emblocks/2.20/share/em_armgcc/bin/../lib/gcc/arm-none-eabi/4.7.3/../../../../arm-none-eabi/lib/armv7e-m/fpu\libstdc++_n.a(si_class_type_info.o)
                0x0800ff1e                __cxxabiv1::__si_class_type_info::__do_find_public_src(int, void const*, __cxxabiv1::__class_type_info const*, void const*) const
 .text._ZNK10__cxxabiv120__si_class_type_info11__do_upcastEPKNS_17__class_type_infoEPKvRNS1_15__upcast_resultE
                0x0800ff50       0x24 c:/program files (x86)/emblocks/2.20/share/em_armgcc/bin/../lib/gcc/arm-none-eabi/4.7.3/../../../../arm-none-eabi/lib/armv7e-m/fpu\libstdc++_n.a(si_class_type_info.o)
                0x0800ff50                __cxxabiv1::__si_class_type_info::__do_upcast(__cxxabiv1::__class_type_info const*, void const*, __cxxabiv1::__class_type_info::__upcast_result&) const
 .text._ZNK10__cxxabiv117__pbase_type_info15__pointer_catchEPKS0_PPvj
                0x0800ff74       0x10 c:/program files (x86)/emblocks/2.20/share/em_armgcc/bin/../lib/gcc/arm-none-eabi/4.7.3/../../../../arm-none-eabi/lib/armv7e-m/fpu\libstdc++_n.a(pbase_type_info.o)
                0x0800ff74                __cxxabiv1::__pbase_type_info::__pointer_catch(__cxxabiv1::__pbase_type_info const*, void**, unsigned int) const
 .text._ZN10__cxxabiv117__pbase_type_infoD2Ev
                0x0800ff84       0x14 c:/program files (x86)/emblocks/2.20/share/em_armgcc/bin/../lib/gcc/arm-none-eabi/4.7.3/../../../../arm-none-eabi/lib/armv7e-m/fpu\libstdc++_n.a(pbase_type_info.o)
                0x0800ff84                __cxxabiv1::__pbase_type_info::~__pbase_type_info()
                0x0800ff84                __cxxabiv1::__pbase_type_info::~__pbase_type_info()
 .text._ZN10__cxxabiv117__pbase_type_infoD0Ev
                0x0800ff98       0x12 c:/program files (x86)/emblocks/2.20/share/em_armgcc/bin/../lib/gcc/arm-none-eabi/4.7.3/../../../../arm-none-eabi/lib/armv7e-m/fpu\libstdc++_n.a(pbase_type_info.o)
                0x0800ff98                __cxxabiv1::__pbase_type_info::~__pbase_type_info()
 .text._ZNK10__cxxabiv117__pbase_type_info10__do_catchEPKSt9type_infoPPvj
                0x0800ffaa       0x64 c:/program files (x86)/emblocks/2.20/share/em_armgcc/bin/../lib/gcc/arm-none-eabi/4.7.3/../../../../arm-none-eabi/lib/armv7e-m/fpu\libstdc++_n.a(pbase_type_info.o)
                0x0800ffaa                __cxxabiv1::__pbase_type_info::__do_catch(std::type_info const*, void**, unsigned int) const
 *fill*         0x0801000e        0x2 
 .text._ZNSt9type_infoD2Ev
                0x08010010        0xc c:/program files (x86)/emblocks/2.20/share/em_armgcc/bin/../lib/gcc/arm-none-eabi/4.7.3/../../../../arm-none-eabi/lib/armv7e-m/fpu\libstdc++_n.a(tinfo.o)
                0x08010010                std::type_info::~type_info()
                0x08010010                std::type_info::~type_info()
 .text._ZNKSt9type_info14__is_pointer_pEv
                0x0801001c        0x4 c:/program files (x86)/emblocks/2.20/share/em_armgcc/bin/../lib/gcc/arm-none-eabi/4.7.3/../../../../arm-none-eabi/lib/armv7e-m/fpu\libstdc++_n.a(tinfo.o)
                0x0801001c                std::type_info::__is_pointer_p() const
 .text._ZNKSt9type_info15__is_function_pEv