Archive member included because of file (symbol)

c:/program files (x86)/emblocks/2.00/share/em_armgcc/bin/../lib/gcc/arm-none-eabi/4.7.3/../../../../arm-none-eabi/lib/armv7e-m/fpu\libstdc++_n.a(pointer_type_info.o)
                              obj\release\main.o (vtable for __cxxabiv1::__pointer_type_info)
c:/program files (x86)/emblocks/2.00/share/em_armgcc/bin/../lib/gcc/arm-none-eabi/4.7.3/../../../../arm-none-eabi/lib/armv7e-m/fpu\libstdc++_n.a(class_type_info.o)
                              obj\release\main.o (vtable for __cxxabiv1::__class_type_info)
c:/program files (x86)/emblocks/2.00/share/em_armgcc/bin/../lib/gcc/arm-none-eabi/4.7.3/../../../../arm-none-eabi/lib/armv7e-m/fpu\libstdc++_n.a(atexit_arm.o)
                              obj\release\menu.o (__aeabi_atexit)
c:/program files (x86)/emblocks/2.00/share/em_armgcc/bin/../lib/gcc/arm-none-eabi/4.7.3/../../../../arm-none-eabi/lib/armv7e-m/fpu\libstdc++_n.a(eh_arm.o)
                              obj\release\lighting.o (__cxa_end_cleanup)
c:/program files (x86)/emblocks/2.00/share/em_armgcc/bin/../lib/gcc/arm-none-eabi/4.7.3/../../../../arm-none-eabi/lib/armv7e-m/fpu\libstdc++_n.a(eh_terminate.o)
                              c:/program files (x86)/emblocks/2.00/share/em_armgcc/bin/../lib/gcc/arm-none-eabi/4.7.3/../../../../arm-none-eabi/lib/armv7e-m/fpu\libstdc++_n.a(eh_arm.o) (std::terminate())
c:/program files (x86)/emblocks/2.00/share/em_armgcc/bin/../lib/gcc/arm-none-eabi/4.7.3/../../../../arm-none-eabi/lib/armv7e-m/fpu\libstdc++_n.a(eh_catch.o)
                              obj\release\main.o (__cxa_begin_catch)
c:/program files (x86)/emblocks/2.00/share/em_armgcc/bin/../lib/gcc/arm-none-eabi/4.7.3/../../../../arm-none-eabi/lib/armv7e-m/fpu\libstdc++_n.a(eh_term_handler.o)
                              c:/program files (x86)/emblocks/2.00/share/em_armgcc/bin/../lib/gcc/arm-none-eabi/4.7.3/../../../../arm-none-eabi/lib/armv7e-m/fpu\libstdc++_n.a(eh_terminate.o) (__cxxabiv1::__terminate_handler)
c:/program files (x86)/emblocks/2.00/share/em_armgcc/bin/../lib/gcc/arm-none-eabi/4.7.3/../../../../arm-none-eabi/lib/armv7e-m/fpu\libstdc++_n.a(fundamental_type_info.o)
                              c:/program files (x86)/emblocks/2.00/share/em_armgcc/bin/../lib/gcc/arm-none-eabi/4.7.3/../../../../arm-none-eabi/lib/armv7e-m/fpu\libstdc++_n.a(pointer_type_info.o) (typeinfo for void)
c:/program files (x86)/emblocks/2.00/share/em_armgcc/bin/../lib/gcc/arm-none-eabi/4.7.3/../../../../arm-none-eabi/lib/armv7e-m/fpu\libstdc++_n.a(si_class_type_info.o)
                              c:/program files (x86)/emblocks/2.00/share/em_armgcc/bin/../lib/gcc/arm-none-eabi/4.7.3/../../../../arm-none-eabi/lib/armv7e-m/fpu\libstdc++_n.a(pointer_type_info.o) (vtable for __cxxabiv1::__si_class_type_info)
c:/program files (x86)/emblocks/2.00/share/em_armgcc/bin/../lib/gcc/arm-none-eabi/4.7.3/../../../../arm-none-eabi/lib/armv7e-m/fpu\libstdc++_n.a(eh_exception.o)
                              c:/program files (x86)/emblocks/2.00/share/em_armgcc/bin/../lib/gcc/arm-none-eabi/4.7.3/../../../../arm-none-eabi/lib/armv7e-m/fpu\libstdc++_n.a(eh_arm.o) (typeinfo for __cxxabiv1::__forced_unwind)
c:/program files (x86)/emblocks/2.00/share/em_armgcc/bin/../lib/gcc/arm-none-eabi/4.7.3/../../../../arm-none-eabi/lib/armv7e-m/fpu\libstdc++_n.a(pbase_type_info.o)
                              c:/program files (x86)/emblocks/2.00/share/em_armgcc/bin/../lib/gcc/arm-none-eabi/4.7.3/../../../../arm-none-eabi/lib/armv7e-m/fpu\libstdc++_n.a(pointer_type_info.o) (__cxxabiv1::__pbase_type_info::~__pbase_type_info())
c:/program files (x86)/emblocks/2.00/share/em_armgcc/bin/../lib/gcc/arm-none-eabi/4.7.3/../../../../arm-none-eabi/lib/armv7e-m/fpu\libstdc++_n.a(tinfo.o)
                              c:/program files (x86)/emblocks/2.00/share/em_armgcc/bin/../lib/gcc/arm-none-eabi/4.7.3/../../../../arm-none-eabi/lib/armv7e-m/fpu\libstdc++_n.a(class_type_info.o) (std::type_info::~type_info())
c:/program files (x86)/emblocks/2.00/share/em_armgcc/bin/../lib/gcc/arm-none-eabi/4.7.3/../../../../arm-none-eabi/lib/armv7e-m/fpu\libstdc++_n.a(eh_globals.o)
                              c:/program files (x86)/emblocks/2.00/share/em_armgcc/bin/../lib/gcc/arm-none-eabi/4.7.3/../../../../arm-none-eabi/lib/armv7e-m/fpu\libstdc++_n.a(eh_catch.o) (__cxa_get_globals_fast)
c:/program files (x86)/emblocks/2.00/share/em_armgcc/bin/../lib/gcc/arm-none-eabi/4.7.3/../../../../arm-none-eabi/lib/armv7e-m/fpu\libstdc++_n.a(function_type_info.o)
                              obj\release\main.o (vtable for __cxxabiv1::__function_type_info)
c:/program files (x86)/emblocks/2.00/share/em_armgcc/bin/../lib/gcc/arm-none-eabi/4.7.3/../../../../arm-none-eabi/lib/armv7e-m/fpu\libstdc++_n.a(pure.o)
[...]
Memory Configuration

Name             Origin             Length             Attributes
ROM              0x08000000         0x000e0000         xr
EEPROM           0x080e0000         0x00020000         xr
RAM              0x20000000         0x00020000         xrw
CCRAM            0x10000000         0x00010000         xrw
*default*        0x00000000         0xffffffff

Linker script and memory map

LOAD c:/program files (x86)/emblocks/2.00/share/em_armgcc/bin/../lib/gcc/arm-none-eabi/4.7.3/armv7e-m/fpu/crti.o
LOAD c:/program files (x86)/emblocks/2.00/share/em_armgcc/bin/../lib/gcc/arm-none-eabi/4.7.3/armv7e-m/fpu/crtbegin.o
LOAD c:/program files (x86)/emblocks/2.00/share/em_armgcc/bin/../lib/gcc/arm-none-eabi/4.7.3/../../../../arm-none-eabi/lib/armv7e-m/fpu/crt0.o
                0x00000000                __HEAP_SIZE = 0x0
                0x00000400                __STACK_SIZE = 0x400

.eeprom         0x080e0000        0x0
 *(.eeprom*)
 .eeprom        0x080e0000        0x0 obj\release\main.o

.text           0x08000000    0x1d9d4
 *(.isr_vector)
 .isr_vector    0x08000000      0x188 obj\release\startup_stm32f4xx.o
                0x08000000                __isr_vector
 *(.text*)
 .text          0x08000188       0x54 c:/program files (x86)/emblocks/2.00/share/em_armgcc/bin/../lib/gcc/arm-none-eabi/4.7.3/armv7e-m/fpu/crtbegin.o
 .text          0x080001dc       0x70 c:/program files (x86)/emblocks/2.00/share/em_armgcc/bin/../lib/gcc/arm-none-eabi/4.7.3/../../../../arm-none-eabi/lib/armv7e-m/fpu/crt0.o
                0x080001dc                _start
                0x080001dc                start
                0x080001dc                _mainCRTStartup
 .text._ZN5Blind7setTypeE9BlindType
                0x0800024c        0x4 obj\release\blinds.o
                0x0800024c                Blind::setType(BlindType)
 .text._ZN5Blind9setBoundsEiii
                0x08000250       0x54 obj\release\blinds.o
                0x08000250                Blind::setBounds(int, int, int)
 .text._ZN5Blind11getPositionEb
                0x080002a4        0x4 obj\release\blinds.o
                0x080002a4                Blind::getPosition(bool)
 .text._ZN5Blind12enableOutputEb
                0x080002a8       0x50 obj\release\blinds.o
                0x080002a8                Blind::enableOutput(bool)
 .text._ZN5Blind11setPositionEi
                0x080002f8       0xb4 obj\release\blinds.o
                0x080002f8                Blind::setPosition(int)
 .text._ZN5Blind11toggleStateEi
                0x080003ac       0x68 obj\release\blinds.o
                0x080003ac                Blind::toggleState(int)
 .text._ZN5Blind8getStateEv
                0x08000414        0x4 obj\release\blinds.o
                0x08000414                Blind::getState()
 .text._ZN5Blind10setChannelE12BlindChannel
                0x08000418        0x4 obj\release\blinds.o
                0x08000418                Blind::setChannel(BlindChannel)
 .text._ZN5Blind15initLocalBlindsEv
                0x0800041c       0xf8 obj\release\blinds.o
                0x0800041c                Blind::initLocalBlinds()
 .text._ZN5Blind7setNameEPKc
                0x08000514       0x14 obj\release\blinds.o
                0x08000514                Blind::setName(char const*)
 .text._ZN5Blind7getNameEv
                0x08000528        0x4 obj\release\blinds.o
                0x08000528                Blind::getName()
 .text._ZN5Blind13calculateHashEv
                0x0800052c       0x30 obj\release\blinds.o
                0x0800052c                Blind::calculateHash()
 .text._ZN5Light11setTypeKakuEct
                0x0800055c       0x2c obj\release\lighting.o
                0x0800055c                Light::setTypeKaku(char, unsigned short)
 .text._ZN5Light7setNameEPKc
                0x08000588       0x14 obj\release\lighting.o
                0x08000588                Light::setName(char const*)
 .text._ZN5Light7getNameEv
                0x0800059c        0x4 obj\release\lighting.o
                0x0800059c                Light::getName()
 .text._ZN5Light7getTypeEv
                0x080005a0        0x4 obj\release\lighting.o
                0x080005a0                Light::getType()
 .text._ZN5Light4isOnEv
                0x080005a4        0x4 obj\release\lighting.o
                0x080005a4                Light::isOn()
 .text._ZN5Light5onOffEb
                0x080005a8       0x30 obj\release\lighting.o
                0x080005a8                Light::onOff(bool)
 .text._ZN5Light13calculateHashEv
                0x080005d8       0x30 obj\release\lighting.o
                0x080005d8                Light::calculateHash()
 .text._ZN12RemoteButton16getEventTypeNameEv
                0x08000608       0x20 obj\release\remote.o
                0x08000608                RemoteButton::getEventTypeName()
 .text._ZN18InternalTempSensor14initTempSensorEv
                0x08000628       0x70 obj\release\tempsensor.o
                0x08000628                InternalTempSensor::initTempSensor()
 .text._ZN18InternalTempSensor11measureTempEb
                0x08000698       0xc8 obj\release\tempsensor.o
                0x08000698                InternalTempSensor::measureTemp(bool)
 .text._ZN18InternalTempSensor7getTempEb
                0x08000760       0x54 obj\release\tempsensor.o
                0x08000760                InternalTempSensor::getTemp(bool)
 .text._ZNSt8functionIFvvEED2Ev
                0x080007b4       0x14 obj\release\menu.o
                0x080007b4                std::function<void ()>::~function()
                0x080007b4                std::function<void ()>::~function()
 .text._ZN5Label4getXEv
                0x080007c8        0x4 obj\release\menu.o
                0x080007c8                Label::getX()
 .text._ZN5Label4getYEv
                0x080007cc        0x4 obj\release\menu.o
                0x080007cc                Label::getY()
 .text._ZN5Label12clearCurrentEv
                0x080007d0       0x28 obj\release\menu.o
                0x080007d0                Label::clearCurrent()
 .text._ZN5Label14setNeedsUpdateEv
                0x080007f8        0x8 obj\release\menu.o
                0x080007f8                Label::setNeedsUpdate()
 .text._ZN5Label4drawEv
                0x08000800       0x28 obj\release\menu.o
                0x08000800                Label::draw()
 .text._ZN5Label11setPositionEtt
                0x08000828       0x20 obj\release\menu.o
                0x08000828                Label::setPosition(unsigned short, unsigned short)
 .text._ZN5Label7setTextEPKc
                0x08000848       0x34 obj\release\menu.o
                0x08000848                Label::setText(char const*)
 .text._ZN5Label9setHiddenEb
                0x0800087c       0x1c obj\release\menu.o
                0x0800087c                Label::setHidden(bool)
 .text._ZN5LabelC2EttPKctt
                0x08000898       0x40 obj\release\menu.o
                0x08000898                Label::Label(unsigned short, unsigned short, char const*, unsigned short, unsigned short)
                0x08000898                Label::Label(unsigned short, unsigned short, char const*, unsigned short, unsigned short)
 .text._ZN10MenuOption13selectionDrawEv
                0x080008d8       0x38 obj\release\menu.o
                0x080008d8                MenuOption::selectionDraw()
 .text._ZN10MenuOption11setSelectedEb
                0x08000910        0x8 obj\release\menu.o
                0x08000910                MenuOption::setSelected(bool)
 .text._ZN10MenuOption4drawEv
                0x08000918       0x14 obj\release\menu.o
                0x08000918                MenuOption::draw()
 .text._ZN10MenuOption18setOnClickListenerESt8functionIFvvEE
                0x0800092c       0x6c obj\release\menu.o
                0x0800092c                MenuOption::setOnClickListener(std::function<void ()>)
 .text._ZN10MenuOption9doOnClickEv
                0x08000998       0x10 obj\release\menu.o
                0x08000998                MenuOption::doOnClick()
 .text._ZN19IndicatorMenuOption13indicatorDrawEv
                0x080009a8       0x40 obj\release\menu.o
                0x080009a8                IndicatorMenuOption::indicatorDraw()
 .text._ZN19IndicatorMenuOption4drawEv
                0x080009e8       0x14 obj\release\menu.o
                0x080009e8                IndicatorMenuOption::draw()
 .text._ZN19IndicatorMenuOption5setOnEb
                0x080009fc        0x8 obj\release\menu.o
                0x080009fc                IndicatorMenuOption::setOn(bool)
 .text._ZN21ProgressBarMenuOption12progressDrawEv
                0x08000a04       0x7c obj\release\menu.o
                0x08000a04                ProgressBarMenuOption::progressDraw()
 .text._ZN21ProgressBarMenuOption11setProgressEi
                0x08000a80        0x8 obj\release\menu.o
                0x08000a80                ProgressBarMenuOption::setProgress(int)
 .text._ZN21ProgressBarMenuOption9setMinMaxEii
                0x08000a88        0x8 obj\release\menu.o
                0x08000a88                ProgressBarMenuOption::setMinMax(int, int)
 .text._ZN21ProgressBarMenuOption16setProgressColorEt
                0x08000a90        0x8 obj\release\menu.o
                0x08000a90                ProgressBarMenuOption::setProgressColor(unsigned short)
 .text._ZN4Menu15initInputMethodEv
                0x08000a98      0x178 obj\release\menu.o
                0x08000a98                Menu::initInputMethod()
 .text._ZN4Menu14calculateTurnsEv
                0x08000c10       0x80 obj\release\menu.o
                0x08000c10                Menu::calculateTurns()
 .text._ZN4Menu18calculateNiceTurnsEv
                0x08000c90       0x48 obj\release\menu.o
                0x08000c90                Menu::calculateNiceTurns()
 .text._ZN4Menu14clearRightMenuEv
                0x08000cd8       0x28 obj\release\menu.o
                0x08000cd8                Menu::clearRightMenu()
 .text._ZN4Menu10clearTitleEv
                0x08000d00       0x18 obj\release\menu.o
                0x08000d00                Menu::clearTitle()
 .text._ZN4Menu9clearMenuEv
                0x08000d18       0x64 obj\release\menu.o
                0x08000d18                Menu::clearMenu()
 .text._ZN4Menu10clearPopupEv
                0x08000d7c       0x40 obj\release\menu.o
                0x08000d7c                Menu::clearPopup()
 .text._ZN4Menu14displayLoadingEv
                0x08000dbc       0x3c obj\release\menu.o
                0x08000dbc                Menu::displayLoading()
 .text._ZNSt12_Destroy_auxILb0EE9__destroyIP10MenuOptionEEvT_S4_
                0x08000df8       0xfc obj\release\menu.o
                0x08000df8                void std::_Destroy_aux<false>::__destroy<MenuOption*>(MenuOption*, MenuOption*)
 .text._ZN10MenuOptionD2Ev
                0x08000ef4       0x28 obj\release\menu.o
                0x08000ef4                MenuOption::~MenuOption()
                0x08000ef4                MenuOption::~MenuOption()
 .text._ZNSt6vectorI10MenuOptionSaIS0_EED2Ev
                0x08000f1c       0x54 obj\release\menu.o
                0x08000f1c                std::vector<MenuOption, std::allocator<MenuOption> >::~vector()
                0x08000f1c                std::vector<MenuOption, std::allocator<MenuOption> >::~vector()
 .text._ZN10MenuOptionC2EttPKctt
                0x08000f70       0x74 obj\release\menu.o
                0x08000f70                MenuOption::MenuOption(unsigned short, unsigned short, char const*, unsigned short, unsigned short)
                0x08000f70                MenuOption::MenuOption(unsigned short, unsigned short, char const*, unsigned short, unsigned short)
 .text._ZN21ProgressBarMenuOptionC2EttPKctt
                0x08000fe4       0x58 obj\release\menu.o
                0x08000fe4                ProgressBarMenuOption::ProgressBarMenuOption(unsigned short, unsigned short, char const*, unsigned short, unsigned short)
                0x08000fe4                ProgressBarMenuOption::ProgressBarMenuOption(unsigned short, unsigned short, char const*, unsigned short, unsigned short)
 .text._ZN19IndicatorMenuOptionC2EttPKctt
                0x0800103c       0x6c obj\release\menu.o
                0x0800103c                IndicatorMenuOption::IndicatorMenuOption(unsigned short, unsigned short, char const*, unsigned short, unsigned short)
                0x0800103c                IndicatorMenuOption::IndicatorMenuOption(unsigned short, unsigned short, char const*, unsigned short, unsigned short)
 .text.startup._GLOBAL__sub_I__ZN4Menu5turnsE
                0x080010a8       0x28 obj\release\menu.o
 .text.init_TIM4
                0x080010d0       0x40 obj\release\essentials.o
                0x080010d0                init_TIM4
 .text.delay_micro
                0x08001110       0x20 obj\release\essentials.o
                0x08001110                delay_micro
 .text.delay    0x08001130        0xc obj\release\essentials.o
                0x08001130                delay
 .text.millis   0x0800113c       0x1c obj\release\essentials.o
                0x0800113c                millis
 .text.micros   0x08001158        0x8 obj\release\essentials.o
                0x08001158                micros
 .text.init_essentials_time
                0x08001160        0x4 obj\release\essentials.o
                0x08001160                init_essentials_time
 .text.SPI_Transfer
                0x08001164       0x48 obj\release\tm_stm32f4_ili9341.o
                0x08001164                SPI_Transfer
 .text.TM_ILI9341_SendCommand
                0x080011ac       0x34 obj\release\tm_stm32f4_ili9341.o
                0x080011ac                TM_ILI9341_SendCommand
 .text.TM_ILI9341_SendData
                0x080011e0       0x34 obj\release\tm_stm32f4_ili9341.o
                0x080011e0                TM_ILI9341_SendData
 .text.TM_ILI9341_InitLCD
                0x08001214      0x268 obj\release\tm_stm32f4_ili9341.o
                0x08001214                TM_ILI9341_InitLCD
 .text.TM_ILI9341_SetCursorPosition
                0x0800147c       0x4c obj\release\tm_stm32f4_ili9341.o
                0x0800147c                TM_ILI9341_SetCursorPosition
 .text.TM_ILI9341_DrawPixel
                0x080014c8       0x24 obj\release\tm_stm32f4_ili9341.o
                0x080014c8                TM_ILI9341_DrawPixel
 .text.TM_ILI9341_Fill
                0x080014ec       0x40 obj\release\tm_stm32f4_ili9341.o
                0x080014ec                TM_ILI9341_Fill
 .text.TM_ILI9341_Init
                0x0800152c      0x14c obj\release\tm_stm32f4_ili9341.o
                0x0800152c                TM_ILI9341_Init
 .text.TM_ILI9341_Rotate
                0x08001678       0x64 obj\release\tm_stm32f4_ili9341.o
                0x08001678                TM_ILI9341_Rotate
 .text.TM_ILI9341_Putc
                0x080016dc       0xac obj\release\tm_stm32f4_ili9341.o
                0x080016dc                TM_ILI9341_Putc
 .text.TM_ILI9341_Puts
                0x08001788       0x84 obj\release\tm_stm32f4_ili9341.o
                0x08001788                TM_ILI9341_Puts
 .text.TM_ILI9341_DrawLine
                0x0800180c      0x114 obj\release\tm_stm32f4_ili9341.o
                0x0800180c                TM_ILI9341_DrawLine
 .text.TM_ILI9341_DrawRectangle
                0x08001920       0x4c obj\release\tm_stm32f4_ili9341.o
                0x08001920                TM_ILI9341_DrawRectangle
 .text.TM_ILI9341_DrawFilledRectangle
                0x0800196c       0x34 obj\release\tm_stm32f4_ili9341.o
                0x0800196c                TM_ILI9341_DrawFilledRectangle
 .text.TM_ILI9341_DrawCircle
                0x080019a0      0x144 obj\release\tm_stm32f4_ili9341.o
                0x080019a0                TM_ILI9341_DrawCircle
 .text.TM_ILI9341_DrawFilledCircle
                0x08001ae4      0x124 obj\release\tm_stm32f4_ili9341.o
                0x08001ae4                TM_ILI9341_DrawFilledCircle
 .text.TM_ILI9341_DrawFilledBrokenCircle
                0x08001c08       0xac obj\release\tm_stm32f4_ili9341.o
                0x08001c08                TM_ILI9341_DrawFilledBrokenCircle
 .text.vListInitialise
                0x08001cb4       0x18 obj\release\list.o
                0x08001cb4                vListInitialise
 .text.vListInitialiseItem
                0x08001ccc        0x8 obj\release\list.o
                0x08001ccc                vListInitialiseItem
 .text.vListInsertEnd
                0x08001cd4       0x18 obj\release\list.o
                0x08001cd4                vListInsertEnd
 .text.vListInsert
                0x08001cec       0x34 obj\release\list.o
                0x08001cec                vListInsert
 .text.uxListRemove
                0x08001d20       0x24 obj\release\list.o
                0x08001d20                uxListRemove
 .text.prvPortStartFirstTask
                0x08001d44       0x14 obj\release\port.o
 .text.vPortEnableVFP
                0x08001d58       0x14 obj\release\port.o
 .text.pxPortInitialiseStack
                0x08001d6c       0x20 obj\release\port.o
                0x08001d6c                pxPortInitialiseStack
 .text.SVC_Handler
                0x08001d8c       0x1c obj\release\port.o
                0x08001d8c                SVC_Handler
 .text.vPortYield
                0x08001da8       0x18 obj\release\port.o
                0x08001da8                vPortYield
 .text.ulPortSetInterruptMask
                0x08001dc0       0x10 obj\release\port.o
                0x08001dc0                ulPortSetInterruptMask
 .text.vPortEnterCritical
                0x08001dd0       0x20 obj\release\port.o
                0x08001dd0                vPortEnterCritical
 .text.vPortClearInterruptMask
                0x08001df0        0x8 obj\release\port.o
                0x08001df0                vPortClearInterruptMask
 .text.vPortExitCritical
                0x08001df8       0x14 obj\release\port.o
                0x08001df8                vPortExitCritical
 .text.PendSV_Handler
                0x08001e0c       0x50 obj\release\port.o
                0x08001e0c                PendSV_Handler
 .text.SysTick_Handler
                0x08001e5c       0x24 obj\release\port.o
                0x08001e5c                SysTick_Handler
 .text.vPortSetupTimerInterrupt
                0x08001e80       0x34 obj\release\port.o
                0x08001e80                vPortSetupTimerInterrupt
 .text.xPortStartScheduler
                0x08001eb4       0xb8 obj\release\port.o
                0x08001eb4                xPortStartScheduler
 .text.vPortValidateInterruptPriority
                0x08001f6c       0x48 obj\release\port.o
                0x08001f6c                vPortValidateInterruptPriority
 .text.pvPortMalloc
                0x08001fb4       0xbc obj\release\heap_2.o
                0x08001fb4                pvPortMalloc
 .text.vPortFree
                0x08002070       0x44 obj\release\heap_2.o
                0x08002070                vPortFree
 .text.prvUnlockQueue
                0x080020b4       0x84 obj\release\queue.o
 .text.prvCopyDataFromQueue
                0x08002138       0x28 obj\release\queue.o
 .text.prvCopyDataToQueue
                0x08002160       0x6c obj\release\queue.o
 .text.xQueueGenericReset
                0x080021cc       0x68 obj\release\queue.o
                0x080021cc                xQueueGenericReset
 .text.xQueueGenericCreate
                0x08002234       0x44 obj\release\queue.o
                0x08002234                xQueueGenericCreate
 .text.xQueueGenericSend
                0x08002278      0x128 obj\release\queue.o
                0x08002278                xQueueGenericSend
 .text.xQueueGenericSendFromISR
                0x080023a0       0x9c obj\release\queue.o
                0x080023a0                xQueueGenericSendFromISR
 .text.xQueueGenericReceive
                0x0800243c      0x148 obj\release\queue.o
                0x0800243c                xQueueGenericReceive
 .text.vQueueWaitForMessageRestricted
                0x08002584       0x40 obj\release\queue.o
                0x08002584                vQueueWaitForMessageRestricted
 .text.prvAddCurrentTaskToDelayedList
                0x080025c4       0x50 obj\release\tasks.o
 .text.xTaskGenericCreate
                0x08002614      0x1d0 obj\release\tasks.o
                0x08002614                xTaskGenericCreate
 .text.vTaskStartScheduler
                0x080027e4       0x5c obj\release\tasks.o
                0x080027e4                vTaskStartScheduler
 .text.vTaskSuspendAll
                0x08002840       0x10 obj\release\tasks.o
                0x08002840                vTaskSuspendAll
 .text.xTaskGetTickCount
                0x08002850       0x18 obj\release\tasks.o
                0x08002850                xTaskGetTickCount
 .text.uxTaskGetNumberOfTasks
                0x08002868        0xc obj\release\tasks.o
                0x08002868                uxTaskGetNumberOfTasks
 .text.xTaskIncrementTick
                0x08002874      0x144 obj\release\tasks.o
                0x08002874                xTaskIncrementTick
 .text.xTaskResumeAll
                0x080029b8       0xe4 obj\release\tasks.o
                0x080029b8                xTaskResumeAll
 .text.prvIdleTask
                0x08002a9c       0x8c obj\release\tasks.o
 .text.vTaskDelay
                0x08002b28       0x40 obj\release\tasks.o
                0x08002b28                vTaskDelay
 .text.vTaskSwitchContext
                0x08002b68       0x80 obj\release\tasks.o
                0x08002b68                vTaskSwitchContext
 .text.vTaskPlaceOnEventList
                0x08002be8       0x4c obj\release\tasks.o
                0x08002be8                vTaskPlaceOnEventList
 .text.vTaskPlaceOnEventListRestricted
                0x08002c34       0x34 obj\release\tasks.o
                0x08002c34                vTaskPlaceOnEventListRestricted
 .text.xTaskRemoveFromEventList
                0x08002c68       0x74 obj\release\tasks.o
                0x08002c68                xTaskRemoveFromEventList
 .text.vTaskSetTimeOutState
                0x08002cdc       0x20 obj\release\tasks.o
                0x08002cdc                vTaskSetTimeOutState
 .text.xTaskCheckForTimeOut
                0x08002cfc       0x60 obj\release\tasks.o
                0x08002cfc                xTaskCheckForTimeOut
 .text.vTaskMissedYield
                0x08002d5c       0x10 obj\release\tasks.o
                0x08002d5c                vTaskMissedYield
 .text.xTaskGetCurrentTaskHandle
                0x08002d6c        0xc obj\release\tasks.o
                0x08002d6c                xTaskGetCurrentTaskHandle
 .text.xTaskGetSchedulerState
                0x08002d78       0x1c obj\release\tasks.o
                0x08002d78                xTaskGetSchedulerState
 .text.vTaskPriorityInherit
                0x08002d94       0x6c obj\release\tasks.o
                0x08002d94                vTaskPriorityInherit
 .text.vTaskPriorityDisinherit
                0x08002e00       0x48 obj\release\tasks.o
                0x08002e00                vTaskPriorityDisinherit
 .text.prvCheckForValidListAndQueue
                0x08002e48       0x50 obj\release\timers.o
 .text.prvInsertTimerInActiveList
                0x08002e98       0x4c obj\release\timers.o
 .text.xTimerCreateTimerTask
                0x08002ee4       0x40 obj\release\timers.o
                0x08002ee4                xTimerCreateTimerTask
 .text.xTimerGenericCommand
                0x08002f24       0x50 obj\release\timers.o
                0x08002f24                xTimerGenericCommand
 .text.prvSwitchTimerLists.isra.1
                0x08002f74       0x80 obj\release\timers.o
 .text.prvTimerTask
                0x08002ff4      0x168 obj\release\timers.o
 .text._ZN14RemoteReceiver4initEtPFvmjE
                0x0800315c       0xa4 obj\release\remotereceiver.o
                0x0800315c                RemoteReceiver::init(unsigned short, void (*)(unsigned long, unsigned int))
 .text._ZN14RemoteReceiver6enableEv
                0x08003200       0x1c obj\release\remotereceiver.o
                0x08003200                RemoteReceiver::enable()
 .text._ZN14RemoteReceiver7disableEv
                0x0800321c       0x10 obj\release\remotereceiver.o
                0x0800321c                RemoteReceiver::disable()
 .text._ZN14RemoteReceiver16interruptHandlerEv
                0x0800322c      0x204 obj\release\remotereceiver.o
                0x0800322c                RemoteReceiver::interruptHandler()
 .text._ZN17RemoteTransmitter8initGPIOEv
                0x08003430       0x38 obj\release\remotetransmitter.o
                0x08003430                RemoteTransmitter::initGPIO()
 .text._ZN17RemoteTransmitter8sendCodeEmjt
                0x08003468      0x1a0 obj\release\remotetransmitter.o
                0x08003468                RemoteTransmitter::sendCode(unsigned long, unsigned int, unsigned short)
 .text._ZN17RemoteTransmitter12sendTelegramEm
                0x08003608       0x1c obj\release\remotetransmitter.o
                0x08003608                RemoteTransmitter::sendTelegram(unsigned long)
 .text._ZN15KaKuTransmitterC2Ejt
                0x08003624       0x10 obj\release\remotetransmitter.o
                0x08003624                KaKuTransmitter::KaKuTransmitter(unsigned int, unsigned short)
                0x08003624                KaKuTransmitter::KaKuTransmitter(unsigned int, unsigned short)
 .text._ZN15KaKuTransmitter11getTelegramEctb
                0x08003634       0x80 obj\release\remotetransmitter.o
                0x08003634                KaKuTransmitter::getTelegram(char, unsigned short, bool)
 .text._ZN15KaKuTransmitter10sendSignalEctb
                0x080036b4       0x10 obj\release\remotetransmitter.o
                0x080036b4                KaKuTransmitter::sendSignal(char, unsigned short, bool)
 .text.NVIC_Init
                0x080036c4       0x80 obj\release\misc.o
                0x080036c4                NVIC_Init
 .text.ADC_DeInit
                0x08003744       0x1c obj\release\stm32f4xx_adc.o
                0x08003744                ADC_DeInit
 .text.ADC_Init
                0x08003760       0x50 obj\release\stm32f4xx_adc.o
                0x08003760                ADC_Init
 .text.ADC_CommonInit
                0x080037b0       0x2c obj\release\stm32f4xx_adc.o
                0x080037b0                ADC_CommonInit
 .text.ADC_Cmd  0x080037dc       0x14 obj\release\stm32f4xx_adc.o
                0x080037dc                ADC_Cmd
 .text.ADC_TempSensorVrefintCmd
                0x080037f0       0x1c obj\release\stm32f4xx_adc.o
                0x080037f0                ADC_TempSensorVrefintCmd
 .text.ADC_RegularChannelConfig
                0x0800380c       0xa0 obj\release\stm32f4xx_adc.o
                0x0800380c                ADC_RegularChannelConfig
 .text.ADC_SoftwareStartConv
                0x080038ac        0xc obj\release\stm32f4xx_adc.o
                0x080038ac                ADC_SoftwareStartConv
 .text.ADC_GetConversionValue
                0x080038b8        0x8 obj\release\stm32f4xx_adc.o
                0x080038b8                ADC_GetConversionValue
 .text.ADC_GetFlagStatus
                0x080038c0        0xc obj\release\stm32f4xx_adc.o
                0x080038c0                ADC_GetFlagStatus
 .text.EXTI_Init
                0x080038cc       0x8c obj\release\stm32f4xx_exti.o
                0x080038cc                EXTI_Init
 .text.EXTI_GetITStatus
                0x08003958       0x20 obj\release\stm32f4xx_exti.o
                0x08003958                EXTI_GetITStatus
 .text.EXTI_ClearITPendingBit
                0x08003978        0xc obj\release\stm32f4xx_exti.o
                0x08003978                EXTI_ClearITPendingBit
 .text.FLASH_Unlock
                0x08003984       0x24 obj\release\stm32f4xx_flash.o
                0x08003984                FLASH_Unlock
 .text.FLASH_Lock
                0x080039a8       0x14 obj\release\stm32f4xx_flash.o
                0x080039a8                FLASH_Lock
 .text.FLASH_ClearFlag
                0x080039bc        0xc obj\release\stm32f4xx_flash.o
                0x080039bc                FLASH_ClearFlag
 .text.FLASH_GetStatus
                0x080039c8       0x38 obj\release\stm32f4xx_flash.o
                0x080039c8                FLASH_GetStatus
 .text.FLASH_WaitForLastOperation
                0x08003a00       0x24 obj\release\stm32f4xx_flash.o
                0x08003a00                FLASH_WaitForLastOperation
 .text.FLASH_ProgramByte
                0x08003a24       0x3c obj\release\stm32f4xx_flash.o
                0x08003a24                FLASH_ProgramByte
 .text.FLASH_ProgramWord
                0x08003a60       0x40 obj\release\stm32f4xx_flash.o
                0x08003a60                FLASH_ProgramWord
 .text.FLASH_EraseSector
                0x08003aa0       0x70 obj\release\stm32f4xx_flash.o
                0x08003aa0                FLASH_EraseSector
 .text.GPIO_Init
                0x08003b10       0xb8 obj\release\stm32f4xx_gpio.o
                0x08003b10                GPIO_Init
 .text.GPIO_SetBits
                0x08003bc8        0x4 obj\release\stm32f4xx_gpio.o
                0x08003bc8                GPIO_SetBits
 .text.GPIO_ResetBits
                0x08003bcc        0x4 obj\release\stm32f4xx_gpio.o
                0x08003bcc                GPIO_ResetBits
 .text.GPIO_PinAFConfig
                0x08003bd0       0x30 obj\release\stm32f4xx_gpio.o
                0x08003bd0                GPIO_PinAFConfig
 .text.PWR_BackupAccessCmd
                0x08003c00        0xc obj\release\stm32f4xx_pwr.o
                0x08003c00                PWR_BackupAccessCmd
 .text.RCC_LSEConfig
                0x08003c0c       0x20 obj\release\stm32f4xx_rcc.o
                0x08003c0c                RCC_LSEConfig
 .text.RCC_GetClocksFreq
                0x08003c2c       0xb0 obj\release\stm32f4xx_rcc.o
                0x08003c2c                RCC_GetClocksFreq
 .text.RCC_RTCCLKConfig
                0x08003cdc       0x38 obj\release\stm32f4xx_rcc.o
                0x08003cdc                RCC_RTCCLKConfig
 .text.RCC_RTCCLKCmd
                0x08003d14        0xc obj\release\stm32f4xx_rcc.o
                0x08003d14                RCC_RTCCLKCmd
 .text.RCC_BackupResetCmd
                0x08003d20        0xc obj\release\stm32f4xx_rcc.o
                0x08003d20                RCC_BackupResetCmd
 .text.RCC_AHB1PeriphClockCmd
                0x08003d2c       0x1c obj\release\stm32f4xx_rcc.o
                0x08003d2c                RCC_AHB1PeriphClockCmd
 .text.RCC_APB1PeriphClockCmd
                0x08003d48       0x1c obj\release\stm32f4xx_rcc.o
                0x08003d48                RCC_APB1PeriphClockCmd
 .text.RCC_APB2PeriphClockCmd
                0x08003d64       0x1c obj\release\stm32f4xx_rcc.o
                0x08003d64                RCC_APB2PeriphClockCmd
 .text.RCC_APB1PeriphResetCmd
                0x08003d80       0x1c obj\release\stm32f4xx_rcc.o
                0x08003d80                RCC_APB1PeriphResetCmd
 .text.RCC_APB2PeriphResetCmd
                0x08003d9c       0x1c obj\release\stm32f4xx_rcc.o
                0x08003d9c                RCC_APB2PeriphResetCmd
 .text.RCC_GetFlagStatus
                0x08003db8       0x30 obj\release\stm32f4xx_rcc.o
                0x08003db8                RCC_GetFlagStatus
 .text.RTC_StructInit
                0x08003de8        0xc obj\release\stm32f4xx_rtc.o
                0x08003de8                RTC_StructInit
 .text.RTC_WriteProtectionCmd
                0x08003df4       0x1c obj\release\stm32f4xx_rtc.o
                0x08003df4                RTC_WriteProtectionCmd
 .text.RTC_EnterInitMode
                0x08003e10       0x48 obj\release\stm32f4xx_rtc.o
                0x08003e10                RTC_EnterInitMode
 .text.RTC_Init
                0x08003e58       0x50 obj\release\stm32f4xx_rtc.o
                0x08003e58                RTC_Init
 .text.RTC_WaitForSynchro
                0x08003ea8       0x4c obj\release\stm32f4xx_rtc.o
                0x08003ea8                RTC_WaitForSynchro
 .text.RTC_SetTime
                0x08003ef4       0xe8 obj\release\stm32f4xx_rtc.o
                0x08003ef4                RTC_SetTime
 .text.RTC_GetTime
                0x08003fdc       0x64 obj\release\stm32f4xx_rtc.o
                0x08003fdc                RTC_GetTime
 .text.RTC_SetDate
                0x08004040       0xd0 obj\release\stm32f4xx_rtc.o
                0x08004040                RTC_SetDate
 .text.RTC_GetDate
                0x08004110       0x60 obj\release\stm32f4xx_rtc.o
                0x08004110                RTC_GetDate
 .text.RTC_SetAlarm
                0x08004170      0x10c obj\release\stm32f4xx_rtc.o
                0x08004170                RTC_SetAlarm
 .text.RTC_AlarmCmd
                0x0800427c       0x68 obj\release\stm32f4xx_rtc.o
                0x0800427c                RTC_AlarmCmd
 .text.RTC_ITConfig
                0x080042e4       0x4c obj\release\stm32f4xx_rtc.o
                0x080042e4                RTC_ITConfig
 .text.RTC_GetITStatus
                0x08004330       0x34 obj\release\stm32f4xx_rtc.o
                0x08004330                RTC_GetITStatus
 .text.RTC_ClearITPendingBit
                0x08004364       0x20 obj\release\stm32f4xx_rtc.o
                0x08004364                RTC_ClearITPendingBit
 .text.SPI_I2S_DeInit
                0x08004384       0x70 obj\release\stm32f4xx_spi.o
                0x08004384                SPI_I2S_DeInit
 .text.SPI_Init
                0x080043f4       0x50 obj\release\stm32f4xx_spi.o
                0x080043f4                SPI_Init
 .text.SPI_Cmd  0x08004444       0x1c obj\release\stm32f4xx_spi.o
                0x08004444                SPI_Cmd
 .text.SPI_I2S_ReceiveData
                0x08004460        0x8 obj\release\stm32f4xx_spi.o
                0x08004460                SPI_I2S_ReceiveData
 .text.SPI_I2S_SendData
                0x08004468        0x4 obj\release\stm32f4xx_spi.o
                0x08004468                SPI_I2S_SendData
 .text.SPI_I2S_GetFlagStatus
                0x0800446c        0xc obj\release\stm32f4xx_spi.o
                0x0800446c                SPI_I2S_GetFlagStatus
 .text.SYSCFG_EXTILineConfig
                0x08004478       0x38 obj\release\stm32f4xx_syscfg.o
                0x08004478                SYSCFG_EXTILineConfig
 .text.TIM_TimeBaseInit
                0x080044b0       0x98 obj\release\stm32f4xx_tim.o
                0x080044b0                TIM_TimeBaseInit
 .text.TIM_SetCounter
                0x08004548        0x4 obj\release\stm32f4xx_tim.o
                0x08004548                TIM_SetCounter
 .text.TIM_GetCounter
                0x0800454c        0x4 obj\release\stm32f4xx_tim.o
                0x0800454c                TIM_GetCounter
 .text.TIM_Cmd  0x08004550       0x1c obj\release\stm32f4xx_tim.o
                0x08004550                TIM_Cmd
 .text.TIM_OC1Init
                0x0800456c       0x90 obj\release\stm32f4xx_tim.o
                0x0800456c                TIM_OC1Init
 .text.TIM_OC2Init
                0x080045fc       0x9c obj\release\stm32f4xx_tim.o
                0x080045fc                TIM_OC2Init
 .text.TIM_OC3Init
                0x08004698       0x98 obj\release\stm32f4xx_tim.o
                0x08004698                TIM_OC3Init
 .text.TIM_OC4Init
                0x08004730       0x74 obj\release\stm32f4xx_tim.o
                0x08004730                TIM_OC4Init
 .text.TIM_SetCompare1
                0x080047a4        0x4 obj\release\stm32f4xx_tim.o
                0x080047a4                TIM_SetCompare1
 .text.TIM_SetCompare2
                0x080047a8        0x4 obj\release\stm32f4xx_tim.o
                0x080047a8                TIM_SetCompare2
 .text.TIM_SetCompare3
                0x080047ac        0x4 obj\release\stm32f4xx_tim.o
                0x080047ac                TIM_SetCompare3
 .text.TIM_SetCompare4
                0x080047b0        0x4 obj\release\stm32f4xx_tim.o
                0x080047b0                TIM_SetCompare4
 .text.TIM_CCxCmd
                0x080047b4       0x24 obj\release\stm32f4xx_tim.o
                0x080047b4                TIM_CCxCmd
 .text.TIM_EncoderInterfaceConfig
                0x080047d8       0x40 obj\release\stm32f4xx_tim.o
                0x080047d8                TIM_EncoderInterfaceConfig
 .text.USART_Init
                0x08004818       0xd8 obj\release\stm32f4xx_usart.o
                0x08004818                USART_Init
 .text.USART_Cmd
                0x080048f0       0x1c obj\release\stm32f4xx_usart.o
                0x080048f0                USART_Cmd
 .text.USART_SendData
                0x0800490c        0x8 obj\release\stm32f4xx_usart.o
                0x0800490c                USART_SendData
 .text.USART_ReceiveData
                0x08004914        0x8 obj\release\stm32f4xx_usart.o
                0x08004914                USART_ReceiveData
 .text.USART_ITConfig
                0x0800491c       0x38 obj\release\stm32f4xx_usart.o
                0x0800491c                USART_ITConfig
 .text.USART_GetFlagStatus
                0x08004954        0xc obj\release\stm32f4xx_usart.o
                0x08004954                USART_GetFlagStatus
 .text.USART_GetITStatus
                0x08004960       0x4c obj\release\stm32f4xx_usart.o
                0x08004960                USART_GetITStatus
 .text._ZNSt17_Function_handlerIFvvEPS0_E9_M_invokeERKSt9_Any_data
                0x080049ac        0x8 obj\release\main.o
                0x080049ac                std::_Function_handler<void (), void (*)()>::_M_invoke(std::_Any_data const&)
 .text._ZNSt17_Function_handlerIFvvEZ11numberInputP10MenuOptioniiiP5BlindEUlvE_E9_M_invokeERKSt9_Any_data
                0x080049b4      0x160 obj\release\main.o
 .text._ZNSt17_Function_handlerIFvvEZ15displayDropDownPA11_KciP10MenuOptionPciEUlvE_E9_M_invokeERKSt9_Any_data
                0x08004b14      0x200 obj\release\main.o
 .text._ZNSt17_Function_handlerIFvvEZ26displayBlindAdjustmentMenuvEUlvE_E9_M_invokeERKSt9_Any_data
                0x08004d14       0x94 obj\release\main.o
 .text._Z17displayInfoScreenv
                0x08004da8      0x2ac obj\release\main.o
                0x08004da8                displayInfoScreen()
 .text._Z14vTask1FunctionPv
                0x08005054       0x28 obj\release\main.o
                0x08005054                vTask1Function(void*)
 .text._Z14vTask2FunctionPv
                0x0800507c      0x384 obj\release\main.o
                0x0800507c                vTask2Function(void*)
 .text._ZNSt14_Function_base13_Base_managerIPFvvEE10_M_managerERSt9_Any_dataRKS4_St18_Manager_operation
                0x08005400       0x28 obj\release\main.o
                0x08005400                std::_Function_base::_Base_manager<void (*)()>::_M_manager(std::_Any_data&, std::_Any_data const&, std::_Manager_operation)
 .text._Znwj    0x08005428       0x20 obj\release\main.o
                0x08005428                operator new(unsigned int)
 .text._ZNSt8functionIFvvEEC2IZ22drawLightSettingsPopupvEUlvE_EET_NSt9enable_ifIXntsrSt11is_integralIS4_E5valueENS1_8_UselessEE4typeE
                0x08005448       0x54 obj\release\main.o
 .text._ZNSt8functionIFvvEEC2IZ22drawBlindSettingsPopupvEUlvE_EET_NSt9enable_ifIXntsrSt11is_integralIS4_E5valueENS1_8_UselessEE4typeE
                0x0800549c       0x54 obj\release\main.o
 .text._Z17drawRemoteButtonsv
                0x080054f0       0xec obj\release\main.o
                0x080054f0                drawRemoteButtons()
 .text._ZNSt8functionIFvvEEC2IZ10drawLightsvEUlvE_EET_NSt9enable_ifIXntsrSt11is_integralIS4_E5valueENS1_8_UselessEE4typeE
                0x080055dc       0x54 obj\release\main.o
 .text._ZdlPv   0x08005630       0x20 obj\release\main.o
                0x08005630                operator delete(void*)
 .text._ZNSt14_Function_base13_Base_managerIZ17displayActionMenuvEUlvE_E10_M_managerERSt9_Any_dataRKS3_St18_Manager_operation
                0x08005650       0x3c obj\release\main.o
 .text._ZNSt14_Function_base13_Base_managerIZ17displayActionMenuvEUlvE0_E10_M_managerERSt9_Any_dataRKS3_St18_Manager_operation
                0x0800568c       0x40 obj\release\main.o
 .text._ZNSt14_Function_base13_Base_managerIZ17displayActionMenuvEUlvE1_E10_M_managerERSt9_Any_dataRKS3_St18_Manager_operation
                0x080056cc       0x40 obj\release\main.o
 .text._ZNSt14_Function_base13_Base_managerIZ19drawAdjustTempPopupvEUlvE_E10_M_managerERSt9_Any_dataRKS3_St18_Manager_operation
                0x0800570c       0x40 obj\release\main.o
 .text._ZNSt14_Function_base13_Base_managerIZ19drawAdjustTempPopupvEUlvE0_E10_M_managerERSt9_Any_dataRKS3_St18_Manager_operation
                0x0800574c       0x3c obj\release\main.o
 .text._ZNSt14_Function_base13_Base_managerIZ23drawActionSettingsPopupvEUlvE_E10_M_managerERSt9_Any_dataRKS3_St18_Manager_operation
                0x08005788       0x40 obj\release\main.o
 .text._ZNSt14_Function_base13_Base_managerIZ23drawActionSettingsPopupvEUlvE0_E10_M_managerERSt9_Any_dataRKS3_St18_Manager_operation
                0x080057c8       0x40 obj\release\main.o
 .text._ZNSt14_Function_base13_Base_managerIZ23drawActionSettingsPopupvEUlvE1_E10_M_managerERSt9_Any_dataRKS3_St18_Manager_operation
                0x08005808       0x40 obj\release\main.o
 .text._ZNSt14_Function_base13_Base_managerIZ23drawActionSettingsPopupvEUlvE2_E10_M_managerERSt9_Any_dataRKS3_St18_Manager_operation
                0x08005848       0x40 obj\release\main.o
 .text._ZNSt14_Function_base13_Base_managerIZ23drawActionSettingsPopupvEUlvE3_E10_M_managerERSt9_Any_dataRKS3_St18_Manager_operation
                0x08005888       0x40 obj\release\main.o
 .text._ZNSt14_Function_base13_Base_managerIZ23drawActionSettingsPopupvEUlvE4_E10_M_managerERSt9_Any_dataRKS3_St18_Manager_operation
                0x080058c8       0x40 obj\release\main.o
 .text._ZNSt14_Function_base13_Base_managerIZ23drawActionSettingsPopupvEUlvE5_E10_M_managerERSt9_Any_dataRKS3_St18_Manager_operation
                0x08005908       0x40 obj\release\main.o
 .text._ZNSt14_Function_base13_Base_managerIZ23drawActionSettingsPopupvEUlvE6_E10_M_managerERSt9_Any_dataRKS3_St18_Manager_operation
                0x08005948       0x3c obj\release\main.o
 .text._ZNSt14_Function_base13_Base_managerIZ23displayWifiSettingsMenuvEUlvE_E10_M_managerERSt9_Any_dataRKS3_St18_Manager_operation
                0x08005984       0x3c obj\release\main.o
 .text._ZNSt14_Function_base13_Base_managerIZ22drawServerSettingsMenuvEUlvE_E10_M_managerERSt9_Any_dataRKS3_St18_Manager_operation
                0x080059c0       0x40 obj\release\main.o
 .text._ZNSt14_Function_base13_Base_managerIZ22drawServerSettingsMenuvEUlvE0_E10_M_managerERSt9_Any_dataRKS3_St18_Manager_operation
                0x08005a00       0x40 obj\release\main.o
 .text._ZNSt14_Function_base13_Base_managerIZ22drawServerSettingsMenuvEUlvE1_E10_M_managerERSt9_Any_dataRKS3_St18_Manager_operation
                0x08005a40       0x40 obj\release\main.o
 .text._ZNSt14_Function_base13_Base_managerIZ22drawServerSettingsMenuvEUlvE2_E10_M_managerERSt9_Any_dataRKS3_St18_Manager_operation
                0x08005a80       0x3c obj\release\main.o
 .text._ZNSt14_Function_base13_Base_managerIZ22drawServerSettingsMenuvEUlvE3_E10_M_managerERSt9_Any_dataRKS3_St18_Manager_operation
                0x08005abc       0x3c obj\release\main.o
 .text._ZNSt14_Function_base13_Base_managerIZ22drawConnectToWifiPopupvEUlvE_E10_M_managerERSt9_Any_dataRKS3_St18_Manager_operation
                0x08005af8       0x40 obj\release\main.o
 .text._ZNSt14_Function_base13_Base_managerIZ22drawConnectToWifiPopupvEUlvE0_E10_M_managerERSt9_Any_dataRKS3_St18_Manager_operation
                0x08005b38       0x40 obj\release\main.o
 .text._ZNSt14_Function_base13_Base_managerIZ22drawConnectToWifiPopupvEUlvE1_E10_M_managerERSt9_Any_dataRKS3_St18_Manager_operation
                0x08005b78       0x40 obj\release\main.o
 .text._ZNSt14_Function_base13_Base_managerIZ22drawConnectToWifiPopupvEUlvE2_E10_M_managerERSt9_Any_dataRKS3_St18_Manager_operation
                0x08005bb8       0x3c obj\release\main.o
 .text._ZNSt14_Function_base13_Base_managerIZ22drawConnectToWifiPopupvEUlvE3_E10_M_managerERSt9_Any_dataRKS3_St18_Manager_operation
                0x08005bf4       0x3c obj\release\main.o
 .text._ZNSt14_Function_base13_Base_managerIZ22drawLightSettingsPopupvEUlvE_E10_M_managerERSt9_Any_dataRKS3_St18_Manager_operation
                0x08005c30       0x4c obj\release\main.o
 .text._ZNSt14_Function_base13_Base_managerIZ15drawAddNewLightvEUlvE_E10_M_managerERSt9_Any_dataRKS3_St18_Manager_operation
                0x08005c7c       0x40 obj\release\main.o
 .text._ZNSt14_Function_base13_Base_managerIZ15drawAddNewLightvEUlvE0_E10_M_managerERSt9_Any_dataRKS3_St18_Manager_operation
                0x08005cbc       0x40 obj\release\main.o
 .text._ZNSt14_Function_base13_Base_managerIZ15drawAddNewLightvEUlvE1_E10_M_managerERSt9_Any_dataRKS3_St18_Manager_operation
                0x08005cfc       0x40 obj\release\main.o
 .text._ZNSt14_Function_base13_Base_managerIZ15drawAddNewLightvEUlvE2_E10_M_managerERSt9_Any_dataRKS3_St18_Manager_operation
                0x08005d3c       0x40 obj\release\main.o
 .text._ZNSt14_Function_base13_Base_managerIZ15drawAddNewLightvEUlvE3_E10_M_managerERSt9_Any_dataRKS3_St18_Manager_operation
                0x08005d7c       0x3c obj\release\main.o
 .text._ZNSt14_Function_base13_Base_managerIZ15drawAddNewLightvEUlvE4_E10_M_managerERSt9_Any_dataRKS3_St18_Manager_operation
                0x08005db8       0x3c obj\release\main.o
 .text._ZNSt14_Function_base13_Base_managerIZ22drawBlindSettingsPopupvEUlvE_E10_M_managerERSt9_Any_dataRKS3_St18_Manager_operation
                0x08005df4       0x4c obj\release\main.o
 .text._ZNSt14_Function_base13_Base_managerIZ15drawAddNewBlindvEUlvE_E10_M_managerERSt9_Any_dataRKS3_St18_Manager_operation
                0x08005e40       0x48 obj\release\main.o
 .text._ZNSt14_Function_base13_Base_managerIZ15drawAddNewBlindvEUlvE0_E10_M_managerERSt9_Any_dataRKS3_St18_Manager_operation
                0x08005e88       0x48 obj\release\main.o
 .text._ZNSt14_Function_base13_Base_managerIZ15drawAddNewBlindvEUlvE1_E10_M_managerERSt9_Any_dataRKS3_St18_Manager_operation
                0x08005ed0       0x40 obj\release\main.o
 .text._ZNSt14_Function_base13_Base_managerIZ15drawAddNewBlindvEUlvE2_E10_M_managerERSt9_Any_dataRKS3_St18_Manager_operation
                0x08005f10       0x48 obj\release\main.o
 .text._ZNSt14_Function_base13_Base_managerIZ15drawAddNewBlindvEUlvE3_E10_M_managerERSt9_Any_dataRKS3_St18_Manager_operation
                0x08005f58       0x48 obj\release\main.o
 .text._ZNSt14_Function_base13_Base_managerIZ15drawAddNewBlindvEUlvE4_E10_M_managerERSt9_Any_dataRKS3_St18_Manager_operation
                0x08005fa0       0x48 obj\release\main.o
 .text._ZNSt14_Function_base13_Base_managerIZ15drawAddNewBlindvEUlvE5_E10_M_managerERSt9_Any_dataRKS3_St18_Manager_operation
                0x08005fe8       0x40 obj\release\main.o
 .text._ZNSt14_Function_base13_Base_managerIZ15drawAddNewBlindvEUlvE6_E10_M_managerERSt9_Any_dataRKS3_St18_Manager_operation
                0x08006028       0x40 obj\release\main.o
 .text._ZNSt14_Function_base13_Base_managerIZ17drawRemoteButtonsvEUlvE_E10_M_managerERSt9_Any_dataRKS3_St18_Manager_operation
                0x08006068       0x3c obj\release\main.o
 .text._ZNSt14_Function_base13_Base_managerIZ15displayDropDownPA11_KciP10MenuOptionPciEUlvE_E10_M_managerERSt9_Any_dataRKS9_St18_Manager_operation
                0x080060a4       0x48 obj\release\main.o
 .text._ZNSt14_Function_base13_Base_managerIZ10RTC_configvEUlvE_E10_M_managerERSt9_Any_dataRKS3_St18_Manager_operation
                0x080060ec       0x40 obj\release\main.o
 .text._ZNSt14_Function_base13_Base_managerIZ10RTC_configvEUlvE0_E10_M_managerERSt9_Any_dataRKS3_St18_Manager_operation
                0x0800612c       0x40 obj\release\main.o
 .text._ZNSt14_Function_base13_Base_managerIZ10RTC_configvEUlvE1_E10_M_managerERSt9_Any_dataRKS3_St18_Manager_operation
                0x0800616c       0x40 obj\release\main.o
 .text._ZNSt14_Function_base13_Base_managerIZ10RTC_configvEUlvE2_E10_M_managerERSt9_Any_dataRKS3_St18_Manager_operation
                0x080061ac       0x40 obj\release\main.o
 .text._ZNSt14_Function_base13_Base_managerIZ10RTC_configvEUlvE3_E10_M_managerERSt9_Any_dataRKS3_St18_Manager_operation
                0x080061ec       0x40 obj\release\main.o
 .text._ZNSt14_Function_base13_Base_managerIZ10RTC_configvEUlvE4_E10_M_managerERSt9_Any_dataRKS3_St18_Manager_operation
                0x0800622c       0x40 obj\release\main.o
 .text._ZNSt14_Function_base13_Base_managerIZ10RTC_configvEUlvE5_E10_M_managerERSt9_Any_dataRKS3_St18_Manager_operation
                0x0800626c       0x3c obj\release\main.o
 .text._ZNSt14_Function_base13_Base_managerIZ11numberInputP10MenuOptioniiiP5BlindEUlvE_E10_M_managerERSt9_Any_dataRKS7_St18_Manager_operation
                0x080062a8       0x48 obj\release\main.o
 .text._ZNSt14_Function_base13_Base_managerIZ26displayBlindAdjustmentMenuvEUlvE_E10_M_managerERSt9_Any_dataRKS3_St18_Manager_operation
                0x080062f0       0x48 obj\release\main.o
 .text._ZNSt14_Function_base13_Base_managerIZ10drawLightsvEUlvE_E10_M_managerERSt9_Any_dataRKS3_St18_Manager_operation
                0x08006338       0x4c obj\release\main.o
 .text._ZNSt6vectorIP5LightSaIS1_EED2Ev
                0x08006384       0x10 obj\release\main.o
                0x08006384                std::vector<Light*, std::allocator<Light*> >::~vector()
                0x08006384                std::vector<Light*, std::allocator<Light*> >::~vector()
 .text._ZNSt6vectorIP12RemoteButtonSaIS1_EED2Ev
                0x08006394       0x10 obj\release\main.o
                0x08006394                std::vector<RemoteButton*, std::allocator<RemoteButton*> >::~vector()
                0x08006394                std::vector<RemoteButton*, std::allocator<RemoteButton*> >::~vector()
 .text._ZNSt6vectorIP10MenuOptionSaIS1_EED2Ev
                0x080063a4       0x10 obj\release\main.o
                0x080063a4                std::vector<MenuOption*, std::allocator<MenuOption*> >::~vector()
                0x080063a4                std::vector<MenuOption*, std::allocator<MenuOption*> >::~vector()
 .text._Z26displayBlindAdjustmentMenuv
                0x080063b4       0xbc obj\release\main.o
                0x080063b4                displayBlindAdjustmentMenu()
 .text._ZNSt6vectorIP5BlindSaIS1_EED2Ev
                0x08006470       0x10 obj\release\main.o
                0x08006470                std::vector<Blind*, std::allocator<Blind*> >::~vector()
                0x08006470                std::vector<Blind*, std::allocator<Blind*> >::~vector()
 .text._ZNSt6vectorIS_IP10MenuOptionSaIS1_EESaIS3_EED2Ev
                0x08006480       0x2c obj\release\main.o
                0x08006480                std::vector<std::vector<MenuOption*, std::allocator<MenuOption*> >, std::allocator<std::vector<MenuOption*, std::allocator<MenuOption*> > > >::~vector()
                0x08006480                std::vector<std::vector<MenuOption*, std::allocator<MenuOption*> >, std::allocator<std::vector<MenuOption*, std::allocator<MenuOption*> > > >::~vector()
 .text.USART1_IRQHandler
                0x080064ac       0x50 obj\release\main.o
                0x080064ac                USART1_IRQHandler
 .text.USART2_IRQHandler
                0x080064fc       0x50 obj\release\main.o
                0x080064fc                USART2_IRQHandler
 .text.EXTI1_IRQHandler
                0x0800654c       0x30 obj\release\main.o
                0x0800654c                EXTI1_IRQHandler
 .text.EXTI9_5_IRQHandler
                0x0800657c       0x24 obj\release\main.o
                0x0800657c                EXTI9_5_IRQHandler
 .text.RTC_Alarm_IRQHandler
                0x080065a0       0x68 obj\release\main.o
                0x080065a0                RTC_Alarm_IRQHandler
 .text._Z18save_data_to_flashv
                0x08006608      0x3a8 obj\release\main.o
                0x08006608                save_data_to_flash()
 .text._ZNSt17_Function_handlerIFvvEZ17displayActionMenuvEUlvE0_E9_M_invokeERKSt9_Any_data
                0x080069b0       0x28 obj\release\main.o
 .text._ZNSt17_Function_handlerIFvvEZ17displayActionMenuvEUlvE1_E9_M_invokeERKSt9_Any_data
                0x080069d8       0x28 obj\release\main.o
 .text._ZNSt17_Function_handlerIFvvEZ17drawRemoteButtonsvEUlvE_E9_M_invokeERKSt9_Any_data
                0x08006a00      0x2f0 obj\release\main.o
 .text._Z14sendWifiUsart1Pc
                0x08006cf0       0x40 obj\release\main.o
                0x08006cf0                sendWifiUsart1(char*)
 .text._Z13GPIO_LED_initv
                0x08006d30       0x44 obj\release\main.o
                0x08006d30                GPIO_LED_init()
 .text._Z18LCD_backlight_initv
                0x08006d74       0x44 obj\release\main.o
                0x08006d74                LCD_backlight_init()
 .text._Z15clearTextBufferi
                0x08006db8       0x80 obj\release\main.o
                0x08006db8                clearTextBuffer(int)
 .text._Z17printWebPageStartPc
                0x08006e38       0x10 obj\release\main.o
                0x08006e38                printWebPageStart(char*)
 .text._Z15printWebPageEndPc
                0x08006e48       0x28 obj\release\main.o
                0x08006e48                printWebPageEnd(char*)
 .text._Z21printWebErrorResponsePcS_i
                0x08006e70       0xc0 obj\release\main.o
                0x08006e70                printWebErrorResponse(char*, char*, int)
 .text._Z5task3Pv
                0x08006f30      0x920 obj\release\main.o
                0x08006f30                task3(void*)
 .text._Z11init_USART1v
                0x08007850       0xb0 obj\release\main.o
                0x08007850                init_USART1()
 .text._Z11init_USART2v
                0x08007900       0xb8 obj\release\main.o
                0x08007900                init_USART2()
 .text._Z10initWifiESv
                0x080079b8       0x44 obj\release\main.o
                0x080079b8                initWifiES()
 .text._Z17setWifiServerPortib
                0x080079fc       0x44 obj\release\main.o
                0x080079fc                setWifiServerPort(int, bool)
 .text._Z18setWifiBasicConfigb
                0x08007a40       0x88 obj\release\main.o
                0x08007a40                setWifiBasicConfig(bool)
 .text._ZNSt17_Function_handlerIFvvEZ23displayWifiSettingsMenuvEUlvE_E9_M_invokeERKSt9_Any_data
                0x08007ac8      0x1ac obj\release\main.o
 .text._Z13wifiConnectToPcS_i
                0x08007c74       0xa8 obj\release\main.o
                0x08007c74                wifiConnectTo(char*, char*, int)
 .text._Z7initRTCb
                0x08007d1c       0x60 obj\release\main.o
                0x08007d1c                initRTC(bool)
 .text._Z11numberInputP10MenuOptioniiiP5Blind
                0x08007d7c       0x9c obj\release\main.o
                0x08007d7c                numberInput(MenuOption*, int, int, int, Blind*)
 .text._ZNSt17_Function_handlerIFvvEZ19drawAdjustTempPopupvEUlvE_E9_M_invokeERKSt9_Any_data
                0x08007e18       0x18 obj\release\main.o
 .text._ZNSt17_Function_handlerIFvvEZ23drawActionSettingsPopupvEUlvE_E9_M_invokeERKSt9_Any_data
                0x08007e30       0x18 obj\release\main.o
 .text._ZNSt17_Function_handlerIFvvEZ23drawActionSettingsPopupvEUlvE0_E9_M_invokeERKSt9_Any_data
                0x08007e48       0x18 obj\release\main.o
 .text._ZNSt17_Function_handlerIFvvEZ23drawActionSettingsPopupvEUlvE2_E9_M_invokeERKSt9_Any_data
                0x08007e60       0x18 obj\release\main.o
 .text._ZNSt17_Function_handlerIFvvEZ23drawActionSettingsPopupvEUlvE3_E9_M_invokeERKSt9_Any_data
                0x08007e78       0x18 obj\release\main.o
 .text._ZNSt17_Function_handlerIFvvEZ15drawAddNewBlindvEUlvE2_E9_M_invokeERKSt9_Any_data
                0x08007e90       0x48 obj\release\main.o
 .text._ZNSt17_Function_handlerIFvvEZ15drawAddNewBlindvEUlvE3_E9_M_invokeERKSt9_Any_data
                0x08007ed8       0x48 obj\release\main.o
 .text._ZNSt17_Function_handlerIFvvEZ15drawAddNewBlindvEUlvE4_E9_M_invokeERKSt9_Any_data
                0x08007f20       0x48 obj\release\main.o
 .text._ZNSt17_Function_handlerIFvvEZ10RTC_configvEUlvE_E9_M_invokeERKSt9_Any_data
                0x08007f68       0x18 obj\release\main.o
 .text._ZNSt17_Function_handlerIFvvEZ10RTC_configvEUlvE0_E9_M_invokeERKSt9_Any_data
                0x08007f80       0x18 obj\release\main.o
 .text._ZNSt17_Function_handlerIFvvEZ10RTC_configvEUlvE1_E9_M_invokeERKSt9_Any_data
                0x08007f98       0x18 obj\release\main.o
 .text._ZNSt17_Function_handlerIFvvEZ10RTC_configvEUlvE2_E9_M_invokeERKSt9_Any_data
                0x08007fb0       0x1c obj\release\main.o
 .text._ZNSt17_Function_handlerIFvvEZ10RTC_configvEUlvE3_E9_M_invokeERKSt9_Any_data
                0x08007fcc       0x1c obj\release\main.o
 .text._ZNSt17_Function_handlerIFvvEZ10RTC_configvEUlvE4_E9_M_invokeERKSt9_Any_data
                0x08007fe8       0x20 obj\release\main.o
 .text._Z13keyboardPopupbbi
                0x08008008      0x3c4 obj\release\main.o
                0x08008008                keyboardPopup(bool, bool, int)
 .text._ZNSt17_Function_handlerIFvvEZ22drawServerSettingsMenuvEUlvE_E9_M_invokeERKSt9_Any_data
                0x080083cc       0x4c obj\release\main.o
 .text._ZNSt17_Function_handlerIFvvEZ22drawServerSettingsMenuvEUlvE0_E9_M_invokeERKSt9_Any_data
                0x08008418       0x4c obj\release\main.o
 .text._ZNSt17_Function_handlerIFvvEZ22drawServerSettingsMenuvEUlvE1_E9_M_invokeERKSt9_Any_data
                0x08008464       0x4c obj\release\main.o
 .text._ZNSt17_Function_handlerIFvvEZ22drawConnectToWifiPopupvEUlvE_E9_M_invokeERKSt9_Any_data
                0x080084b0       0x4c obj\release\main.o
 .text._ZNSt17_Function_handlerIFvvEZ22drawConnectToWifiPopupvEUlvE1_E9_M_invokeERKSt9_Any_data
                0x080084fc       0x4c obj\release\main.o
 .text._ZNSt17_Function_handlerIFvvEZ15drawAddNewLightvEUlvE2_E9_M_invokeERKSt9_Any_data
                0x08008548       0x4c obj\release\main.o
 .text._ZNSt17_Function_handlerIFvvEZ15drawAddNewBlindvEUlvE1_E9_M_invokeERKSt9_Any_data
                0x08008594       0x4c obj\release\main.o
 .text._Z15displayDropDownPA11_KciP10MenuOptionPci
                0x080085e0       0x9c obj\release\main.o
                0x080085e0                displayDropDown(char const (*) [11], int, MenuOption*, char*, int)
 .text._ZNSt17_Function_handlerIFvvEZ23drawActionSettingsPopupvEUlvE1_E9_M_invokeERKSt9_Any_data
                0x0800867c       0x34 obj\release\main.o
 .text._ZNSt17_Function_handlerIFvvEZ23drawActionSettingsPopupvEUlvE4_E9_M_invokeERKSt9_Any_data
                0x080086b0       0x34 obj\release\main.o
 .text._ZNSt17_Function_handlerIFvvEZ22drawConnectToWifiPopupvEUlvE0_E9_M_invokeERKSt9_Any_data
                0x080086e4       0x30 obj\release\main.o
 .text._ZNSt17_Function_handlerIFvvEZ15drawAddNewLightvEUlvE_E9_M_invokeERKSt9_Any_data
                0x08008714       0x30 obj\release\main.o
 .text._ZNSt17_Function_handlerIFvvEZ15drawAddNewLightvEUlvE0_E9_M_invokeERKSt9_Any_data
                0x08008744       0x34 obj\release\main.o
 .text._ZNSt17_Function_handlerIFvvEZ15drawAddNewLightvEUlvE1_E9_M_invokeERKSt9_Any_data
                0x08008778       0x34 obj\release\main.o
 .text._ZNSt17_Function_handlerIFvvEZ15drawAddNewBlindvEUlvE_E9_M_invokeERKSt9_Any_data
                0x080087ac       0x50 obj\release\main.o
 .text._ZNSt17_Function_handlerIFvvEZ15drawAddNewBlindvEUlvE0_E9_M_invokeERKSt9_Any_data
                0x080087fc       0x50 obj\release\main.o
 .text._Z13setAutoBlindsv
                0x0800884c      0x100 obj\release\main.o
                0x0800884c                setAutoBlinds()
 .text._Z11remoteEventm
                0x0800894c       0x20 obj\release\main.o
                0x0800894c                remoteEvent(unsigned long)
 .text._Z13remoteEventRFmj
                0x0800896c        0x4 obj\release\main.o
                0x0800896c                remoteEventRF(unsigned long, unsigned int)
 .text.EXTI15_10_IRQHandler
                0x08008970       0x70 obj\release\main.o
                0x08008970                EXTI15_10_IRQHandler
 .text._ZNSt6vectorIP10MenuOptionSaIS1_EEaSERKS3_
                0x080089e0       0xcc obj\release\main.o
                0x080089e0                std::vector<MenuOption*, std::allocator<MenuOption*> >::operator=(std::vector<MenuOption*, std::allocator<MenuOption*> > const&)
 .text._ZNSt6vectorIP10MenuOptionSaIS1_EE5eraseEN9__gnu_cxx17__normal_iteratorIPS1_S3_EE
                0x08008aac       0x28 obj\release\main.o
                0x08008aac                std::vector<MenuOption*, std::allocator<MenuOption*> >::erase(__gnu_cxx::__normal_iterator<MenuOption**, std::vector<MenuOption*, std::allocator<MenuOption*> > >)
 .text._ZNSt6vectorIP5LightSaIS1_EE19_M_emplace_back_auxIIRKS1_EEEvDpOT_
                0x08008ad4       0x70 obj\release\main.o
                0x08008ad4                void std::vector<Light*, std::allocator<Light*> >::_M_emplace_back_aux<Light* const&>(Light* const&)
                0x08008ad4                void std::vector<Light*, std::allocator<Light*> >::_M_emplace_back_aux<Light* const&>(Light* const&)
 .text._ZNSt6vectorIP5BlindSaIS1_EE19_M_emplace_back_auxIIRKS1_EEEvDpOT_
                0x08008b44       0x70 obj\release\main.o
                0x08008b44                void std::vector<Blind*, std::allocator<Blind*> >::_M_emplace_back_aux<Blind* const&>(Blind* const&)
                0x08008b44                void std::vector<Blind*, std::allocator<Blind*> >::_M_emplace_back_aux<Blind* const&>(Blind* const&)
 .text._ZNSt6vectorIP12RemoteButtonSaIS1_EE19_M_emplace_back_auxIIRKS1_EEEvDpOT_
                0x08008bb4       0x70 obj\release\main.o
                0x08008bb4                void std::vector<RemoteButton*, std::allocator<RemoteButton*> >::_M_emplace_back_aux<RemoteButton* const&>(RemoteButton* const&)
                0x08008bb4                void std::vector<RemoteButton*, std::allocator<RemoteButton*> >::_M_emplace_back_aux<RemoteButton* const&>(RemoteButton* const&)
 .text._Z13loadFromFlashv
                0x08008c24      0x2f0 obj\release\main.o
                0x08008c24                loadFromFlash()
 .text._ZNSt17_Function_handlerIFvvEZ23drawActionSettingsPopupvEUlvE5_E9_M_invokeERKSt9_Any_data
                0x08008f14       0xb8 obj\release\main.o
 .text._ZNSt6vectorIP10MenuOptionSaIS1_EE19_M_emplace_back_auxIIRKS1_EEEvDpOT_
                0x08008fcc       0x70 obj\release\main.o
                0x08008fcc                void std::vector<MenuOption*, std::allocator<MenuOption*> >::_M_emplace_back_aux<MenuOption* const&>(MenuOption* const&)
                0x08008fcc                void std::vector<MenuOption*, std::allocator<MenuOption*> >::_M_emplace_back_aux<MenuOption* const&>(MenuOption* const&)
 .text._ZNSt6vectorIP10MenuOptionSaIS1_EE9push_backERKS1_
                0x0800903c       0x24 obj\release\main.o
                0x0800903c                std::vector<MenuOption*, std::allocator<MenuOption*> >::push_back(MenuOption* const&)
 .text.startup.main
                0x08009060      0x3d4 obj\release\main.o
                0x08009060                main
 .text._Z15menuCheckerTaskPv
                0x08009434      0x1c8 obj\release\main.o
                0x08009434                menuCheckerTask(void*)
 .text._ZNSt6vectorIS_IP10MenuOptionSaIS1_EESaIS3_EE19_M_emplace_back_auxIIRKS3_EEEvDpOT_
                0x080095fc      0x1b4 obj\release\main.o
                0x080095fc                void std::vector<std::vector<MenuOption*, std::allocator<MenuOption*> >, std::allocator<std::vector<MenuOption*, std::allocator<MenuOption*> > > >::_M_emplace_back_aux<std::vector<MenuOption*, std::allocator<MenuOption*> > const&>(std::vector<MenuOption*, std::allocator<MenuOption*> > const&)
                0x080095fc                void std::vector<std::vector<MenuOption*, std::allocator<MenuOption*> >, std::allocator<std::vector<MenuOption*, std::allocator<MenuOption*> > > >::_M_emplace_back_aux<std::vector<MenuOption*, std::allocator<MenuOption*> > const&>(std::vector<MenuOption*, std::allocator<MenuOption*> > const&)
 .text._Z19displaySettingsMenuv
                0x080097b0      0x524 obj\release\main.o
                0x080097b0                displaySettingsMenu()
 .text._Z15drawAddNewBlindv
                0x08009cd4      0x66c obj\release\main.o
                0x08009cd4                drawAddNewBlind()
 .text._Z10drawLightsv
                0x0800a340      0x2f4 obj\release\main.o
                0x0800a340                drawLights()
 .text._Z17drawBlindSettingsv
                0x0800a634      0x340 obj\release\main.o
                0x0800a634                drawBlindSettings()
 .text._Z22drawBlindSettingsPopupv
                0x0800a974      0x2d0 obj\release\main.o
                0x0800a974                drawBlindSettingsPopup()
 .text._Z19drawAdjustTempPopupv
                0x0800ac44      0x284 obj\release\main.o
                0x0800ac44                drawAdjustTempPopup()
 .text._Z10RTC_configv
                0x0800aec8      0x5ec obj\release\main.o
                0x0800aec8                RTC_config()
 .text._Z22drawLightSettingsPopupv
                0x0800b4b4      0x3f0 obj\release\main.o
                0x0800b4b4                drawLightSettingsPopup()
 .text._Z22drawConnectToWifiPopupv
                0x0800b8a4      0x3d0 obj\release\main.o
                0x0800b8a4                drawConnectToWifiPopup()
 .text._Z17drawLightSettingsv
                0x0800bc74      0x344 obj\release\main.o
                0x0800bc74                drawLightSettings()
 .text._Z23drawActionSettingsPopupv
                0x0800bfb8      0x640 obj\release\main.o
                0x0800bfb8                drawActionSettingsPopup()
 .text._Z23displayWifiSettingsMenuv
                0x0800c5f8      0x3d8 obj\release\main.o
                0x0800c5f8                displayWifiSettingsMenu()
 .text._Z22drawServerSettingsMenuv
                0x0800c9d0      0x408 obj\release\main.o
                0x0800c9d0                drawServerSettingsMenu()
 .text._Z18drawWifiStatusMenuv
                0x0800cdd8      0x388 obj\release\main.o
                0x0800cdd8                drawWifiStatusMenu()
 .text._Z15drawAddNewLightv
                0x0800d160      0x470 obj\release\main.o
                0x0800d160                drawAddNewLight()
 .text._ZNSt6vectorIP10MenuOptionSaIS1_EE19_M_emplace_back_auxIIS1_EEEvDpOT_
                0x0800d5d0       0x70 obj\release\main.o
                0x0800d5d0                void std::vector<MenuOption*, std::allocator<MenuOption*> >::_M_emplace_back_aux<MenuOption*>(MenuOption*&&)
                0x0800d5d0                void std::vector<MenuOption*, std::allocator<MenuOption*> >::_M_emplace_back_aux<MenuOption*>(MenuOption*&&)
 .text._ZNSt6vectorIP10MenuOptionSaIS1_EE12emplace_backIIS1_EEEvDpOT_
                0x0800d640       0x24 obj\release\main.o
                0x0800d640                void std::vector<MenuOption*, std::allocator<MenuOption*> >::emplace_back<MenuOption*>(MenuOption*&&)
                0x0800d640                void std::vector<MenuOption*, std::allocator<MenuOption*> >::emplace_back<MenuOption*>(MenuOption*&&)
 .text._Z17displayActionMenuv
                0x0800d664      0x3a8 obj\release\main.o
                0x0800d664                displayActionMenu()
 .text._Z16displayBlindMenuv
                0x0800da0c      0x2a4 obj\release\main.o
                0x0800da0c                displayBlindMenu()
 .text._Z16displayLightMenuv
                0x0800dcb0      0x2a0 obj\release\main.o
                0x0800dcb0                displayLightMenu()
 .text._Z21backMenuButtonHandlerv
                0x0800df50      0x150 obj\release\main.o
                0x0800df50                backMenuButtonHandler()
 .text._ZNSt17_Function_handlerIFvvEZ17displayActionMenuvEUlvE_E9_M_invokeERKSt9_Any_data
                0x0800e0a0       0x4c obj\release\main.o
 .text._ZNSt17_Function_handlerIFvvEZ22drawServerSettingsMenuvEUlvE2_E9_M_invokeERKSt9_Any_data
                0x0800e0ec       0xa0 obj\release\main.o
 .text._ZNSt17_Function_handlerIFvvEZ22drawServerSettingsMenuvEUlvE3_E9_M_invokeERKSt9_Any_data
                0x0800e18c       0x4c obj\release\main.o
 .text._ZNSt17_Function_handlerIFvvEZ22drawConnectToWifiPopupvEUlvE2_E9_M_invokeERKSt9_Any_data
                0x0800e1d8       0x64 obj\release\main.o
 .text._ZNSt17_Function_handlerIFvvEZ22drawConnectToWifiPopupvEUlvE3_E9_M_invokeERKSt9_Any_data
                0x0800e23c       0x4c obj\release\main.o
 .text._ZNSt17_Function_handlerIFvvEZ15drawAddNewLightvEUlvE4_E9_M_invokeERKSt9_Any_data
                0x0800e288       0x4c obj\release\main.o
 .text._ZNSt17_Function_handlerIFvvEZ15drawAddNewBlindvEUlvE6_E9_M_invokeERKSt9_Any_data
                0x0800e2d4       0x54 obj\release\main.o
 .text._ZNSt17_Function_handlerIFvvEZ15drawAddNewBlindvEUlvE5_E9_M_invokeERKSt9_Any_data
                0x0800e328      0x100 obj\release\main.o
 .text._ZNSt17_Function_handlerIFvvEZ15drawAddNewLightvEUlvE3_E9_M_invokeERKSt9_Any_data
                0x0800e428       0xfc obj\release\main.o
 .text._ZNSt17_Function_handlerIFvvEZ10drawLightsvEUlvE_E9_M_invokeERKSt9_Any_data
                0x0800e524      0x220 obj\release\main.o
 .text._ZNSt17_Function_handlerIFvvEZ22drawBlindSettingsPopupvEUlvE_E9_M_invokeERKSt9_Any_data
                0x0800e744      0x26c obj\release\main.o
 .text._ZNSt17_Function_handlerIFvvEZ22drawLightSettingsPopupvEUlvE_E9_M_invokeERKSt9_Any_data
                0x0800e9b0      0x288 obj\release\main.o
 .text._ZNSt17_Function_handlerIFvvEZ19drawAdjustTempPopupvEUlvE0_E9_M_invokeERKSt9_Any_data
                0x0800ec38      0x26c obj\release\main.o
 .text._ZNSt17_Function_handlerIFvvEZ23drawActionSettingsPopupvEUlvE6_E9_M_invokeERKSt9_Any_data
                0x0800eea4      0x29c obj\release\main.o
 .text._ZNSt17_Function_handlerIFvvEZ10RTC_configvEUlvE5_E9_M_invokeERKSt9_Any_data
                0x0800f140      0x284 obj\release\main.o
 .text.startup._GLOBAL__sub_I__Znwj
                0x0800f3c4       0xc0 obj\release\main.o
 .text          0x0800f484       0xec obj\release\startup_stm32f4xx.o
                0x0800f484                Reset_Handler
                0x0800f4b8                NMI_Handler
                0x0800f4ba                HardFault_Handler
                0x0800f4bc                MemManage_Handler
                0x0800f4be                BusFault_Handler
                0x0800f4c0                UsageFault_Handler
                0x0800f4c4                DebugMon_Handler
                0x0800f4ca                Default_Handler
                0x0800f4cc                WWDG_IRQHandler
                0x0800f4ce                PVD_IRQHandler
                0x0800f4d0                TAMP_STAMP_IRQHandler
                0x0800f4d2                RTC_WKUP_IRQHandler
                0x0800f4d4                FLASH_IRQHandler
                0x0800f4d6                RCC_IRQHandler
                0x0800f4d8                EXTI0_IRQHandler
                0x0800f4dc                EXTI2_IRQHandler
                0x0800f4de                EXTI3_IRQHandler
                0x0800f4e0                EXTI4_IRQHandler
                0x0800f4e2                DMA1_Stream0_IRQHandler
                0x0800f4e4                DMA1_Stream1_IRQHandler
                0x0800f4e6                DMA1_Stream2_IRQHandler
                0x0800f4e8                DMA1_Stream3_IRQHandler
                0x0800f4ea                DMA1_Stream4_IRQHandler
                0x0800f4ec                DMA1_Stream5_IRQHandler
                0x0800f4ee                DMA1_Stream6_IRQHandler
                0x0800f4f0                ADC_IRQHandler
                0x0800f4f2                CAN1_TX_IRQHandler
                0x0800f4f4                CAN1_RX0_IRQHandler
                0x0800f4f6                CAN1_RX1_IRQHandler
                0x0800f4f8                CAN1_SCE_IRQHandler
                0x0800f4fc                TIM1_BRK_TIM9_IRQHandler
                0x0800f4fe                TIM1_UP_TIM10_IRQHandler
                0x0800f500                TIM1_TRG_COM_TIM11_IRQHandler
                0x0800f502                TIM1_CC_IRQHandler
                0x0800f504                TIM2_IRQHandler
                0x0800f506                TIM3_IRQHandler
                0x0800f508                TIM4_IRQHandler
                0x0800f50a                I2C1_EV_IRQHandler
                0x0800f50c                I2C1_ER_IRQHandler
                0x0800f50e                I2C2_EV_IRQHandler
                0x0800f510                I2C2_ER_IRQHandler
                0x0800f512                SPI1_IRQHandler
                0x0800f514                SPI2_IRQHandler
                0x0800f51a                USART3_IRQHandler
                0x0800f520                OTG_FS_WKUP_IRQHandler
                0x0800f522                TIM8_BRK_TIM12_IRQHandler
                0x0800f524                TIM8_UP_TIM13_IRQHandler
                0x0800f526                TIM8_TRG_COM_TIM14_IRQHandler
                0x0800f528                TIM8_CC_IRQHandler
                0x0800f52a                DMA1_Stream7_IRQHandler
                0x0800f52c                FSMC_IRQHandler
                0x0800f52e                SDIO_IRQHandler
                0x0800f530                TIM5_IRQHandler
                0x0800f532                SPI3_IRQHandler
                0x0800f534                UART4_IRQHandler
                0x0800f536                UART5_IRQHandler
                0x0800f538                TIM6_DAC_IRQHandler
                0x0800f53a                TIM7_IRQHandler
                0x0800f53c                DMA2_Stream0_IRQHandler
                0x0800f53e                DMA2_Stream1_IRQHandler
                0x0800f540                DMA2_Stream2_IRQHandler
                0x0800f542                DMA2_Stream3_IRQHandler
                0x0800f544                DMA2_Stream4_IRQHandler
                0x0800f546                ETH_IRQHandler
                0x0800f548                ETH_WKUP_IRQHandler
                0x0800f54a                CAN2_TX_IRQHandler
                0x0800f54c                CAN2_RX0_IRQHandler
                0x0800f54e                CAN2_RX1_IRQHandler
                0x0800f550                CAN2_SCE_IRQHandler
                0x0800f552                OTG_FS_IRQHandler
                0x0800f554                DMA2_Stream5_IRQHandler
                0x0800f556                DMA2_Stream6_IRQHandler
                0x0800f558                DMA2_Stream7_IRQHandler
                0x0800f55a                USART6_IRQHandler
                0x0800f55c                I2C3_EV_IRQHandler
                0x0800f55e                I2C3_ER_IRQHandler
                0x0800f560                OTG_HS_EP1_OUT_IRQHandler
                0x0800f562                OTG_HS_EP1_IN_IRQHandler
                0x0800f564                OTG_HS_WKUP_IRQHandler
                0x0800f566                OTG_HS_IRQHandler
                0x0800f568                DCMI_IRQHandler
                0x0800f56a                CRYP_IRQHandler
                0x0800f56c                HASH_RNG_IRQHandler
                0x0800f56e                FPU_IRQHandler
 .text.SystemInit
                0x0800f570      0x128 obj\release\system_stm32f4xx.o
                0x0800f570                SystemInit
 .text._ZNK10__cxxabiv119__pointer_type_info14__is_pointer_pEv
                0x0800f698        0x4 c:/program files (x86)/emblocks/2.00/share/em_armgcc/bin/../lib/gcc/arm-none-eabi/4.7.3/../../../../arm-none-eabi/lib/armv7e-m/fpu\libstdc++_n.a(pointer_type_info.o)
                0x0800f698                __cxxabiv1::__pointer_type_info::__is_pointer_p() const
 .text._ZN10__cxxabiv119__pointer_type_infoD2Ev
                0x0800f69c       0x14 c:/program files (x86)/emblocks/2.00/share/em_armgcc/bin/../lib/gcc/arm-none-eabi/4.7.3/../../../../arm-none-eabi/lib/armv7e-m/fpu\libstdc++_n.a(pointer_type_info.o)
                0x0800f69c                __cxxabiv1::__pointer_type_info::~__pointer_type_info()
                0x0800f69c                __cxxabiv1::__pointer_type_info::~__pointer_type_info()
 .text._ZN10__cxxabiv119__pointer_type_infoD0Ev
                0x0800f6b0       0x12 c:/program files (x86)/emblocks/2.00/share/em_armgcc/bin/../lib/gcc/arm-none-eabi/4.7.3/../../../../arm-none-eabi/lib/armv7e-m/fpu\libstdc++_n.a(pointer_type_info.o)
                0x0800f6b0                __cxxabiv1::__pointer_type_info::~__pointer_type_info()
 *fill*         0x0800f6c2        0x2 
 .text._ZNK10__cxxabiv119__pointer_type_info15__pointer_catchEPKNS_17__pbase_type_infoEPPvj
                0x0800f6c4       0x3c c:/program files (x86)/emblocks/2.00/share/em_armgcc/bin/../lib/gcc/arm-none-eabi/4.7.3/../../../../arm-none-eabi/lib/armv7e-m/fpu\libstdc++_n.a(pointer_type_info.o)
                0x0800f6c4                __cxxabiv1::__pointer_type_info::__pointer_catch(__cxxabiv1::__pbase_type_info const*, void**, unsigned int) const
 .text._ZNK10__cxxabiv117__class_type_info11__do_upcastEPKS0_PPv
                0x0800f700       0x36 c:/program files (x86)/emblocks/2.00/share/em_armgcc/bin/../lib/gcc/arm-none-eabi/4.7.3/../../../../arm-none-eabi/lib/armv7e-m/fpu\libstdc++_n.a(class_type_info.o)
                0x0800f700                __cxxabiv1::__class_type_info::__do_upcast(__cxxabiv1::__class_type_info const*, void**) const
 .text._ZNK10__cxxabiv117__class_type_info20__do_find_public_srcEiPKvPKS0_S2_
                0x0800f736        0xc c:/program files (x86)/emblocks/2.00/share/em_armgcc/bin/../lib/gcc/arm-none-eabi/4.7.3/../../../../arm-none-eabi/lib/armv7e-m/fpu\libstdc++_n.a(class_type_info.o)
                0x0800f736                __cxxabiv1::__class_type_info::__do_find_public_src(int, void const*, __cxxabiv1::__class_type_info const*, void const*) const
 .text._ZNK10__cxxabiv117__class_type_info11__do_upcastEPKS0_PKvRNS0_15__upcast_resultE
                0x0800f742       0x1a c:/program files (x86)/emblocks/2.00/share/em_armgcc/bin/../lib/gcc/arm-none-eabi/4.7.3/../../../../arm-none-eabi/lib/armv7e-m/fpu\libstdc++_n.a(class_type_info.o)
                0x0800f742                __cxxabiv1::__class_type_info::__do_upcast(__cxxabiv1::__class_type_info const*, void const*, __cxxabiv1::__class_type_info::__upcast_result&) const
 .text._ZN10__cxxabiv117__class_type_infoD2Ev
                0x0800f75c       0x14 c:/program files (x86)/emblocks/2.00/share/em_armgcc/bin/../lib/gcc/arm-none-eabi/4.7.3/../../../../arm-none-eabi/lib/armv7e-m/fpu\libstdc++_n.a(class_type_info.o)
                0x0800f75c                __cxxabiv1::__class_type_info::~__class_type_info()
                0x0800f75c                __cxxabiv1::__class_type_info::~__class_type_info()
 .text._ZN10__cxxabiv117__class_type_infoD0Ev
                0x0800f770       0x12 c:/program files (x86)/emblocks/2.00/share/em_armgcc/bin/../lib/gcc/arm-none-eabi/4.7.3/../../../../arm-none-eabi/lib/armv7e-m/fpu\libstdc++_n.a(class_type_info.o)
                0x0800f770                __cxxabiv1::__class_type_info::~__class_type_info()
 .text._ZNK10__cxxabiv117__class_type_info12__do_dyncastEiNS0_10__sub_kindEPKS0_PKvS3_S5_RNS0_16__dyncast_resultE
                0x0800f782       0x3e c:/program files (x86)/emblocks/2.00/share/em_armgcc/bin/../lib/gcc/arm-none-eabi/4.7.3/../../../../arm-none-eabi/lib/armv7e-m/fpu\libstdc++_n.a(class_type_info.o)
                0x0800f782                __cxxabiv1::__class_type_info::__do_dyncast(int, __cxxabiv1::__class_type_info::__sub_kind, __cxxabiv1::__class_type_info const*, void const*, __cxxabiv1::__class_type_info const*, void const*, __cxxabiv1::__class_type_info::__dyncast_result&) const
 .text._ZNK10__cxxabiv117__class_type_info10__do_catchEPKSt9type_infoPPvj
                0x0800f7c0       0x26 c:/program files (x86)/emblocks/2.00/share/em_armgcc/bin/../lib/gcc/arm-none-eabi/4.7.3/../../../../arm-none-eabi/lib/armv7e-m/fpu\libstdc++_n.a(class_type_info.o)
                0x0800f7c0                __cxxabiv1::__class_type_info::__do_catch(std::type_info const*, void**, unsigned int) const
 .text.__aeabi_atexit
                0x0800f7e6        0xa c:/program files (x86)/emblocks/2.00/share/em_armgcc/bin/../lib/gcc/arm-none-eabi/4.7.3/../../../../arm-none-eabi/lib/armv7e-m/fpu\libstdc++_n.a(atexit_arm.o)
                0x0800f7e6                __aeabi_atexit
 .text.__cxa_end_cleanup
                0x0800f7f0        0xc c:/program files (x86)/emblocks/2.00/share/em_armgcc/bin/../lib/gcc/arm-none-eabi/4.7.3/../../../../arm-none-eabi/lib/armv7e-m/fpu\libstdc++_n.a(eh_arm.o)
                0x0800f7f0                __cxa_end_cleanup
 .text._ZN10__cxxabiv1L24__is_gxx_exception_classEPc
                0x0800f7fc       0x3a c:/program files (x86)/emblocks/2.00/share/em_armgcc/bin/../lib/gcc/arm-none-eabi/4.7.3/../../../../arm-none-eabi/lib/armv7e-m/fpu\libstdc++_n.a(eh_arm.o)
 *fill*         0x0800f836        0x2 
 .text.__cxa_type_match
                0x0800f838       0xc0 c:/program files (x86)/emblocks/2.00/share/em_armgcc/bin/../lib/gcc/arm-none-eabi/4.7.3/../../../../arm-none-eabi/lib/armv7e-m/fpu\libstdc++_n.a(eh_arm.o)
                0x0800f838                __cxa_type_match
 .text.__cxa_begin_cleanup
                0x0800f8f8       0x3a c:/program files (x86)/emblocks/2.00/share/em_armgcc/bin/../lib/gcc/arm-none-eabi/4.7.3/../../../../arm-none-eabi/lib/armv7e-m/fpu\libstdc++_n.a(eh_arm.o)
                0x0800f8f8                __cxa_begin_cleanup
 .text.__gnu_end_cleanup
                0x0800f932       0x32 c:/program files (x86)/emblocks/2.00/share/em_armgcc/bin/../lib/gcc/arm-none-eabi/4.7.3/../../../../arm-none-eabi/lib/armv7e-m/fpu\libstdc++_n.a(eh_arm.o)
                0x0800f932                __gnu_end_cleanup
 .text._ZN10__cxxabiv111__terminateEPFvvE
                0x0800f964        0x8 c:/program files (x86)/emblocks/2.00/share/em_armgcc/bin/../lib/gcc/arm-none-eabi/4.7.3/../../../../arm-none-eabi/lib/armv7e-m/fpu\libstdc++_n.a(eh_terminate.o)
                0x0800f964                __cxxabiv1::__terminate(void (*)())
 .text._ZSt9terminatev
                0x0800f96c       0x10 c:/program files (x86)/emblocks/2.00/share/em_armgcc/bin/../lib/gcc/arm-none-eabi/4.7.3/../../../../arm-none-eabi/lib/armv7e-m/fpu\libstdc++_n.a(eh_terminate.o)
                0x0800f96c                std::terminate()
 .text._ZN10__cxxabiv112__unexpectedEPFvvE
                0x0800f97c        0x8 c:/program files (x86)/emblocks/2.00/share/em_armgcc/bin/../lib/gcc/arm-none-eabi/4.7.3/../../../../arm-none-eabi/lib/armv7e-m/fpu\libstdc++_n.a(eh_terminate.o)
                0x0800f97c                __cxxabiv1::__unexpected(void (*)())
 .text._ZSt10unexpectedv
                0x0800f984       0x10 c:/program files (x86)/emblocks/2.00/share/em_armgcc/bin/../lib/gcc/arm-none-eabi/4.7.3/../../../../arm-none-eabi/lib/armv7e-m/fpu\libstdc++_n.a(eh_terminate.o)
                0x0800f984                std::unexpected()
 .text._ZN10__cxxabiv1L24__is_gxx_exception_classEPc
                0x0800f994       0x3a c:/program files (x86)/emblocks/2.00/share/em_armgcc/bin/../lib/gcc/arm-none-eabi/4.7.3/../../../../arm-none-eabi/lib/armv7e-m/fpu\libstdc++_n.a(eh_catch.o)
 .text.__cxa_begin_catch
                0x0800f9ce       0x50 c:/program files (x86)/emblocks/2.00/share/em_armgcc/bin/../lib/gcc/arm-none-eabi/4.7.3/../../../../arm-none-eabi/lib/armv7e-m/fpu\libstdc++_n.a(eh_catch.o)
                0x0800f9ce                __cxa_begin_catch
 .text.__cxa_end_catch
                0x0800fa1e       0x4a c:/program files (x86)/emblocks/2.00/share/em_armgcc/bin/../lib/gcc/arm-none-eabi/4.7.3/../../../../arm-none-eabi/lib/armv7e-m/fpu\libstdc++_n.a(eh_catch.o)
                0x0800fa1e                __cxa_end_catch
 .text._ZN10__cxxabiv123__fundamental_type_infoD2Ev
                0x0800fa68       0x14 c:/program files (x86)/emblocks/2.00/share/em_armgcc/bin/../lib/gcc/arm-none-eabi/4.7.3/../../../../arm-none-eabi/lib/armv7e-m/fpu\libstdc++_n.a(fundamental_type_info.o)
                0x0800fa68                __cxxabiv1::__fundamental_type_info::~__fundamental_type_info()
                0x0800fa68                __cxxabiv1::__fundamental_type_info::~__fundamental_type_info()
 .text._ZN10__cxxabiv123__fundamental_type_infoD0Ev
                0x0800fa7c       0x12 c:/program files (x86)/emblocks/2.00/share/em_armgcc/bin/../lib/gcc/arm-none-eabi/4.7.3/../../../../arm-none-eabi/lib/armv7e-m/fpu\libstdc++_n.a(fundamental_type_info.o)
                0x0800fa7c                __cxxabiv1::__fundamental_type_info::~__fundamental_type_info()
 .text._ZNK10__cxxabiv120__si_class_type_info12__do_dyncastEiNS_17__class_type_info10__sub_kindEPKS1_PKvS4_S6_RNS1_16__dyncast_resultE
                0x0800fa8e       0x7c c:/program files (x86)/emblocks/2.00/share/em_armgcc/bin/../lib/gcc/arm-none-eabi/4.7.3/../../../../arm-none-eabi/lib/armv7e-m/fpu\libstdc++_n.a(si_class_type_info.o)
                0x0800fa8e                __cxxabiv1::__si_class_type_info::__do_dyncast(int, __cxxabiv1::__class_type_info::__sub_kind, __cxxabiv1::__class_type_info const*, void const*, __cxxabiv1::__class_type_info const*, void const*, __cxxabiv1::__class_type_info::__dyncast_result&) const
 *fill*         0x0800fb0a        0x2 
 .text._ZN10__cxxabiv120__si_class_type_infoD2Ev
                0x0800fb0c       0x14 c:/program files (x86)/emblocks/2.00/share/em_armgcc/bin/../lib/gcc/arm-none-eabi/4.7.3/../../../../arm-none-eabi/lib/armv7e-m/fpu\libstdc++_n.a(si_class_type_info.o)
                0x0800fb0c                __cxxabiv1::__si_class_type_info::~__si_class_type_info()
                0x0800fb0c                __cxxabiv1::__si_class_type_info::~__si_class_type_info()
 .text._ZN10__cxxabiv120__si_class_type_infoD0Ev
                0x0800fb20       0x12 c:/program files (x86)/emblocks/2.00/share/em_armgcc/bin/../lib/gcc/arm-none-eabi/4.7.3/../../../../arm-none-eabi/lib/armv7e-m/fpu\libstdc++_n.a(si_class_type_info.o)
                0x0800fb20                __cxxabiv1::__si_class_type_info::~__si_class_type_info()
 .text._ZNK10__cxxabiv120__si_class_type_info20__do_find_public_srcEiPKvPKNS_17__class_type_infoES2_
                0x0800fb32       0x32 c:/program files (x86)/emblocks/2.00/share/em_armgcc/bin/../lib/gcc/arm-none-eabi/4.7.3/../../../../arm-none-eabi/lib/armv7e-m/fpu\libstdc++_n.a(si_class_type_info.o)
                0x0800fb32                __cxxabiv1::__si_class_type_info::__do_find_public_src(int, void const*, __cxxabiv1::__class_type_info const*, void const*) const
 .text._ZNK10__cxxabiv120__si_class_type_info11__do_upcastEPKNS_17__class_type_infoEPKvRNS1_15__upcast_resultE
                0x0800fb64       0x24 c:/program files (x86)/emblocks/2.00/share/em_armgcc/bin/../lib/gcc/arm-none-eabi/4.7.3/../../../../arm-none-eabi/lib/armv7e-m/fpu\libstdc++_n.a(si_class_type_info.o)
                0x0800fb64                __cxxabiv1::__si_class_type_info::__do_upcast(__cxxabiv1::__class_type_info const*, void const*, __cxxabiv1::__class_type_info::__upcast_result&) const
 .text._ZNK10__cxxabiv117__pbase_type_info15__pointer_catchEPKS0_PPvj
                0x0800fb88       0x10 c:/program files (x86)/emblocks/2.00/share/em_armgcc/bin/../lib/gcc/arm-none-eabi/4.7.3/../../../../arm-none-eabi/lib/armv7e-m/fpu\libstdc++_n.a(pbase_type_info.o)
                0x0800fb88                __cxxabiv1::__pbase_type_info::__pointer_catch(__cxxabiv1::__pbase_type_info const*, void**, unsigned int) const
 .text._ZN10__cxxabiv117__pbase_type_infoD2Ev
                0x0800fb98       0x14 c:/program files (x86)/emblocks/2.00/share/em_armgcc/bin/../lib/gcc/arm-none-eabi/4.7.3/../../../../arm-none-eabi/lib/armv7e-m/fpu\libstdc++_n.a(pbase_type_info.o)
                0x0800fb98                __cxxabiv1::__pbase_type_info::~__pbase_type_info()
                0x0800fb98                __cxxabiv1::__pbase_type_info::~__pbase_type_info()
 .text._ZN10__cxxabiv117__pbase_type_infoD0Ev
                0x0800fbac       0x12 c:/program files (x86)/emblocks/2.00/share/em_armgcc/bin/../lib/gcc/arm-none-eabi/4.7.3/../../../../arm-none-eabi/lib/armv7e-m/fpu\libstdc++_n.a(pbase_type_info.o)
                0x0800fbac                __cxxabiv1::__pbase_type_info::~__pbase_type_info()
 .text._ZNK10__cxxabiv117__pbase_type_info10__do_catchEPKSt9type_infoPPvj
                0x0800fbbe       0x64 c:/program files (x86)/emblocks/2.00/share/em_armgcc/bin/../lib/gcc/arm-none-eabi/4.7.3/../../../../arm-none-eabi/lib/armv7e-m/fpu\libstdc++_n.a(pbase_type_info.o)
                0x0800fbbe                __cxxabiv1::__pbase_type_info::__do_catch(std::type_info const*, void**, unsigned int) const
 *fill*         0x0800fc22        0x2 
 .text._ZNSt9type_infoD2Ev
                0x0800fc24        0xc c:/program files (x86)/emblocks/2.00/share/em_armgcc/bin/../lib/gcc/arm-none-eabi/4.7.3/../../../../arm-none-eabi/lib/armv7e-m/fpu\libstdc++_n.a(tinfo.o)
                0x0800fc24                std::type_info::~type_info()
                0x0800fc24                std::type_info::~type_info()
 .text._ZNKSt9type_info14__is_pointer_pEv
                0x0800fc30        0x4 c:/program files (x86)/emblocks/2.00/share/em_armgcc/bin/../lib/gcc/arm-none-eabi/4.7.3/../../../../arm-none-eabi/lib/armv7e-m/fpu\libstdc++_n.a(tinfo.o)
                0x0800fc30                std::type_info::__is_pointer_p() const
 .text._ZNKSt9type_info15__is_function_pEv
                0x0800fc34        0x4 c:/program files (x86)/emblocks/2.00/share/em_armgcc/bin/../lib/gcc/arm-none-eabi/4.7.3/../../../../arm-none-eabi/lib/armv7e-m/fpu\libstdc++_n.a(tinfo.o)
                0x0800fc34                std::type_info::__is_function_p() const
 .text._ZNKSt9type_info11__do_upcastEPKN10__cxxabiv117__class_type_infoEPPv
                0x0800fc38        0x4 c:/program files (x86)/emblocks/2.00/share/em_armgcc/bin/../lib/gcc/arm-none-eabi/4.7.3/../../../../arm-none-eabi/lib/armv7e-m/fpu\libstdc++_n.a(tinfo.o)
                0x0800fc38                std::type_info::__do_upcast(__cxxabiv1::__class_type_info const*, void**) const
 .text._ZNSt9type_infoD0Ev
                0x0800fc3c       0x14 c:/program files (x86)/emblocks/2.00/share/em_armgcc/bin/../lib/gcc/arm-none-eabi/4.7.3/../../../../arm-none-eabi/lib/armv7e-m/fpu\libstdc++_n.a(tinfo.o)
                0x0800fc3c                std::type_info::~type_info()
 .text._ZNKSt9type_infoeqERKS_
                0x0800fc50       0x28 c:/program files (x86)/emblocks/2.00/share/em_armgcc/bin/../lib/gcc/arm-none-eabi/4.7.3/../../../../arm-none-eabi/lib/armv7e-m/fpu\libstdc++_n.a(tinfo.o)
                0x0800fc50                std::type_info::operator==(std::type_info const&) const
 .text._ZNKSt9type_info10__do_catchEPKS_PPvj
                0x0800fc78        0x4 c:/program files (x86)/emblocks/2.00/share/em_armgcc/bin/../lib/gcc/arm-none-eabi/4.7.3/../../../../arm-none-eabi/lib/armv7e-m/fpu\libstdc++_n.a(tinfo.o)
                0x0800fc78                std::type_info::__do_catch(std::type_info const*, void**, unsigned int) const
 .text.__cxa_get_globals_fast
                0x0800fc7c        0x8 c:/program files (x86)/emblocks/2.00/share/em_armgcc/bin/../lib/gcc/arm-none-eabi/4.7.3/../../../../arm-none-eabi/lib/armv7e-m/fpu\libstdc++_n.a(eh_globals.o)
                0x0800fc7c                __cxa_get_globals_fast
 .text.__cxa_get_globals
                0x0800fc84        0x8 c:/program files (x86)/emblocks/2.00/share/em_armgcc/bin/../lib/gcc/arm-none-eabi/4.7.3/../../../../arm-none-eabi/lib/armv7e-m/fpu\libstdc++_n.a(eh_globals.o)
                0x0800fc84                __cxa_get_globals
 .text._ZNK10__cxxabiv120__function_type_info15__is_function_pEv
                0x0800fc8c        0x4 c:/program files (x86)/emblocks/2.00/share/em_armgcc/bin/../lib/gcc/arm-none-eabi/4.7.3/../../../../arm-none-eabi/lib/armv7e-m/fpu\libstdc++_n.a(function_type_info.o)
                0x0800fc8c                __cxxabiv1::__function_type_info::__is_function_p() const
 .text._ZN10__cxxabiv120__function_type_infoD2Ev
                0x0800fc90       0x14 c:/program files (x86)/emblocks/2.00/share/em_armgcc/bin/../lib/gcc/arm-none-eabi/4.7.3/../../../../arm-none-eabi/lib/armv7e-m/fpu\libstdc++_n.a(function_type_info.o)
                0x0800fc90                __cxxabiv1::__function_type_info::~__function_type_info()
                0x0800fc90                __cxxabiv1::__function_type_info::~__function_type_info()
 .text._ZN10__cxxabiv120__function_type_infoD0Ev